Archive member included to satisfy reference by file (symbol)

/usr/lib/gcc/arm-none-eabi/14.2.0/../../../../arm-none-eabi/lib/thumb/v8-m.main+fp/softfp/libm.a(libm_a-wf_sqrt.o)
                              CMakeFiles/miniusb_hid.dir/usr/share/pico-sdk/src/rp2_common/pico_float/float_math.c.o (sqrtf)
/usr/lib/gcc/arm-none-eabi/14.2.0/../../../../arm-none-eabi/lib/thumb/v8-m.main+fp/softfp/libm.a(libm_a-ef_sqrt.o)
                              /usr/lib/gcc/arm-none-eabi/14.2.0/../../../../arm-none-eabi/lib/thumb/v8-m.main+fp/softfp/libm.a(libm_a-wf_sqrt.o) (__ieee754_sqrtf)
/usr/lib/gcc/arm-none-eabi/14.2.0/thumb/v8-m.main+fp/softfp/libgcc.a(_arm_addsubdf3.o)
                              CMakeFiles/miniusb_hid.dir/usr/share/pico-sdk/src/rp2_common/pico_float/float_math.c.o (__aeabi_f2d)
/usr/lib/gcc/arm-none-eabi/14.2.0/thumb/v8-m.main+fp/softfp/libgcc.a(_aeabi_ldivmod.o)
                              CMakeFiles/miniusb_hid.dir/usr/share/pico-sdk/src/common/pico_time/time.c.o (__aeabi_ldivmod)
/usr/lib/gcc/arm-none-eabi/14.2.0/thumb/v8-m.main+fp/softfp/libgcc.a(_aeabi_uldivmod.o)
                              CMakeFiles/miniusb_hid.dir/main.c.o (__aeabi_uldivmod)
/usr/lib/gcc/arm-none-eabi/14.2.0/thumb/v8-m.main+fp/softfp/libgcc.a(_udivmoddi4.o)
                              /usr/lib/gcc/arm-none-eabi/14.2.0/thumb/v8-m.main+fp/softfp/libgcc.a(_aeabi_ldivmod.o) (__udivmoddi4)
/usr/lib/gcc/arm-none-eabi/14.2.0/thumb/v8-m.main+fp/softfp/libgcc.a(_dvmd_tls.o)
                              /usr/lib/gcc/arm-none-eabi/14.2.0/thumb/v8-m.main+fp/softfp/libgcc.a(_aeabi_ldivmod.o) (__aeabi_ldiv0)
/usr/lib/gcc/arm-none-eabi/14.2.0/../../../../arm-none-eabi/lib/thumb/v8-m.main+fp/softfp/libg.a(libc_a-atexit.o)
                              /usr/lib/gcc/arm-none-eabi/14.2.0/../../../../arm-none-eabi/lib/thumb/v8-m.main+fp/softfp/crt0.o (atexit)
/usr/lib/gcc/arm-none-eabi/14.2.0/../../../../arm-none-eabi/lib/thumb/v8-m.main+fp/softfp/libg.a(libc_a-calloc.o)
                              CMakeFiles/miniusb_hid.dir/usr/share/pico-sdk/src/rp2_common/pico_malloc/malloc.c.o (calloc)
/usr/lib/gcc/arm-none-eabi/14.2.0/../../../../arm-none-eabi/lib/thumb/v8-m.main+fp/softfp/libg.a(libc_a-callocr.o)
                              /usr/lib/gcc/arm-none-eabi/14.2.0/../../../../arm-none-eabi/lib/thumb/v8-m.main+fp/softfp/libg.a(libc_a-calloc.o) (_calloc_r)
/usr/lib/gcc/arm-none-eabi/14.2.0/../../../../arm-none-eabi/lib/thumb/v8-m.main+fp/softfp/libg.a(libc_a-malloc.o)
                              CMakeFiles/miniusb_hid.dir/usr/share/pico-sdk/src/rp2_common/pico_malloc/malloc.c.o (malloc)
/usr/lib/gcc/arm-none-eabi/14.2.0/../../../../arm-none-eabi/lib/thumb/v8-m.main+fp/softfp/libg.a(libc_a-mallocr.o)
                              /usr/lib/gcc/arm-none-eabi/14.2.0/../../../../arm-none-eabi/lib/thumb/v8-m.main+fp/softfp/libg.a(libc_a-callocr.o) (_malloc_r)
/usr/lib/gcc/arm-none-eabi/14.2.0/../../../../arm-none-eabi/lib/thumb/v8-m.main+fp/softfp/libg.a(libc_a-mlock.o)
                              /usr/lib/gcc/arm-none-eabi/14.2.0/../../../../arm-none-eabi/lib/thumb/v8-m.main+fp/softfp/libg.a(libc_a-mallocr.o) (__malloc_lock)
/usr/lib/gcc/arm-none-eabi/14.2.0/../../../../arm-none-eabi/lib/thumb/v8-m.main+fp/softfp/libg.a(libc_a-realloc.o)
                              CMakeFiles/miniusb_hid.dir/usr/share/pico-sdk/src/rp2_common/pico_malloc/malloc.c.o (realloc)
/usr/lib/gcc/arm-none-eabi/14.2.0/../../../../arm-none-eabi/lib/thumb/v8-m.main+fp/softfp/libg.a(libc_a-reallocr.o)
                              /usr/lib/gcc/arm-none-eabi/14.2.0/../../../../arm-none-eabi/lib/thumb/v8-m.main+fp/softfp/libg.a(libc_a-realloc.o) (_realloc_r)
/usr/lib/gcc/arm-none-eabi/14.2.0/../../../../arm-none-eabi/lib/thumb/v8-m.main+fp/softfp/libg.a(libc_a-memcmp.o)
                              CMakeFiles/miniusb_hid.dir/usr/share/pico-sdk/src/rp2_common/pico_atomic/atomic.c.o (memcmp)
/usr/lib/gcc/arm-none-eabi/14.2.0/../../../../arm-none-eabi/lib/thumb/v8-m.main+fp/softfp/libg.a(libc_a-memmove.o)
                              /usr/lib/gcc/arm-none-eabi/14.2.0/../../../../arm-none-eabi/lib/thumb/v8-m.main+fp/softfp/libg.a(libc_a-reallocr.o) (memmove)
/usr/lib/gcc/arm-none-eabi/14.2.0/../../../../arm-none-eabi/lib/thumb/v8-m.main+fp/softfp/libg.a(libc_a-memset.o)
                              /usr/lib/gcc/arm-none-eabi/14.2.0/../../../../arm-none-eabi/lib/thumb/v8-m.main+fp/softfp/crt0.o (memset)
/usr/lib/gcc/arm-none-eabi/14.2.0/../../../../arm-none-eabi/lib/thumb/v8-m.main+fp/softfp/libg.a(libc_a-lcltime_r.o)
                              CMakeFiles/miniusb_hid.dir/usr/share/pico-sdk/src/common/pico_util/datetime.c.o (localtime_r)
/usr/lib/gcc/arm-none-eabi/14.2.0/../../../../arm-none-eabi/lib/thumb/v8-m.main+fp/softfp/libg.a(libc_a-mktime.o)
                              CMakeFiles/miniusb_hid.dir/usr/share/pico-sdk/src/common/pico_util/datetime.c.o (mktime)
[...]
Memory Configuration

Name             Origin             Length             Attributes
FLASH            0x10000000         0x00400000         xr
RAM              0x20000000         0x00080000         xrw
SCRATCH_X        0x20080000         0x00001000         xrw
SCRATCH_Y        0x20081000         0x00001000         xrw
*default*        0x00000000         0xffffffff

Linker script and memory map

LOAD /usr/lib/gcc/arm-none-eabi/14.2.0/thumb/v8-m.main+fp/softfp/crti.o
LOAD /usr/lib/gcc/arm-none-eabi/14.2.0/thumb/v8-m.main+fp/softfp/crtbegin.o
LOAD /usr/lib/gcc/arm-none-eabi/14.2.0/../../../../arm-none-eabi/lib/thumb/v8-m.main+fp/softfp/crt0.o

.flash_begin    0x10000000        0x0
                0x10000000                        __flash_binary_start = .

.text           0x10000000     0x3bac
                0x10000000                        __logical_binary_start = .
 *(.vectors)
 .vectors       0x10000000      0x124 CMakeFiles/miniusb_hid.dir/usr/share/pico-sdk/src/rp2_common/pico_crt0/crt0.S.o
                0x10000000                __vectors
                0x10000000                __VECTOR_TABLE
                0x10000110                isr_securefault
                0x10000110                isr_irq30
                0x10000110                __unhandled_user_irq
                0x10000110                isr_irq49
                0x10000110                isr_irq13
                0x10000110                isr_irq43
                0x10000110                isr_irq45
                0x10000110                isr_irq27
                0x10000110                isr_irq32
                0x10000110                isr_irq31
                0x10000110                isr_irq5
                0x10000110                isr_irq11
                0x10000110                isr_irq23
                0x10000110                isr_usagefault
                0x10000110                isr_irq48
                0x10000110                isr_irq35
                0x10000110                isr_irq18
                0x10000110                isr_irq50
                0x10000110                isr_irq40
                0x10000110                isr_irq28
                0x10000110                isr_irq19
                0x10000110                isr_irq36
                0x10000110                isr_irq41
                0x10000110                isr_irq0
                0x10000110                isr_irq6
                0x10000110                isr_memmanage
                0x10000110                isr_irq37
                0x10000110                isr_irq42
                0x10000110                isr_irq22
                0x10000110                isr_irq17
                0x10000110                isr_irq38
                0x10000110                isr_irq14
                0x10000110                __vectors_end
                0x10000110                __default_isrs_start
                0x10000110                isr_irq2
                0x10000110                isr_irq10
                0x10000110                isr_irq8
                0x10000110                isr_debugmonitor
                0x10000110                isr_irq24
                0x10000110                isr_irq46
                0x10000110                isr_irq1
                0x10000110                isr_irq47
                0x10000110                isr_irq51
                0x10000110                isr_irq7
                0x10000110                isr_irq21
                0x10000110                isr_irq39
                0x10000110                isr_irq20
                0x10000110                isr_irq15
                0x10000110                isr_irq25
                0x10000110                isr_irq34
                0x10000110                isr_irq4
                0x10000110                isr_busfault
                0x10000110                isr_irq16
                0x10000110                isr_irq44
                0x10000110                isr_irq29
                0x10000110                isr_irq26
                0x10000110                isr_irq33
                0x10000110                isr_irq3
                0x10000110                isr_irq12
                0x10000110                isr_irq9
                0x10000116                unhandled_user_irq_num_in_r0
                0x10000118                isr_invalid
                0x1000011a                isr_nmi
                0x1000011c                isr_hardfault
                0x1000011e                isr_svcall
                0x10000120                isr_pendsv
                0x10000122                isr_systick
                0x10000124                __default_isrs_end
 *(.binary_info_header)
 .binary_info_header
                0x10000124       0x14 CMakeFiles/miniusb_hid.dir/usr/share/pico-sdk/src/rp2_common/pico_crt0/crt0.S.o
                0x10000138                        __binary_info_header_end = .
 *(.embedded_block)
 .embedded_block
                0x10000138       0x14 CMakeFiles/miniusb_hid.dir/usr/share/pico-sdk/src/rp2_common/pico_crt0/crt0.S.o
                0x1000014c                        __embedded_block_end = .
 *(.reset)
 .reset         0x1000014c       0x98 CMakeFiles/miniusb_hid.dir/usr/share/pico-sdk/src/rp2_common/pico_crt0/crt0.S.o
                0x1000014c                _entry_point
 *(.init)
 .init          0x100001e4        0x4 /usr/lib/gcc/arm-none-eabi/14.2.0/thumb/v8-m.main+fp/softfp/crti.o
                0x100001e4                _init
 *libgcc.a:cmse_nonsecure_call.o()
 *(EXCLUDE_FILE(*libm.a: *libc.a:*lib_a-mem*.o *libgcc.a:) .text*)
 .text.frame_dummy
                0x100001e8       0x1c /usr/lib/gcc/arm-none-eabi/14.2.0/thumb/v8-m.main+fp/softfp/crtbegin.o
 .text.led_init
                0x10000204       0x3c CMakeFiles/miniusb_hid.dir/main.c.o
                0x10000204                led_init
 .text.ws2812_init_all
                0x10000240      0x160 CMakeFiles/miniusb_hid.dir/main.c.o
                0x10000240                ws2812_init_all
 .text.startup.main
                0x100003a0      0x15c CMakeFiles/miniusb_hid.dir/main.c.o
                0x100003a0                main
 .text.tud_hid_set_report_cb
                0x100004fc        0x4 CMakeFiles/miniusb_hid.dir/main.c.o
                0x100004fc                tud_hid_set_report_cb
 .text.tud_hid_get_report_cb
                0x10000500        0x4 CMakeFiles/miniusb_hid.dir/main.c.o
                0x10000500                tud_hid_get_report_cb
 .text.tud_descriptor_device_cb
                0x10000504        0x8 CMakeFiles/miniusb_hid.dir/usb_descriptors.c.o
                0x10000504                tud_descriptor_device_cb
 .text.tud_hid_descriptor_report_cb
                0x1000050c        0x8 CMakeFiles/miniusb_hid.dir/usb_descriptors.c.o
                0x1000050c                tud_hid_descriptor_report_cb
 .text.tud_descriptor_configuration_cb
                0x10000514        0x8 CMakeFiles/miniusb_hid.dir/usb_descriptors.c.o
                0x10000514                tud_descriptor_configuration_cb
 .text.tud_descriptor_string_cb
                0x1000051c       0x68 CMakeFiles/miniusb_hid.dir/usb_descriptors.c.o
                0x1000051c                tud_descriptor_string_cb
 .text.gpio_set_function
                0x10000584       0x3c CMakeFiles/miniusb_hid.dir/usr/share/pico-sdk/src/rp2_common/hardware_gpio/gpio.c.o
                0x10000584                gpio_set_function
 .text.gpio_init
                0x100005c0       0x48 CMakeFiles/miniusb_hid.dir/usr/share/pico-sdk/src/rp2_common/hardware_gpio/gpio.c.o
                0x100005c0                gpio_init
 .text.panic    0x10000608       0x30 CMakeFiles/miniusb_hid.dir/usr/share/pico-sdk/src/rp2_common/pico_platform_panic/panic.c.o
                0x10000608                panic
 .text.hw_claim_lock
                0x10000638       0x24 CMakeFiles/miniusb_hid.dir/usr/share/pico-sdk/src/common/hardware_claim/claim.c.o
                0x10000638                hw_claim_lock
 .text.hw_claim_unlock
                0x1000065c       0x14 CMakeFiles/miniusb_hid.dir/usr/share/pico-sdk/src/common/hardware_claim/claim.c.o
                0x1000065c                hw_claim_unlock
 .text.hw_claim_or_assert
                0x10000670       0x58 CMakeFiles/miniusb_hid.dir/usr/share/pico-sdk/src/common/hardware_claim/claim.c.o
                0x10000670                hw_claim_or_assert
 .text.hw_claim_unused_from_range
                0x100006c8       0x80 CMakeFiles/miniusb_hid.dir/usr/share/pico-sdk/src/common/hardware_claim/claim.c.o
                0x100006c8                hw_claim_unused_from_range
 .text.next_striped_spin_lock_num
                0x10000748       0x18 CMakeFiles/miniusb_hid.dir/usr/share/pico-sdk/src/rp2_common/hardware_sync/sync.c.o
                0x10000748                next_striped_spin_lock_num
 .text.spin_lock_claim_unused
                0x10000760       0x20 CMakeFiles/miniusb_hid.dir/usr/share/pico-sdk/src/rp2_common/hardware_sync/sync.c.o
                0x10000760                spin_lock_claim_unused
 .text.spinlock_set_extexclall
                0x10000780       0x10 CMakeFiles/miniusb_hid.dir/usr/share/pico-sdk/src/rp2_common/hardware_sync_spin_lock/sync_spin_lock.c.o
 .text.spin_locks_reset
                0x10000790       0x18 CMakeFiles/miniusb_hid.dir/usr/share/pico-sdk/src/rp2_common/hardware_sync_spin_lock/sync_spin_lock.c.o
                0x10000790                spin_locks_reset
 .text.runtime_init_per_core_irq_priorities
                0x100007a8       0x40 CMakeFiles/miniusb_hid.dir/usr/share/pico-sdk/src/rp2_common/hardware_irq/irq.c.o
                0x100007a8                runtime_init_per_core_irq_priorities
 .text.irq_set_enabled
                0x100007e8       0x2c CMakeFiles/miniusb_hid.dir/usr/share/pico-sdk/src/rp2_common/hardware_irq/irq.c.o
                0x100007e8                irq_set_enabled
 .text.irq_set_exclusive_handler
                0x10000814       0x60 CMakeFiles/miniusb_hid.dir/usr/share/pico-sdk/src/rp2_common/hardware_irq/irq.c.o
                0x10000814                irq_set_exclusive_handler
 .text.irq_add_shared_handler
                0x10000874      0x1e8 CMakeFiles/miniusb_hid.dir/usr/share/pico-sdk/src/rp2_common/hardware_irq/irq.c.o
                0x10000874                irq_add_shared_handler
 .text.irq_remove_handler
                0x10000a5c      0x1f4 CMakeFiles/miniusb_hid.dir/usr/share/pico-sdk/src/rp2_common/hardware_irq/irq.c.o
                0x10000a5c                irq_remove_handler
 .text.irq_add_tail_to_free_list
                0x10000c50       0xbc CMakeFiles/miniusb_hid.dir/usr/share/pico-sdk/src/rp2_common/hardware_irq/irq.c.o
                0x10000c50                irq_add_tail_to_free_list
 .text.lock_init
                0x10000d0c        0xc CMakeFiles/miniusb_hid.dir/usr/share/pico-sdk/src/common/pico_sync/lock_core.c.o
                0x10000d0c                lock_init
 .text.runtime_init_mutex
                0x10000d18       0x4c CMakeFiles/miniusb_hid.dir/usr/share/pico-sdk/src/common/pico_sync/mutex.c.o
                0x10000d18                runtime_init_mutex
 .text.mutex_init
                0x10000d64       0x1c CMakeFiles/miniusb_hid.dir/usr/share/pico-sdk/src/common/pico_sync/mutex.c.o
                0x10000d64                mutex_init
 .text.critical_section_init
                0x10000d80       0x1c CMakeFiles/miniusb_hid.dir/usr/share/pico-sdk/src/common/pico_sync/critical_section.c.o
                0x10000d80                critical_section_init
 .text.sleep_until_callback
                0x10000d9c       0x3c CMakeFiles/miniusb_hid.dir/usr/share/pico-sdk/src/common/pico_time/time.c.o
 .text.alarm_pool_irq_handler
                0x10000dd8      0x2f0 CMakeFiles/miniusb_hid.dir/usr/share/pico-sdk/src/common/pico_time/time.c.o
 .text.runtime_init_default_alarm_pool
                0x100010c8      0x100 CMakeFiles/miniusb_hid.dir/usr/share/pico-sdk/src/common/pico_time/time.c.o
                0x100010c8                runtime_init_default_alarm_pool
 .text.alarm_pool_add_alarm_at_force_in_context
                0x100011c8       0xc8 CMakeFiles/miniusb_hid.dir/usr/share/pico-sdk/src/common/pico_time/time.c.o
                0x100011c8                alarm_pool_add_alarm_at_force_in_context
 .text.alarm_pool_cancel_alarm
                0x10001290       0x80 CMakeFiles/miniusb_hid.dir/usr/share/pico-sdk/src/common/pico_time/time.c.o
                0x10001290                alarm_pool_cancel_alarm
 .text.sleep_ms
                0x10001310       0xdc CMakeFiles/miniusb_hid.dir/usr/share/pico-sdk/src/common/pico_time/time.c.o
                0x10001310                sleep_ms
 .text.best_effort_wfe_or_timeout
                0x100013ec       0xd4 CMakeFiles/miniusb_hid.dir/usr/share/pico-sdk/src/common/pico_time/time.c.o
                0x100013ec                best_effort_wfe_or_timeout
 .text.timer_hardware_alarm_claim
                0x100014c0       0x24 CMakeFiles/miniusb_hid.dir/usr/share/pico-sdk/src/rp2_common/hardware_timer/timer.c.o
                0x100014c0                timer_hardware_alarm_claim
 .text.timer_time_us_64
                0x100014e4       0x10 CMakeFiles/miniusb_hid.dir/usr/share/pico-sdk/src/rp2_common/hardware_timer/timer.c.o
                0x100014e4                timer_time_us_64
 .text.time_us_64
                0x100014f4       0x14 CMakeFiles/miniusb_hid.dir/usr/share/pico-sdk/src/rp2_common/hardware_timer/timer.c.o
                0x100014f4                time_us_64
 .text.busy_wait_us
                0x10001508       0x5c CMakeFiles/miniusb_hid.dir/usr/share/pico-sdk/src/rp2_common/hardware_timer/timer.c.o
                0x10001508                busy_wait_us
 .text.busy_wait_until
                0x10001564       0x24 CMakeFiles/miniusb_hid.dir/usr/share/pico-sdk/src/rp2_common/hardware_timer/timer.c.o
                0x10001564                busy_wait_until
 .text.uart_init
                0x10001588      0x104 CMakeFiles/miniusb_hid.dir/usr/share/pico-sdk/src/rp2_common/hardware_uart/uart.c.o
                0x10001588                uart_init
 .text.clock_configure_undivided
                0x1000168c       0xd0 CMakeFiles/miniusb_hid.dir/usr/share/pico-sdk/src/rp2_common/hardware_clocks/clocks.c.o
                0x1000168c                clock_configure_undivided
 .text.clock_get_hz
                0x1000175c        0xc CMakeFiles/miniusb_hid.dir/usr/share/pico-sdk/src/rp2_common/hardware_clocks/clocks.c.o
                0x1000175c                clock_get_hz
 .text.pll_init
                0x10001768       0x8c CMakeFiles/miniusb_hid.dir/usr/share/pico-sdk/src/rp2_common/hardware_pll/pll.c.o
                0x10001768                pll_init
 .text.tick_start
                0x100017f4       0x18 CMakeFiles/miniusb_hid.dir/usr/share/pico-sdk/src/rp2_common/hardware_ticks/ticks.c.o
                0x100017f4                tick_start
 .text.rom_func_lookup
                0x1000180c       0x18 CMakeFiles/miniusb_hid.dir/usr/share/pico-sdk/src/rp2_common/pico_bootrom/bootrom.c.o
                0x1000180c                rom_func_lookup
 .text.runtime_init_bootrom_locking_enable
                0x10001824       0x14 CMakeFiles/miniusb_hid.dir/usr/share/pico-sdk/src/rp2_common/pico_bootrom/bootrom_lock.c.o
                0x10001824                runtime_init_bootrom_locking_enable
 .text.runtime_init_boot_locks_reset
                0x10001838       0x1c CMakeFiles/miniusb_hid.dir/usr/share/pico-sdk/src/rp2_common/hardware_boot_lock/boot_lock.c.o
                0x10001838                runtime_init_boot_locks_reset
 .text.xosc_init
                0x10001854       0x30 CMakeFiles/miniusb_hid.dir/usr/share/pico-sdk/src/rp2_common/hardware_xosc/xosc.c.o
                0x10001854                xosc_init
 .text.first_per_core_initializer
                0x10001884        0x4 CMakeFiles/miniusb_hid.dir/usr/share/pico-sdk/src/rp2_common/pico_runtime/runtime.c.o
 .text.hard_assertion_failure
                0x10001888        0xc CMakeFiles/miniusb_hid.dir/usr/share/pico-sdk/src/rp2_common/pico_runtime/runtime.c.o
                0x10001888                hard_assertion_failure
 .text.runtime_run_initializers
                0x10001894       0x20 CMakeFiles/miniusb_hid.dir/usr/share/pico-sdk/src/rp2_common/pico_runtime/runtime.c.o
                0x10001894                runtime_run_initializers
 .text.runtime_init_early_resets
                0x100018b4       0x34 CMakeFiles/miniusb_hid.dir/usr/share/pico-sdk/src/rp2_common/pico_runtime_init/runtime_init.c.o
                0x100018b4                runtime_init_early_resets
 .text.runtime_init_usb_power_down
                0x100018e8       0x1c CMakeFiles/miniusb_hid.dir/usr/share/pico-sdk/src/rp2_common/pico_runtime_init/runtime_init.c.o
                0x100018e8                runtime_init_usb_power_down
 .text.runtime_init_per_core_enable_coprocessors
                0x10001904       0x1c CMakeFiles/miniusb_hid.dir/usr/share/pico-sdk/src/rp2_common/pico_runtime_init/runtime_init.c.o
                0x10001904                runtime_init_per_core_enable_coprocessors
 .text.runtime_init_post_clock_resets
                0x10001920       0x20 CMakeFiles/miniusb_hid.dir/usr/share/pico-sdk/src/rp2_common/pico_runtime_init/runtime_init.c.o
                0x10001920                runtime_init_post_clock_resets
 .text.runtime_init_bootrom_reset
                0x10001940       0x14 CMakeFiles/miniusb_hid.dir/usr/share/pico-sdk/src/rp2_common/pico_runtime_init/runtime_init.c.o
                0x10001940                runtime_init_bootrom_reset
 .text.runtime_init_per_core_bootrom_reset
                0x10001954       0x14 CMakeFiles/miniusb_hid.dir/usr/share/pico-sdk/src/rp2_common/pico_runtime_init/runtime_init.c.o
                0x10001954                runtime_init_per_core_bootrom_reset
 .text.runtime_init_spin_locks_reset
                0x10001968        0x4 CMakeFiles/miniusb_hid.dir/usr/share/pico-sdk/src/rp2_common/pico_runtime_init/runtime_init.c.o
                0x10001968                runtime_init_spin_locks_reset
 .text.runtime_init_install_ram_vector_table
                0x1000196c       0x68 CMakeFiles/miniusb_hid.dir/usr/share/pico-sdk/src/rp2_common/pico_runtime_init/runtime_init.c.o
                0x1000196c                runtime_init_install_ram_vector_table
 .text.runtime_init_clocks
                0x100019d4       0xdc CMakeFiles/miniusb_hid.dir/usr/share/pico-sdk/src/rp2_common/pico_runtime_init/runtime_init_clocks.c.o
                0x100019d4                runtime_init_clocks
 .text._out_char
                0x10001ab0        0x8 CMakeFiles/miniusb_hid.dir/usr/share/pico-sdk/src/rp2_common/pico_printf/printf.c.o
 .text.weak_raw_vprintf
                0x10001ab8       0x30 CMakeFiles/miniusb_hid.dir/usr/share/pico-sdk/src/rp2_common/pico_printf/printf.c.o
                0x10001ab8                weak_raw_vprintf
 .text._exit    0x10001ae8        0x4 CMakeFiles/miniusb_hid.dir/usr/share/pico-sdk/src/rp2_common/pico_clib_interface/newlib_interface.c.o
                0x10001ae8                _exit
 .text.exit     0x10001aec        0x8 CMakeFiles/miniusb_hid.dir/usr/share/pico-sdk/src/rp2_common/pico_clib_interface/newlib_interface.c.o
                0x10001aec                exit
 .text.runtime_init
                0x10001af4       0x24 CMakeFiles/miniusb_hid.dir/usr/share/pico-sdk/src/rp2_common/pico_clib_interface/newlib_interface.c.o
                0x10001af4                runtime_init
 .text.stdio_out_chars_no_crlf
                0x10001b18        0x8 CMakeFiles/miniusb_hid.dir/usr/share/pico-sdk/src/rp2_common/pico_stdio/stdio.c.o
 .text.stdio_out_chars_crlf
                0x10001b20       0xb0 CMakeFiles/miniusb_hid.dir/usr/share/pico-sdk/src/rp2_common/pico_stdio/stdio.c.o
 .text.stdio_put_string
                0x10001bd0       0xec CMakeFiles/miniusb_hid.dir/usr/share/pico-sdk/src/rp2_common/pico_stdio/stdio.c.o
                0x10001bd0                stdio_put_string
 .text.stdio_set_driver_enabled
                0x10001cbc       0x28 CMakeFiles/miniusb_hid.dir/usr/share/pico-sdk/src/rp2_common/pico_stdio/stdio.c.o
                0x10001cbc                stdio_set_driver_enabled
 .text.__wrap_putchar
                0x10001ce4       0x84 CMakeFiles/miniusb_hid.dir/usr/share/pico-sdk/src/rp2_common/pico_stdio/stdio.c.o
                0x10001ce4                stdio_putchar
                0x10001ce4                __wrap_putchar
 .text.__wrap_puts
                0x10001d68       0x3c CMakeFiles/miniusb_hid.dir/usr/share/pico-sdk/src/rp2_common/pico_stdio/stdio.c.o
                0x10001d68                __wrap_puts
                0x10001d68                stdio_puts
 .text.stdio_uart_out_chars
                0x10001da4       0x50 CMakeFiles/miniusb_hid.dir/usr/share/pico-sdk/src/rp2_common/pico_stdio_uart/stdio_uart.c.o
 .text.stdio_uart_in_chars
                0x10001df4       0x94 CMakeFiles/miniusb_hid.dir/usr/share/pico-sdk/src/rp2_common/pico_stdio_uart/stdio_uart.c.o
                0x10001df4                stdio_uart_in_chars
 .text.on_uart_rx
                0x10001e88       0x24 CMakeFiles/miniusb_hid.dir/usr/share/pico-sdk/src/rp2_common/pico_stdio_uart/stdio_uart.c.o
 .text.stdio_uart_out_flush
                0x10001eac       0x10 CMakeFiles/miniusb_hid.dir/usr/share/pico-sdk/src/rp2_common/pico_stdio_uart/stdio_uart.c.o
 .text.stdio_uart_set_chars_available_callback
                0x10001ebc       0x88 CMakeFiles/miniusb_hid.dir/usr/share/pico-sdk/src/rp2_common/pico_stdio_uart/stdio_uart.c.o
 .text.stdio_uart_init_full
                0x10001f44       0x4c CMakeFiles/miniusb_hid.dir/usr/share/pico-sdk/src/rp2_common/pico_stdio_uart/stdio_uart.c.o
                0x10001f44                stdio_uart_init_full
 .text.dcd_init
                0x10001f90       0x8c CMakeFiles/miniusb_hid.dir/usr/share/pico-sdk/lib/tinyusb/src/portable/raspberrypi/rp2040/dcd_rp2040.c.o
                0x10001f90                dcd_init
 .text.dcd_int_enable
                0x1000201c        0x8 CMakeFiles/miniusb_hid.dir/usr/share/pico-sdk/lib/tinyusb/src/portable/raspberrypi/rp2040/dcd_rp2040.c.o
                0x1000201c                dcd_int_enable
 .text.dcd_set_address
                0x10002024       0x10 CMakeFiles/miniusb_hid.dir/usr/share/pico-sdk/lib/tinyusb/src/portable/raspberrypi/rp2040/dcd_rp2040.c.o
                0x10002024                dcd_set_address
 .text.dcd_sof_enable
                0x10002034       0x1c CMakeFiles/miniusb_hid.dir/usr/share/pico-sdk/lib/tinyusb/src/portable/raspberrypi/rp2040/dcd_rp2040.c.o
                0x10002034                dcd_sof_enable
 .text.dcd_edpt0_status_complete
                0x10002050       0x1c CMakeFiles/miniusb_hid.dir/usr/share/pico-sdk/lib/tinyusb/src/portable/raspberrypi/rp2040/dcd_rp2040.c.o
                0x10002050                dcd_edpt0_status_complete
 .text.dcd_edpt_open
                0x1000206c      0x104 CMakeFiles/miniusb_hid.dir/usr/share/pico-sdk/lib/tinyusb/src/portable/raspberrypi/rp2040/dcd_rp2040.c.o
                0x1000206c                dcd_edpt_open
 .text.dcd_edpt_close_all
                0x10002170        0x4 CMakeFiles/miniusb_hid.dir/usr/share/pico-sdk/lib/tinyusb/src/portable/raspberrypi/rp2040/dcd_rp2040.c.o
                0x10002170                dcd_edpt_close_all
 .text.dcd_edpt_xfer
                0x10002174       0x28 CMakeFiles/miniusb_hid.dir/usr/share/pico-sdk/lib/tinyusb/src/portable/raspberrypi/rp2040/dcd_rp2040.c.o
                0x10002174                dcd_edpt_xfer
 .text.dcd_edpt_stall
                0x1000219c       0x30 CMakeFiles/miniusb_hid.dir/usr/share/pico-sdk/lib/tinyusb/src/portable/raspberrypi/rp2040/dcd_rp2040.c.o
                0x1000219c                dcd_edpt_stall
 .text.dcd_edpt_clear_stall
                0x100021cc       0x24 CMakeFiles/miniusb_hid.dir/usr/share/pico-sdk/lib/tinyusb/src/portable/raspberrypi/rp2040/dcd_rp2040.c.o
                0x100021cc                dcd_edpt_clear_stall
 .text.rp2040_usb_init
                0x100021f0       0x40 CMakeFiles/miniusb_hid.dir/usr/share/pico-sdk/lib/tinyusb/src/portable/raspberrypi/rp2040/rp2040_usb.c.o
                0x100021f0                rp2040_usb_init
 .text.hw_endpoint_xfer_start
                0x10002230       0x40 CMakeFiles/miniusb_hid.dir/usr/share/pico-sdk/lib/tinyusb/src/portable/raspberrypi/rp2040/rp2040_usb.c.o
                0x10002230                hw_endpoint_xfer_start
 .text.tud_vendor_control_xfer_cb
                0x10002270        0x4 CMakeFiles/miniusb_hid.dir/usr/share/pico-sdk/lib/tinyusb/src/device/usbd.c.o
                0x10002270                tud_vendor_control_xfer_cb
 .text.configuration_reset
                0x10002274       0x8c CMakeFiles/miniusb_hid.dir/usr/share/pico-sdk/lib/tinyusb/src/device/usbd.c.o
 .text.tud_event_hook_cb
                0x10002300        0x4 CMakeFiles/miniusb_hid.dir/usr/share/pico-sdk/lib/tinyusb/src/device/usbd.c.o
                0x10002300                tud_event_hook_cb
 .text.tud_sof_cb
                0x10002304        0x4 CMakeFiles/miniusb_hid.dir/usr/share/pico-sdk/lib/tinyusb/src/device/usbd.c.o
                0x10002304                tud_sof_cb
 .text.tud_descriptor_bos_cb
                0x10002308        0x4 CMakeFiles/miniusb_hid.dir/usr/share/pico-sdk/lib/tinyusb/src/device/usbd.c.o
                0x10002308                tud_descriptor_bos_cb
 .text.tud_descriptor_device_qualifier_cb
                0x1000230c        0x4 CMakeFiles/miniusb_hid.dir/usr/share/pico-sdk/lib/tinyusb/src/device/usbd.c.o
                0x1000230c                tud_descriptor_device_qualifier_cb
 .text.tud_descriptor_other_speed_configuration_cb
                0x10002310        0x4 CMakeFiles/miniusb_hid.dir/usr/share/pico-sdk/lib/tinyusb/src/device/usbd.c.o
                0x10002310                tud_descriptor_other_speed_configuration_cb
 .text.tud_mount_cb
                0x10002314        0x4 CMakeFiles/miniusb_hid.dir/usr/share/pico-sdk/lib/tinyusb/src/device/usbd.c.o
                0x10002314                tud_mount_cb
 .text.tud_umount_cb
                0x10002318        0x4 CMakeFiles/miniusb_hid.dir/usr/share/pico-sdk/lib/tinyusb/src/device/usbd.c.o
                0x10002318                tud_umount_cb
 .text.tud_suspend_cb
                0x1000231c        0x4 CMakeFiles/miniusb_hid.dir/usr/share/pico-sdk/lib/tinyusb/src/device/usbd.c.o
                0x1000231c                tud_suspend_cb
 .text.tud_resume_cb
                0x10002320        0x4 CMakeFiles/miniusb_hid.dir/usr/share/pico-sdk/lib/tinyusb/src/device/usbd.c.o
                0x10002320                tud_resume_cb
 .text.tud_mounted
                0x10002324       0x10 CMakeFiles/miniusb_hid.dir/usr/share/pico-sdk/lib/tinyusb/src/device/usbd.c.o
                0x10002324                tud_mounted
 .text.tud_suspended
                0x10002334       0x10 CMakeFiles/miniusb_hid.dir/usr/share/pico-sdk/lib/tinyusb/src/device/usbd.c.o
                0x10002334                tud_suspended
 .text.tud_rhport_init
                0x10002344       0xf4 CMakeFiles/miniusb_hid.dir/usr/share/pico-sdk/lib/tinyusb/src/device/usbd.c.o
                0x10002344                tud_rhport_init
 .text.tud_task_ext
                0x10002438      0x758 CMakeFiles/miniusb_hid.dir/usr/share/pico-sdk/lib/tinyusb/src/device/usbd.c.o
                0x10002438                tud_task_ext
 .text.usbd_open_edpt_pair
                0x10002b90       0x9c CMakeFiles/miniusb_hid.dir/usr/share/pico-sdk/lib/tinyusb/src/device/usbd.c.o
                0x10002b90                usbd_open_edpt_pair
 .text.usbd_edpt_claim
                0x10002c2c       0x24 CMakeFiles/miniusb_hid.dir/usr/share/pico-sdk/lib/tinyusb/src/device/usbd.c.o
                0x10002c2c                usbd_edpt_claim
 .text.usbd_edpt_xfer
                0x10002c50       0x70 CMakeFiles/miniusb_hid.dir/usr/share/pico-sdk/lib/tinyusb/src/device/usbd.c.o
                0x10002c50                usbd_edpt_xfer
 .text.usbd_edpt_busy
                0x10002cc0       0x1c CMakeFiles/miniusb_hid.dir/usr/share/pico-sdk/lib/tinyusb/src/device/usbd.c.o
                0x10002cc0                usbd_edpt_busy
 .text.tud_control_status
                0x10002cdc       0x34 CMakeFiles/miniusb_hid.dir/usr/share/pico-sdk/lib/tinyusb/src/device/usbd_control.c.o
                0x10002cdc                tud_control_status
 .text.tud_control_xfer
                0x10002d10       0xb0 CMakeFiles/miniusb_hid.dir/usr/share/pico-sdk/lib/tinyusb/src/device/usbd_control.c.o
                0x10002d10                tud_control_xfer
 .text.usbd_control_reset
                0x10002dc0       0x14 CMakeFiles/miniusb_hid.dir/usr/share/pico-sdk/lib/tinyusb/src/device/usbd_control.c.o
                0x10002dc0                usbd_control_reset
 .text.usbd_control_set_complete_callback
                0x10002dd4        0xc CMakeFiles/miniusb_hid.dir/usr/share/pico-sdk/lib/tinyusb/src/device/usbd_control.c.o
                0x10002dd4                usbd_control_set_complete_callback
 .text.usbd_control_set_request
                0x10002de0       0x1c CMakeFiles/miniusb_hid.dir/usr/share/pico-sdk/lib/tinyusb/src/device/usbd_control.c.o
                0x10002de0                usbd_control_set_request
 .text.usbd_control_xfer_cb
                0x10002dfc      0x100 CMakeFiles/miniusb_hid.dir/usr/share/pico-sdk/lib/tinyusb/src/device/usbd_control.c.o
                0x10002dfc                usbd_control_xfer_cb
 .text.tud_hid_set_protocol_cb
                0x10002efc        0x4 CMakeFiles/miniusb_hid.dir/usr/share/pico-sdk/lib/tinyusb/src/class/hid/hid_device.c.o
                0x10002efc                tud_hid_set_protocol_cb
 .text.tud_hid_set_idle_cb
                0x10002f00        0x4 CMakeFiles/miniusb_hid.dir/usr/share/pico-sdk/lib/tinyusb/src/class/hid/hid_device.c.o
                0x10002f00                tud_hid_set_idle_cb
 .text.tud_hid_report_complete_cb
                0x10002f04        0x4 CMakeFiles/miniusb_hid.dir/usr/share/pico-sdk/lib/tinyusb/src/class/hid/hid_device.c.o
                0x10002f04                tud_hid_report_complete_cb
 .text.tud_hid_report_failed_cb
                0x10002f08        0x4 CMakeFiles/miniusb_hid.dir/usr/share/pico-sdk/lib/tinyusb/src/class/hid/hid_device.c.o
                0x10002f08                tud_hid_report_failed_cb
 .text.tud_hid_n_ready
                0x10002f0c       0x38 CMakeFiles/miniusb_hid.dir/usr/share/pico-sdk/lib/tinyusb/src/class/hid/hid_device.c.o
                0x10002f0c                tud_hid_n_ready
 .text.tud_hid_n_mouse_report
                0x10002f44       0x7c CMakeFiles/miniusb_hid.dir/usr/share/pico-sdk/lib/tinyusb/src/class/hid/hid_device.c.o
                0x10002f44                tud_hid_n_mouse_report
 .text.hidd_init
                0x10002fc0       0x10 CMakeFiles/miniusb_hid.dir/usr/share/pico-sdk/lib/tinyusb/src/class/hid/hid_device.c.o
                0x10002fc0                hidd_init
 .text.hidd_deinit
                0x10002fd0        0x4 CMakeFiles/miniusb_hid.dir/usr/share/pico-sdk/lib/tinyusb/src/class/hid/hid_device.c.o
                0x10002fd0                hidd_deinit
 .text.hidd_reset
                0x10002fd4       0x10 CMakeFiles/miniusb_hid.dir/usr/share/pico-sdk/lib/tinyusb/src/class/hid/hid_device.c.o
                0x10002fd4                hidd_reset
 .text.hidd_open
                0x10002fe4       0xb4 CMakeFiles/miniusb_hid.dir/usr/share/pico-sdk/lib/tinyusb/src/class/hid/hid_device.c.o
                0x10002fe4                hidd_open
 .text.hidd_control_xfer_cb
                0x10003098      0x1c4 CMakeFiles/miniusb_hid.dir/usr/share/pico-sdk/lib/tinyusb/src/class/hid/hid_device.c.o
                0x10003098                hidd_control_xfer_cb
 .text.hidd_xfer_cb
                0x1000325c       0x94 CMakeFiles/miniusb_hid.dir/usr/share/pico-sdk/lib/tinyusb/src/class/hid/hid_device.c.o
                0x1000325c                hidd_xfer_cb
 .text.tusb_rhport_init
                0x100032f0       0x64 CMakeFiles/miniusb_hid.dir/usr/share/pico-sdk/lib/tinyusb/src/tusb.c.o
                0x100032f0                tusb_rhport_init
 .text.tu_edpt_claim
                0x10003354       0x54 CMakeFiles/miniusb_hid.dir/usr/share/pico-sdk/lib/tinyusb/src/tusb.c.o
                0x10003354                tu_edpt_claim
 .text.tu_edpt_validate
                0x100033a8       0x60 CMakeFiles/miniusb_hid.dir/usr/share/pico-sdk/lib/tinyusb/src/tusb.c.o
                0x100033a8                tu_edpt_validate
 .text.tu_edpt_bind_driver
                0x10003408       0x58 CMakeFiles/miniusb_hid.dir/usr/share/pico-sdk/lib/tinyusb/src/tusb.c.o
                0x10003408                tu_edpt_bind_driver
 .text.tu_fifo_read
                0x10003460       0x94 CMakeFiles/miniusb_hid.dir/usr/share/pico-sdk/lib/tinyusb/src/common/tusb_fifo.c.o
                0x10003460                tu_fifo_read
 .text.tu_fifo_write
                0x100034f4       0xa4 CMakeFiles/miniusb_hid.dir/usr/share/pico-sdk/lib/tinyusb/src/common/tusb_fifo.c.o
                0x100034f4                tu_fifo_write
 .text.tu_fifo_clear
                0x10003598       0x38 CMakeFiles/miniusb_hid.dir/usr/share/pico-sdk/lib/tinyusb/src/common/tusb_fifo.c.o
                0x10003598                tu_fifo_clear
 .text.board_init
                0x100035d0       0x30 CMakeFiles/miniusb_hid.dir/usr/share/pico-sdk/lib/tinyusb/hw/bsp/rp2040/family.c.o
                0x100035d0                board_init
 .text.startup._retrieve_unique_id_on_boot
                0x10003600       0x30 CMakeFiles/miniusb_hid.dir/usr/share/pico-sdk/src/rp2_common/pico_unique_id/unique_id.c.o
 .text.pio_add_program
                0x10003630       0xf4 CMakeFiles/miniusb_hid.dir/usr/share/pico-sdk/src/rp2_common/hardware_pio/pio.c.o
                0x10003630                pio_add_program
 .text.pio_sm_set_consecutive_pindirs
                0x10003724       0x8c CMakeFiles/miniusb_hid.dir/usr/share/pico-sdk/src/rp2_common/hardware_pio/pio.c.o
                0x10003724                pio_sm_set_consecutive_pindirs
 .text.pio_sm_init
                0x100037b0       0xa8 CMakeFiles/miniusb_hid.dir/usr/share/pico-sdk/src/rp2_common/hardware_pio/pio.c.o
                0x100037b0                pio_sm_init
 .text.atexit   0x10003858        0xc /usr/lib/gcc/arm-none-eabi/14.2.0/../../../../arm-none-eabi/lib/thumb/v8-m.main+fp/softfp/libg.a(libc_a-atexit.o)
                0x10003858                atexit
 .text.memset   0x10003864       0x9c /usr/lib/gcc/arm-none-eabi/14.2.0/../../../../arm-none-eabi/lib/thumb/v8-m.main+fp/softfp/libg.a(libc_a-memset.o)
                0x10003864                memset
 .text.__libc_fini_array
                0x10003900       0x28 /usr/lib/gcc/arm-none-eabi/14.2.0/../../../../arm-none-eabi/lib/thumb/v8-m.main+fp/softfp/libg.a(libc_a-fini.o)
                0x10003900                __libc_fini_array
 .text.__retarget_lock_acquire_recursive
                0x10003928        0x4 /usr/lib/gcc/arm-none-eabi/14.2.0/../../../../arm-none-eabi/lib/thumb/v8-m.main+fp/softfp/libg.a(libc_a-lock.o)
                0x10003928                __retarget_lock_acquire_recursive
 .text.__retarget_lock_release_recursive
                0x1000392c        0x4 /usr/lib/gcc/arm-none-eabi/14.2.0/../../../../arm-none-eabi/lib/thumb/v8-m.main+fp/softfp/libg.a(libc_a-lock.o)
                0x1000392c                __retarget_lock_release_recursive
 .text          0x10003930       0xec /usr/lib/gcc/arm-none-eabi/14.2.0/../../../../arm-none-eabi/lib/thumb/v8-m.main+fp/softfp/libg.a(libc_a-memcpy.o)
                0x10003930                memcpy
 .text.strlen   0x10003a1c       0x5c /usr/lib/gcc/arm-none-eabi/14.2.0/../../../../arm-none-eabi/lib/thumb/v8-m.main+fp/softfp/libg.a(libc_a-strlen-stub.o)
                0x10003a1c                strlen
 .text.__register_exitproc
                0x10003a78       0x84 /usr/lib/gcc/arm-none-eabi/14.2.0/../../../../arm-none-eabi/lib/thumb/v8-m.main+fp/softfp/libg.a(libc_a-__atexit.o)
                0x10003a78                __register_exitproc
 .text.startup.register_fini
                0x10003afc       0x14 /usr/lib/gcc/arm-none-eabi/14.2.0/../../../../arm-none-eabi/lib/thumb/v8-m.main+fp/softfp/libg.a(libc_a-__call_atexit.o)
 *(.fini)
 .fini          0x10003b10        0x4 /usr/lib/gcc/arm-none-eabi/14.2.0/thumb/v8-m.main+fp/softfp/crti.o
                0x10003b10                _fini
 *fill*         0x10003b14        0x4 
 .fini.__stub   0x10003b18       0x48 linker stubs
 *crtbegin.o(.ctors)
 *crtbegin?.o(.ctors)
 *(EXCLUDE_FILE(*crtend.o *crtend?.o) .ctors)
 *(SORT_BY_NAME(.ctors.*))
 *(.ctors)
 *crtbegin.o(.dtors)
 *crtbegin?.o(.dtors)
 *(EXCLUDE_FILE(*crtend.o *crtend?.o) .dtors)
 *(SORT_BY_NAME(.dtors.*))
 *(.dtors)
                0x10003b60                        . = ALIGN (0x4)
                0x10003b60                        PROVIDE (__preinit_array_start = .)
 *(SORT_BY_NAME(.preinit_array.*))
 .preinit_array.00050
                0x10003b60        0x4 CMakeFiles/miniusb_hid.dir/usr/share/pico-sdk/src/rp2_common/pico_runtime_init/runtime_init.c.o
                0x10003b60                __pre_init_runtime_init_bootrom_reset
 .preinit_array.00100
                0x10003b64        0x4 CMakeFiles/miniusb_hid.dir/usr/share/pico-sdk/src/rp2_common/pico_runtime_init/runtime_init.c.o
                0x10003b64                __pre_init_runtime_init_early_resets
 .preinit_array.00101
                0x10003b68        0x4 CMakeFiles/miniusb_hid.dir/usr/share/pico-sdk/src/rp2_common/pico_runtime_init/runtime_init.c.o
                0x10003b68                __pre_init_runtime_init_usb_power_down
 .preinit_array.00500
                0x10003b6c        0x4 CMakeFiles/miniusb_hid.dir/usr/share/pico-sdk/src/rp2_common/pico_runtime_init/runtime_init.c.o
                0x10003b6c                __pre_init_runtime_init_clocks
 .preinit_array.00600
                0x10003b70        0x4 CMakeFiles/miniusb_hid.dir/usr/share/pico-sdk/src/rp2_common/pico_runtime_init/runtime_init.c.o
                0x10003b70                __pre_init_runtime_init_post_clock_resets
 .preinit_array.01000
                0x10003b74        0x4 CMakeFiles/miniusb_hid.dir/usr/share/pico-sdk/src/rp2_common/hardware_boot_lock/boot_lock.c.o
                0x10003b74                __pre_init_runtime_init_boot_locks_reset
 .preinit_array.01000
                0x10003b78        0x4 CMakeFiles/miniusb_hid.dir/usr/share/pico-sdk/src/rp2_common/pico_runtime_init/runtime_init.c.o
                0x10003b78                __pre_init_runtime_init_spin_locks_reset
 .preinit_array.01010
                0x10003b7c        0x4 CMakeFiles/miniusb_hid.dir/usr/share/pico-sdk/src/rp2_common/pico_bootrom/bootrom_lock.c.o
                0x10003b7c                __pre_init_runtime_init_bootrom_locking_enable
 .preinit_array.01100
                0x10003b80        0x4 CMakeFiles/miniusb_hid.dir/usr/share/pico-sdk/src/common/pico_sync/mutex.c.o
                0x10003b80                __pre_init_runtime_init_mutex
 .preinit_array.10080
                0x10003b84        0x4 CMakeFiles/miniusb_hid.dir/usr/share/pico-sdk/src/rp2_common/pico_runtime_init/runtime_init.c.o
                0x10003b84                __pre_init_runtime_init_install_ram_vector_table
 .preinit_array.11000
                0x10003b88        0x4 CMakeFiles/miniusb_hid.dir/usr/share/pico-sdk/src/common/pico_time/time.c.o
                0x10003b88                __pre_init_runtime_init_default_alarm_pool
 .preinit_array.YYYYY
                0x10003b8c        0x4 CMakeFiles/miniusb_hid.dir/usr/share/pico-sdk/src/rp2_common/pico_runtime/runtime.c.o
                0x10003b8c                __pre_init_first_per_core_initializer
 .preinit_array.ZZZZZ.00051
                0x10003b90        0x4 CMakeFiles/miniusb_hid.dir/usr/share/pico-sdk/src/rp2_common/pico_runtime_init/runtime_init.c.o
                0x10003b90                __pre_init_runtime_init_per_core_bootrom_reset
 .preinit_array.ZZZZZ.00200
                0x10003b94        0x4 CMakeFiles/miniusb_hid.dir/usr/share/pico-sdk/src/rp2_common/pico_runtime_init/runtime_init.c.o
                0x10003b94                __pre_init_runtime_init_per_core_enable_coprocessors
 .preinit_array.ZZZZZ.01000
                0x10003b98        0x4 CMakeFiles/miniusb_hid.dir/usr/share/pico-sdk/src/rp2_common/hardware_sync_spin_lock/sync_spin_lock.c.o
                0x10003b98                __pre_init_spinlock_set_extexclall
 .preinit_array.ZZZZZ.01200
                0x10003b9c        0x4 CMakeFiles/miniusb_hid.dir/usr/share/pico-sdk/src/rp2_common/hardware_irq/irq.c.o
                0x10003b9c                __pre_init_runtime_init_per_core_irq_priorities
 *(.preinit_array)
                0x10003ba0                        PROVIDE (__preinit_array_end = .)
                0x10003ba0                        . = ALIGN (0x4)
                0x10003ba0                        PROVIDE (__init_array_start = .)
 *(SORT_BY_NAME(.init_array.*))
 .init_array.00000
                0x10003ba0        0x4 /usr/lib/gcc/arm-none-eabi/14.2.0/../../../../arm-none-eabi/lib/thumb/v8-m.main+fp/softfp/libg.a(libc_a-__call_atexit.o)
 .init_array.01000
                0x10003ba4        0x4 CMakeFiles/miniusb_hid.dir/usr/share/pico-sdk/src/rp2_common/pico_unique_id/unique_id.c.o
 *(.init_array)
 .init_array    0x10003ba8        0x4 /usr/lib/gcc/arm-none-eabi/14.2.0/thumb/v8-m.main+fp/softfp/crtbegin.o
                0x10003bac                        PROVIDE (__init_array_end = .)
                0x10003bac                        . = ALIGN (0x4)
                0x10003bac                        PROVIDE (__fini_array_start = .)
 *(SORT_BY_NAME(.fini_array.*))
 *(.fini_array)
                0x10003bac                        PROVIDE (__fini_array_end = .)
 *(.eh_frame*)
 .eh_frame      0x10003bac        0x0 /usr/lib/gcc/arm-none-eabi/14.2.0/thumb/v8-m.main+fp/softfp/crtbegin.o
                0x10003bac                        . = ALIGN (0x4)

.glue_7         0x10003bac        0x0
 .glue_7        0x10003bac        0x0 linker stubs

.glue_7t        0x10003bac        0x0
 .glue_7t       0x10003bac        0x0 linker stubs

.vfp11_veneer   0x10003bac        0x0
 .vfp11_veneer  0x10003bac        0x0 linker stubs

.v4_bx          0x10003bac        0x0
 .v4_bx         0x10003bac        0x0 linker stubs

.iplt           0x10003bac        0x0
 .iplt          0x10003bac        0x0 /usr/lib/gcc/arm-none-eabi/14.2.0/thumb/v8-m.main+fp/softfp/crtbegin.o

.boot2          0x10003bac        0x0
                0x10003bac                        __boot2_start__ = .
 *(.boot2)
                0x10003bac                        __boot2_end__ = .
                0x00000001                        ASSERT (((__boot2_end__ - __boot2_start__) <= 0x100), ERROR: Pico second stage bootloader must be no more than 256 bytes in size)

.rodata         0x10003bac      0x25c
 *(EXCLUDE_FILE(*libm.a: *libc.a:*lib_a-mem*.o *libgcc.a:) .rodata*)
 .rodata.ws2812_program
                0x10003bac        0x8 CMakeFiles/miniusb_hid.dir/main.c.o
 .rodata.ws2812_program_instructions
                0x10003bb4        0x8 CMakeFiles/miniusb_hid.dir/main.c.o
 .rodata.str1.4
                0x10003bbc      0x134 CMakeFiles/miniusb_hid.dir/usb_descriptors.c.o
                                 0x33 (size before relaxing)
 .rodata.__compound_literal.0
                0x10003cf0        0x2 CMakeFiles/miniusb_hid.dir/usb_descriptors.c.o
 *fill*         0x10003cf2        0x2 
 .rodata.desc_configuration
                0x10003cf4       0x22 CMakeFiles/miniusb_hid.dir/usb_descriptors.c.o
                0x10003cf4                desc_configuration
 *fill*         0x10003d16        0x2 
 .rodata.desc_hid_report
                0x10003d18       0x4d CMakeFiles/miniusb_hid.dir/usb_descriptors.c.o
                0x10003d18                desc_hid_report
 *fill*         0x10003d65        0x3 
 .rodata.desc_device
                0x10003d68       0x12 CMakeFiles/miniusb_hid.dir/usb_descriptors.c.o
                0x10003d68                desc_device
 .rodata.panic.str1.4
                0x10003d7a       0x12 CMakeFiles/miniusb_hid.dir/usr/share/pico-sdk/src/rp2_common/pico_platform_panic/panic.c.o
 .rodata.spin_lock_claim_unused.str1.4
                0x10003d7a       0x1b CMakeFiles/miniusb_hid.dir/usr/share/pico-sdk/src/rp2_common/hardware_sync/sync.c.o
 .rodata.timer_hardware_alarm_claim.str1.4
                0x10003d7a       0x22 CMakeFiles/miniusb_hid.dir/usr/share/pico-sdk/src/rp2_common/hardware_timer/timer.c.o
 .rodata.hard_assertion_failure.str1.4
                0x10003d7a        0xc CMakeFiles/miniusb_hid.dir/usr/share/pico-sdk/src/rp2_common/pico_runtime/runtime.c.o
 .rodata.str1.4
                0x10003d7a       0x40 CMakeFiles/miniusb_hid.dir/usr/share/pico-sdk/src/rp2_common/pico_standard_binary_info/standard_binary_info.c.o
 *fill*         0x10003d7a        0x2 
 .rodata.__bi_84
                0x10003d7c        0xc CMakeFiles/miniusb_hid.dir/usr/share/pico-sdk/src/rp2_common/pico_standard_binary_info/standard_binary_info.c.o
 .rodata.__bi_78
                0x10003d88        0xc CMakeFiles/miniusb_hid.dir/usr/share/pico-sdk/src/rp2_common/pico_standard_binary_info/standard_binary_info.c.o
 .rodata.__bi_54
                0x10003d94        0xc CMakeFiles/miniusb_hid.dir/usr/share/pico-sdk/src/rp2_common/pico_standard_binary_info/standard_binary_info.c.o
 .rodata.__bi_48
                0x10003da0        0xc CMakeFiles/miniusb_hid.dir/usr/share/pico-sdk/src/rp2_common/pico_standard_binary_info/standard_binary_info.c.o
 .rodata.__bi_42
                0x10003dac        0xc CMakeFiles/miniusb_hid.dir/usr/share/pico-sdk/src/rp2_common/pico_standard_binary_info/standard_binary_info.c.o
 .rodata.__bi_34
                0x10003db8        0xc CMakeFiles/miniusb_hid.dir/usr/share/pico-sdk/src/rp2_common/pico_standard_binary_info/standard_binary_info.c.o
 .rodata.__bi_26
                0x10003dc4        0xc CMakeFiles/miniusb_hid.dir/usr/share/pico-sdk/src/rp2_common/pico_standard_binary_info/standard_binary_info.c.o
 .rodata.crlf_str.0
                0x10003dd0        0x2 CMakeFiles/miniusb_hid.dir/usr/share/pico-sdk/src/rp2_common/pico_stdio/stdio.c.o
 .rodata.str1.4
                0x10003dd2       0x14 CMakeFiles/miniusb_hid.dir/usr/share/pico-sdk/lib/tinyusb/src/portable/raspberrypi/rp2040/dcd_rp2040.c.o
 .rodata.str1.4
                0x10003dd2       0x48 CMakeFiles/miniusb_hid.dir/usr/share/pico-sdk/lib/tinyusb/src/portable/raspberrypi/rp2040/rp2040_usb.c.o
 *fill*         0x10003dd2        0x2 
 .rodata._usbd_driver
                0x10003dd4       0x20 CMakeFiles/miniusb_hid.dir/usr/share/pico-sdk/lib/tinyusb/src/device/usbd.c.o
 .rodata.str1.4
                0x10003df4        0x4 CMakeFiles/miniusb_hid.dir/usr/share/pico-sdk/lib/tinyusb/hw/bsp/rp2040/family.c.o
 .rodata.__bi_153.0
                0x10003df4        0xc CMakeFiles/miniusb_hid.dir/usr/share/pico-sdk/lib/tinyusb/hw/bsp/rp2040/family.c.o
 .rodata.__bi_163.1
                0x10003e00        0x8 CMakeFiles/miniusb_hid.dir/usr/share/pico-sdk/lib/tinyusb/hw/bsp/rp2040/family.c.o
 *(.srodata*)
                0x10003e08                        . = ALIGN (0x4)
 *(SORT_BY_ALIGNMENT(SORT_BY_NAME(.flashdata*)))
                0x10003e08                        . = ALIGN (0x4)

.ARM.extab
 *(.ARM.extab* .gnu.linkonce.armextab.*)
                0x10003e08                        __exidx_start = .

.ARM.exidx      0x10003e08        0x8
 *(.ARM.exidx* .gnu.linkonce.armexidx.*)
 .ARM.exidx     0x10003e08        0x8 /usr/lib/gcc/arm-none-eabi/14.2.0/../../../../arm-none-eabi/lib/thumb/v8-m.main+fp/softfp/libg.a(libc_a-memcpy.o)
 .ARM.exidx.text.__udivmoddi4
                0x10003e10        0x0 /usr/lib/gcc/arm-none-eabi/14.2.0/thumb/v8-m.main+fp/softfp/libgcc.a(_udivmoddi4.o)
                                  0x8 (size before relaxing)
                0x10003e10                        __exidx_end = .
                0x10003e10                        . = ALIGN (0x4)
                0x10003e10                        __binary_info_start = .

.binary_info    0x10003e10       0x24
 *(.binary_info.keep.*)
 .binary_info.keep.__bi_ptr84
                0x10003e10        0x4 CMakeFiles/miniusb_hid.dir/usr/share/pico-sdk/src/rp2_common/pico_standard_binary_info/standard_binary_info.c.o
 .binary_info.keep.__bi_ptr78
                0x10003e14        0x4 CMakeFiles/miniusb_hid.dir/usr/share/pico-sdk/src/rp2_common/pico_standard_binary_info/standard_binary_info.c.o
 .binary_info.keep.__bi_ptr54
                0x10003e18        0x4 CMakeFiles/miniusb_hid.dir/usr/share/pico-sdk/src/rp2_common/pico_standard_binary_info/standard_binary_info.c.o
 .binary_info.keep.__bi_ptr48
                0x10003e1c        0x4 CMakeFiles/miniusb_hid.dir/usr/share/pico-sdk/src/rp2_common/pico_standard_binary_info/standard_binary_info.c.o
 .binary_info.keep.__bi_ptr42
                0x10003e20        0x4 CMakeFiles/miniusb_hid.dir/usr/share/pico-sdk/src/rp2_common/pico_standard_binary_info/standard_binary_info.c.o
 .binary_info.keep.__bi_ptr34
                0x10003e24        0x4 CMakeFiles/miniusb_hid.dir/usr/share/pico-sdk/src/rp2_common/pico_standard_binary_info/standard_binary_info.c.o
 .binary_info.keep.__bi_ptr26
                0x10003e28        0x4 CMakeFiles/miniusb_hid.dir/usr/share/pico-sdk/src/rp2_common/pico_standard_binary_info/standard_binary_info.c.o
 .binary_info.keep.__bi_ptr163
                0x10003e2c        0x4 CMakeFiles/miniusb_hid.dir/usr/share/pico-sdk/lib/tinyusb/hw/bsp/rp2040/family.c.o
 .binary_info.keep.__bi_ptr153
                0x10003e30        0x4 CMakeFiles/miniusb_hid.dir/usr/share/pico-sdk/lib/tinyusb/hw/bsp/rp2040/family.c.o
 *(.binary_info.*)
                0x10003e34                        __binary_info_end = .
                0x10003e34                        . = ALIGN (0x4)

.ram_vector_table
                0x20000000      0x110
 *(.ram_vector_table)
 .ram_vector_table
                0x20000000      0x110 CMakeFiles/miniusb_hid.dir/usr/share/pico-sdk/src/rp2_common/pico_runtime_init/runtime_init.c.o
                0x20000000                ram_vector_table

.uninitialized_data
                0x20000110        0x0
                0x20000110                        . = ALIGN (0x4)
 *(.uninitialized_data*)

.data           0x20000110     0x1040 load address 0x10003e34
                0x20000110                        __data_start__ = .
 *(vtable)
 *(.time_critical*)
 .time_critical.mutex_enter_block_until
                0x20000110       0x6c CMakeFiles/miniusb_hid.dir/usr/share/pico-sdk/src/common/pico_sync/mutex.c.o
                0x20000110                mutex_enter_block_until
 .time_critical.mutex_try_enter_block_until
                0x2000017c       0x68 CMakeFiles/miniusb_hid.dir/usr/share/pico-sdk/src/common/pico_sync/mutex.c.o
                0x2000017c                mutex_try_enter_block_until
 .time_critical.mutex_enter_timeout_ms
                0x200001e4       0x38 CMakeFiles/miniusb_hid.dir/usr/share/pico-sdk/src/common/pico_sync/mutex.c.o
                0x200001e4                mutex_enter_timeout_ms
 .time_critical.mutex_exit
                0x2000021c       0x3c CMakeFiles/miniusb_hid.dir/usr/share/pico-sdk/src/common/pico_sync/mutex.c.o
                0x2000021c                mutex_exit
 .time_critical.reset_non_control_endpoints
                0x20000258       0x64 CMakeFiles/miniusb_hid.dir/usr/share/pico-sdk/lib/tinyusb/src/portable/raspberrypi/rp2040/dcd_rp2040.c.o
 .time_critical.hw_handle_buff_status
                0x200002bc       0x90 CMakeFiles/miniusb_hid.dir/usr/share/pico-sdk/lib/tinyusb/src/portable/raspberrypi/rp2040/dcd_rp2040.c.o
 .time_critical.dcd_rp2040_irq
                0x2000034c      0x530 CMakeFiles/miniusb_hid.dir/usr/share/pico-sdk/lib/tinyusb/src/portable/raspberrypi/rp2040/dcd_rp2040.c.o
 .time_critical.prepare_ep_buffer
                0x2000087c       0xc0 CMakeFiles/miniusb_hid.dir/usr/share/pico-sdk/lib/tinyusb/src/portable/raspberrypi/rp2040/rp2040_usb.c.o
 .time_critical.sync_ep_buffer
                0x2000093c       0xb4 CMakeFiles/miniusb_hid.dir/usr/share/pico-sdk/lib/tinyusb/src/portable/raspberrypi/rp2040/rp2040_usb.c.o
 .time_critical._hw_endpoint_xfer_sync
                0x200009f0       0x2c CMakeFiles/miniusb_hid.dir/usr/share/pico-sdk/lib/tinyusb/src/portable/raspberrypi/rp2040/rp2040_usb.c.o
 .time_critical.e15_is_bulkin_ep
                0x20000a1c       0x28 CMakeFiles/miniusb_hid.dir/usr/share/pico-sdk/lib/tinyusb/src/portable/raspberrypi/rp2040/rp2040_usb.c.o
 .time_critical.e15_is_critical_frame_period
                0x20000a44       0x28 CMakeFiles/miniusb_hid.dir/usr/share/pico-sdk/lib/tinyusb/src/portable/raspberrypi/rp2040/rp2040_usb.c.o
 .time_critical.hw_endpoint_reset_transfer
                0x20000a6c        0xc CMakeFiles/miniusb_hid.dir/usr/share/pico-sdk/lib/tinyusb/src/portable/raspberrypi/rp2040/rp2040_usb.c.o
                0x20000a6c                hw_endpoint_reset_transfer
 .time_critical._hw_endpoint_buffer_control_update32
                0x20000a78       0x44 CMakeFiles/miniusb_hid.dir/usr/share/pico-sdk/lib/tinyusb/src/portable/raspberrypi/rp2040/rp2040_usb.c.o
                0x20000a78                _hw_endpoint_buffer_control_update32
 .time_critical.hw_endpoint_start_next_buffer
                0x20000abc       0x64 CMakeFiles/miniusb_hid.dir/usr/share/pico-sdk/lib/tinyusb/src/portable/raspberrypi/rp2040/rp2040_usb.c.o
                0x20000abc                hw_endpoint_start_next_buffer
 .time_critical.hw_endpoint_xfer_continue
                0x20000b20       0x3c CMakeFiles/miniusb_hid.dir/usr/share/pico-sdk/lib/tinyusb/src/portable/raspberrypi/rp2040/rp2040_usb.c.o
                0x20000b20                hw_endpoint_xfer_continue
 .time_critical.tinyusb
                0x20000b5c      0x218 CMakeFiles/miniusb_hid.dir/usr/share/pico-sdk/lib/tinyusb/src/device/usbd.c.o
                0x20000b5c                dcd_event_handler
 *(.text*)
 .text          0x20000d74       0x30 /usr/lib/gcc/arm-none-eabi/14.2.0/thumb/v8-m.main+fp/softfp/libgcc.a(_aeabi_uldivmod.o)
                0x20000d74                __aeabi_uldivmod
 .text.__udivmoddi4
                0x20000da4      0x2ba /usr/lib/gcc/arm-none-eabi/14.2.0/thumb/v8-m.main+fp/softfp/libgcc.a(_udivmoddi4.o)
                0x20000da4                __udivmoddi4
 *fill*         0x2000105e        0x2 
 .text          0x20001060        0x4 /usr/lib/gcc/arm-none-eabi/14.2.0/thumb/v8-m.main+fp/softfp/libgcc.a(_dvmd_tls.o)
                0x20001060                __aeabi_ldiv0
                0x20001060                __aeabi_idiv0
 *fill*         0x20001064        0x4 
 .text.__stub   0x20001068       0x30 linker stubs
                0x20001098                        . = ALIGN (0x4)
 *(.rodata*)
                0x20001098                        . = ALIGN (0x4)
 *(.data*)
 .data.string_desc_arr
                0x20001098       0x10 CMakeFiles/miniusb_hid.dir/usb_descriptors.c.o
                0x20001098                string_desc_arr
 .data.striped_spin_lock_num
                0x200010a8        0x1 CMakeFiles/miniusb_hid.dir/usr/share/pico-sdk/src/rp2_common/hardware_sync/sync.c.o
 *fill*         0x200010a9        0x3 
 .data          0x200010ac       0x48 CMakeFiles/miniusb_hid.dir/usr/share/pico-sdk/src/rp2_common/hardware_irq/irq_handler_chain.S.o
                0x200010ac                irq_handler_chain_slots
                0x200010dc                irq_handler_chain_first_slot
                0x200010e6                irq_handler_chain_remove_tail
 .data.default_alarm_pool
                0x200010f4       0x18 CMakeFiles/miniusb_hid.dir/usr/share/pico-sdk/src/common/pico_time/time.c.o
 .data.stdio_uart
                0x2000110c       0x18 CMakeFiles/miniusb_hid.dir/usr/share/pico-sdk/src/rp2_common/pico_stdio_uart/stdio_uart.c.o
                0x2000110c                stdio_uart
 .data._usbd_qdef
                0x20001124       0x1c CMakeFiles/miniusb_hid.dir/usr/share/pico-sdk/lib/tinyusb/src/device/usbd.c.o
                0x20001124                _usbd_qdef
 .data._usbd_rhport
                0x20001140        0x1 CMakeFiles/miniusb_hid.dir/usr/share/pico-sdk/lib/tinyusb/src/device/usbd.c.o
 *fill*         0x20001141        0x3 
 .data.__atexit_recursive_mutex
                0x20001144        0x4 /usr/lib/gcc/arm-none-eabi/14.2.0/../../../../arm-none-eabi/lib/thumb/v8-m.main+fp/softfp/libg.a(libc_a-__call_atexit.o)
                0x20001144                __atexit_recursive_mutex
 *(.sdata*)
                0x20001148                        . = ALIGN (0x4)
 *(.after_data.*)
                0x20001148                        . = ALIGN (0x4)
                0x20001148                        PROVIDE (__mutex_array_start = .)
 *(SORT_BY_NAME(.mutex_array.*))
 *(.mutex_array)
 .mutex_array   0x20001148        0x8 CMakeFiles/miniusb_hid.dir/usr/share/pico-sdk/src/rp2_common/pico_stdio/stdio.c.o
                0x20001150                        PROVIDE (__mutex_array_end = .)
 *(.jcr)
                0x20001150                        . = ALIGN (0x4)

.igot.plt       0x20001150        0x0 load address 0x10004e74
 .igot.plt      0x20001150        0x0 /usr/lib/gcc/arm-none-eabi/14.2.0/thumb/v8-m.main+fp/softfp/crtbegin.o

.tdata          0x20001150        0x0 load address 0x10004e74
                0x20001150                        . = ALIGN (0x4)
 *(.tdata .tdata.* .gnu.linkonce.td.*)
                0x20001150                        __tdata_end = .
                0x20001150                        PROVIDE (__data_end__ = .)
                0x10003e34                        __etext = LOADADDR (.data)

.tbss           0x20001150        0x0 load address 0x10004e74
                0x20001150                        . = ALIGN (0x4)
                0x20001150                        __bss_start__ = .
                0x20001150                        __tls_base = .
 *(.tbss .tbss.* .gnu.linkonce.tb.*)
 *(.tcommon)
                0x20001150                        __tls_end = .

.bss            0x20001150      0x9e4 load address 0x10004e74
                0x20001150                        . = ALIGN (0x4)
                0x20001150                        __tbss_end = .
 *(SORT_BY_ALIGNMENT(SORT_BY_NAME(.bss*)))
 .bss.default_alarm_pool_entries
                0x20001150      0x180 CMakeFiles/miniusb_hid.dir/usr/share/pico-sdk/src/common/pico_time/time.c.o
 .bss.__atexit  0x200012d0        0x4 /usr/lib/gcc/arm-none-eabi/14.2.0/../../../../arm-none-eabi/lib/thumb/v8-m.main+fp/softfp/libg.a(libc_a-__call_atexit.o)
                0x200012d0                __atexit
 .bss.__atexit0
                0x200012d4      0x190 /usr/lib/gcc/arm-none-eabi/14.2.0/../../../../arm-none-eabi/lib/thumb/v8-m.main+fp/softfp/libg.a(libc_a-__atexit.o)
                0x200012d4                __atexit0
 .bss.__lock___atexit_recursive_mutex
                0x20001464        0x1 /usr/lib/gcc/arm-none-eabi/14.2.0/../../../../arm-none-eabi/lib/thumb/v8-m.main+fp/softfp/libg.a(libc_a-lock.o)
                0x20001464                __lock___atexit_recursive_mutex
 *fill*         0x20001465        0x3 
 .bss._app_driver
                0x20001468        0x4 CMakeFiles/miniusb_hid.dir/usr/share/pico-sdk/lib/tinyusb/src/device/usbd.c.o
 .bss._ctrl_epbuf
                0x2000146c       0x40 CMakeFiles/miniusb_hid.dir/usr/share/pico-sdk/lib/tinyusb/src/device/usbd_control.c.o
 .bss._ctrl_xfer
                0x200014ac       0x14 CMakeFiles/miniusb_hid.dir/usr/share/pico-sdk/lib/tinyusb/src/device/usbd_control.c.o
 .bss._desc_str
                0x200014c0       0x40 CMakeFiles/miniusb_hid.dir/usb_descriptors.c.o
 .bss._hidd_epbuf
                0x20001500       0x30 CMakeFiles/miniusb_hid.dir/usr/share/pico-sdk/lib/tinyusb/src/class/hid/hid_device.c.o
 .bss._hidd_itf
                0x20001530        0xc CMakeFiles/miniusb_hid.dir/usr/share/pico-sdk/lib/tinyusb/src/class/hid/hid_device.c.o
 .bss._sw_spin_locks
                0x2000153c       0x20 CMakeFiles/miniusb_hid.dir/usr/share/pico-sdk/src/rp2_common/hardware_sync_spin_lock/sync_spin_lock.c.o
                0x2000153c                _sw_spin_locks
 .bss._tusb_rhport_role
                0x2000155c        0x2 CMakeFiles/miniusb_hid.dir/usr/share/pico-sdk/lib/tinyusb/src/tusb.c.o
                0x2000155c                _tusb_rhport_role
 *fill*         0x2000155e        0x2 
 .bss._ubsd_mutexdef
                0x20001560        0x8 CMakeFiles/miniusb_hid.dir/usr/share/pico-sdk/lib/tinyusb/src/device/usbd.c.o
 .bss._usbd_dev
                0x20001568       0x54 CMakeFiles/miniusb_hid.dir/usr/share/pico-sdk/lib/tinyusb/src/device/usbd.c.o
 .bss._usbd_mutex
                0x200015bc        0x4 CMakeFiles/miniusb_hid.dir/usr/share/pico-sdk/lib/tinyusb/src/device/usbd.c.o
 .bss._usbd_q   0x200015c0        0x4 CMakeFiles/miniusb_hid.dir/usr/share/pico-sdk/lib/tinyusb/src/device/usbd.c.o
 .bss._usbd_qdef_buf
                0x200015c4       0xc0 CMakeFiles/miniusb_hid.dir/usr/share/pico-sdk/lib/tinyusb/src/device/usbd.c.o
                0x200015c4                _usbd_qdef_buf
 .bss._used_instruction_space
                0x20001684        0xc CMakeFiles/miniusb_hid.dir/usr/share/pico-sdk/src/rp2_common/hardware_pio/pio.c.o
 .bss.chars_available_callback
                0x20001690        0x4 CMakeFiles/miniusb_hid.dir/usr/share/pico-sdk/src/rp2_common/pico_stdio_uart/stdio_uart.c.o
 .bss.chars_available_param
                0x20001694        0x4 CMakeFiles/miniusb_hid.dir/usr/share/pico-sdk/src/rp2_common/pico_stdio_uart/stdio_uart.c.o
 .bss.claimed   0x20001698        0x4 CMakeFiles/miniusb_hid.dir/usr/share/pico-sdk/src/rp2_common/hardware_sync/sync.c.o
 .bss.claimed   0x2000169c        0x2 CMakeFiles/miniusb_hid.dir/usr/share/pico-sdk/src/rp2_common/hardware_timer/timer.c.o
 *fill*         0x2000169e        0x2 
 .bss.configured_freq
                0x200016a0       0x28 CMakeFiles/miniusb_hid.dir/usr/share/pico-sdk/src/rp2_common/hardware_clocks/clocks.c.o
 .bss.drivers   0x200016c8        0x4 CMakeFiles/miniusb_hid.dir/usr/share/pico-sdk/src/rp2_common/pico_stdio/stdio.c.o
 .bss.e15_last_sof
                0x200016cc        0x4 CMakeFiles/miniusb_hid.dir/usr/share/pico-sdk/lib/tinyusb/src/portable/raspberrypi/rp2040/rp2040_usb.c.o
                0x200016cc                e15_last_sof
 .bss.filter    0x200016d0        0x4 CMakeFiles/miniusb_hid.dir/usr/share/pico-sdk/src/rp2_common/pico_stdio/stdio.c.o
 .bss.hw_endpoints
                0x200016d4      0x400 CMakeFiles/miniusb_hid.dir/usr/share/pico-sdk/lib/tinyusb/src/portable/raspberrypi/rp2040/dcd_rp2040.c.o
 .bss.last_blink_ms.0
                0x20001ad4        0x4 CMakeFiles/miniusb_hid.dir/main.c.o
 .bss.lazy_vsnprintf
                0x20001ad8        0x4 CMakeFiles/miniusb_hid.dir/usr/share/pico-sdk/src/rp2_common/pico_printf/printf.c.o
 .bss.next_buffer_ptr
                0x20001adc        0x4 CMakeFiles/miniusb_hid.dir/usr/share/pico-sdk/lib/tinyusb/src/portable/raspberrypi/rp2040/dcd_rp2040.c.o
 .bss.object.0  0x20001ae0       0x18 /usr/lib/gcc/arm-none-eabi/14.2.0/thumb/v8-m.main+fp/softfp/crtbegin.o
 .bss.pools     0x20001af8       0x20 CMakeFiles/miniusb_hid.dir/usr/share/pico-sdk/src/common/pico_time/time.c.o
 .bss.retrieved_id
                0x20001b18        0x8 CMakeFiles/miniusb_hid.dir/usr/share/pico-sdk/src/rp2_common/pico_unique_id/unique_id.c.o
 .bss.sleep_notifier
                0x20001b20        0x4 CMakeFiles/miniusb_hid.dir/usr/share/pico-sdk/src/common/pico_time/time.c.o
 .bss.uart_char_to_line_feed
                0x20001b24        0x4 CMakeFiles/miniusb_hid.dir/usr/share/pico-sdk/src/rp2_common/hardware_uart/uart.c.o
                0x20001b24                uart_char_to_line_feed
 .bss.uart_inst
                0x20001b28        0x4 CMakeFiles/miniusb_hid.dir/usr/share/pico-sdk/lib/tinyusb/hw/bsp/rp2040/family.c.o
 .bss.uart_instance
                0x20001b2c        0x4 CMakeFiles/miniusb_hid.dir/usr/share/pico-sdk/src/rp2_common/pico_stdio_uart/stdio_uart.c.o
 .bss._app_driver_count
                0x20001b30        0x1 CMakeFiles/miniusb_hid.dir/usr/share/pico-sdk/lib/tinyusb/src/device/usbd.c.o
 .bss._sof_enable
                0x20001b31        0x1 CMakeFiles/miniusb_hid.dir/usr/share/pico-sdk/lib/tinyusb/src/portable/raspberrypi/rp2040/dcd_rp2040.c.o
 .bss._usbd_queued_setup
                0x20001b32        0x1 CMakeFiles/miniusb_hid.dir/usr/share/pico-sdk/lib/tinyusb/src/device/usbd.c.o
 .bss.irq_handler_chain_free_slot_head
                0x20001b33        0x1 CMakeFiles/miniusb_hid.dir/usr/share/pico-sdk/src/rp2_common/hardware_irq/irq.c.o
 *(COMMON)
                [!provide]                        PROVIDE (__global_pointer$ = (. + 0x800))
 *(.sbss*)
                0x20001b34                        . = ALIGN (0x4)
                0x20001b34                        __bss_end__ = .

.heap           0x20001b34      0x800 load address 0x10004e74
                0x20001b34                        __end__ = .
                0x20001b34                        end = __end__
 *(.heap*)
 .heap          0x20001b34      0x800 CMakeFiles/miniusb_hid.dir/usr/share/pico-sdk/src/rp2_common/pico_crt0/crt0.S.o
                0x20080000                        __HeapLimit = (ORIGIN (RAM) + LENGTH (RAM))

.scratch_x      0x20080000        0x0 load address 0x10004e74
                0x20080000                        __scratch_x_start__ = .
 *(.scratch_x.*)
                0x20080000                        . = ALIGN (0x4)
                0x20080000                        __scratch_x_end__ = .
                0x10004e74                        __scratch_x_source__ = LOADADDR (.scratch_x)

.scratch_y      0x20081000        0x0 load address 0x10004e74
                0x20081000                        __scratch_y_start__ = .
 *(.scratch_y.*)
                0x20081000                        . = ALIGN (0x4)
                0x20081000                        __scratch_y_end__ = .
                0x10004e74                        __scratch_y_source__ = LOADADDR (.scratch_y)

.stack1_dummy
 *(.stack1*)

.stack_dummy    0x20081000      0x800
 *(.stack*)
 .stack         0x20081000      0x800 CMakeFiles/miniusb_hid.dir/usr/share/pico-sdk/src/rp2_common/pico_crt0/crt0.S.o

.flash_end      0x10004e74       0x14
 *(.embedded_end_block*)
 .embedded_end_block
                0x10004e74       0x14 CMakeFiles/miniusb_hid.dir/usr/share/pico-sdk/src/rp2_common/pico_crt0/crt0.S.o
                0x10004e88                        PROVIDE (__flash_binary_end = .)
                0x20080000                        __StackLimit = (ORIGIN (RAM) + LENGTH (RAM))
                0x20081000                        __StackOneTop = (ORIGIN (SCRATCH_X) + LENGTH (SCRATCH_X))
                0x20082000                        __StackTop = (ORIGIN (SCRATCH_Y) + LENGTH (SCRATCH_Y))
                0x20081000                        __StackOneBottom = (__StackOneTop - SIZEOF (.stack1_dummy))
                0x20081800                        __StackBottom = (__StackTop - SIZEOF (.stack_dummy))
                0x20082000                        PROVIDE (__stack = __StackTop)
                [!provide]                        PROVIDE (__heap_start = __end__)
                [!provide]                        PROVIDE (__heap_end = __HeapLimit)
                [!provide]                        PROVIDE (__tls_align = MAX (ALIGNOF (.tdata), ALIGNOF (.tbss)))
                [!provide]                        PROVIDE (__tls_size_align = (((__tls_size + __tls_align) - 0x1) & ~ ((__tls_align - 0x1))))
                [!provide]                        PROVIDE (__arm32_tls_tcb_offset = MAX (0x8, __tls_align))
                [!provide]                        PROVIDE (_end = __end__)
                [!provide]                        PROVIDE (__llvm_libc_heap_limit = __HeapLimit)
                0x00000001                        ASSERT ((__StackLimit >= __HeapLimit), region RAM overflowed)
                0x00000001                        ASSERT (((__binary_info_header_end - __logical_binary_start) <= 0x400), Binary info must be in first 1024 bytes of the binary)
                0x00000001                        ASSERT (((__embedded_block_end - __logical_binary_start) <= 0x1000), Embedded block must be in first 4096 bytes of the binary)
LOAD CMakeFiles/miniusb_hid.dir/main.c.o
LOAD CMakeFiles/miniusb_hid.dir/usb_descriptors.c.o
LOAD CMakeFiles/miniusb_hid.dir/usr/share/pico-sdk/src/rp2_common/pico_stdlib/stdlib.c.o
LOAD CMakeFiles/miniusb_hid.dir/usr/share/pico-sdk/src/rp2_common/hardware_gpio/gpio.c.o
LOAD CMakeFiles/miniusb_hid.dir/usr/share/pico-sdk/src/rp2350/pico_platform/platform.c.o
LOAD CMakeFiles/miniusb_hid.dir/usr/share/pico-sdk/src/rp2_common/pico_platform_common/common.c.o
LOAD CMakeFiles/miniusb_hid.dir/usr/share/pico-sdk/src/rp2_common/pico_platform_panic/panic.c.o
LOAD CMakeFiles/miniusb_hid.dir/usr/share/pico-sdk/src/common/hardware_claim/claim.c.o
LOAD CMakeFiles/miniusb_hid.dir/usr/share/pico-sdk/src/rp2_common/hardware_sync/sync.c.o
LOAD CMakeFiles/miniusb_hid.dir/usr/share/pico-sdk/src/rp2_common/hardware_sync_spin_lock/sync_spin_lock.c.o
LOAD CMakeFiles/miniusb_hid.dir/usr/share/pico-sdk/src/rp2_common/hardware_irq/irq.c.o
LOAD CMakeFiles/miniusb_hid.dir/usr/share/pico-sdk/src/rp2_common/hardware_irq/irq_handler_chain.S.o
LOAD CMakeFiles/miniusb_hid.dir/usr/share/pico-sdk/src/common/pico_sync/sem.c.o
LOAD CMakeFiles/miniusb_hid.dir/usr/share/pico-sdk/src/common/pico_sync/lock_core.c.o
LOAD CMakeFiles/miniusb_hid.dir/usr/share/pico-sdk/src/common/pico_sync/mutex.c.o
LOAD CMakeFiles/miniusb_hid.dir/usr/share/pico-sdk/src/common/pico_sync/critical_section.c.o
LOAD CMakeFiles/miniusb_hid.dir/usr/share/pico-sdk/src/common/pico_time/time.c.o
LOAD CMakeFiles/miniusb_hid.dir/usr/share/pico-sdk/src/common/pico_time/timeout_helper.c.o
LOAD CMakeFiles/miniusb_hid.dir/usr/share/pico-sdk/src/rp2_common/hardware_timer/timer.c.o
LOAD CMakeFiles/miniusb_hid.dir/usr/share/pico-sdk/src/common/pico_util/datetime.c.o
LOAD CMakeFiles/miniusb_hid.dir/usr/share/pico-sdk/src/common/pico_util/pheap.c.o
LOAD CMakeFiles/miniusb_hid.dir/usr/share/pico-sdk/src/common/pico_util/queue.c.o
LOAD CMakeFiles/miniusb_hid.dir/usr/share/pico-sdk/src/rp2_common/hardware_uart/uart.c.o
LOAD CMakeFiles/miniusb_hid.dir/usr/share/pico-sdk/src/rp2_common/hardware_clocks/clocks.c.o
LOAD CMakeFiles/miniusb_hid.dir/usr/share/pico-sdk/src/rp2_common/hardware_pll/pll.c.o
LOAD CMakeFiles/miniusb_hid.dir/usr/share/pico-sdk/src/rp2_common/hardware_vreg/vreg.c.o
LOAD CMakeFiles/miniusb_hid.dir/usr/share/pico-sdk/src/rp2_common/hardware_watchdog/watchdog.c.o
LOAD CMakeFiles/miniusb_hid.dir/usr/share/pico-sdk/src/rp2_common/hardware_ticks/ticks.c.o
LOAD CMakeFiles/miniusb_hid.dir/usr/share/pico-sdk/src/rp2_common/pico_bootrom/bootrom.c.o
LOAD CMakeFiles/miniusb_hid.dir/usr/share/pico-sdk/src/rp2_common/pico_bootrom/bootrom_lock.c.o
LOAD CMakeFiles/miniusb_hid.dir/usr/share/pico-sdk/src/rp2_common/hardware_boot_lock/boot_lock.c.o
LOAD CMakeFiles/miniusb_hid.dir/usr/share/pico-sdk/src/rp2_common/pico_flash/flash.c.o
LOAD CMakeFiles/miniusb_hid.dir/usr/share/pico-sdk/src/rp2_common/hardware_xosc/xosc.c.o
LOAD CMakeFiles/miniusb_hid.dir/usr/share/pico-sdk/src/rp2_common/hardware_divider/divider.c.o
LOAD CMakeFiles/miniusb_hid.dir/usr/share/pico-sdk/src/rp2_common/pico_runtime/runtime.c.o
LOAD CMakeFiles/miniusb_hid.dir/usr/share/pico-sdk/src/rp2_common/pico_runtime_init/runtime_init.c.o
LOAD CMakeFiles/miniusb_hid.dir/usr/share/pico-sdk/src/rp2_common/pico_runtime_init/runtime_init_clocks.c.o
LOAD CMakeFiles/miniusb_hid.dir/usr/share/pico-sdk/src/rp2_common/pico_runtime_init/runtime_init_stack_guard.c.o
LOAD CMakeFiles/miniusb_hid.dir/usr/share/pico-sdk/src/rp2_common/pico_bit_ops/bit_ops_aeabi.S.o
LOAD CMakeFiles/miniusb_hid.dir/usr/share/pico-sdk/src/rp2_common/pico_divider/divider_compiler.c.o
LOAD CMakeFiles/miniusb_hid.dir/usr/share/pico-sdk/src/rp2_common/pico_double/double_math.c.o
LOAD CMakeFiles/miniusb_hid.dir/usr/share/pico-sdk/src/rp2_common/pico_double/double_aeabi_dcp.S.o
LOAD CMakeFiles/miniusb_hid.dir/usr/share/pico-sdk/src/rp2_common/pico_double/double_fma_dcp.S.o
LOAD CMakeFiles/miniusb_hid.dir/usr/share/pico-sdk/src/rp2_common/pico_double/double_sci_m33.S.o
LOAD CMakeFiles/miniusb_hid.dir/usr/share/pico-sdk/src/rp2_common/pico_double/double_conv_m33.S.o
LOAD CMakeFiles/miniusb_hid.dir/usr/share/pico-sdk/src/rp2_common/pico_float/float_math.c.o
LOAD CMakeFiles/miniusb_hid.dir/usr/share/pico-sdk/src/rp2_common/pico_float/float_conv32_vfp.S.o
LOAD CMakeFiles/miniusb_hid.dir/usr/share/pico-sdk/src/rp2_common/pico_float/float_common_m33.S.o
LOAD CMakeFiles/miniusb_hid.dir/usr/share/pico-sdk/src/rp2_common/pico_float/float_sci_m33_vfp.S.o
LOAD CMakeFiles/miniusb_hid.dir/usr/share/pico-sdk/src/rp2_common/pico_malloc/malloc.c.o
LOAD CMakeFiles/miniusb_hid.dir/usr/share/pico-sdk/src/rp2_common/pico_atomic/atomic.c.o
LOAD CMakeFiles/miniusb_hid.dir/usr/share/pico-sdk/src/rp2_common/pico_cxx_options/new_delete.cpp.o
LOAD CMakeFiles/miniusb_hid.dir/usr/share/pico-sdk/src/rp2_common/pico_standard_binary_info/standard_binary_info.c.o
LOAD CMakeFiles/miniusb_hid.dir/usr/share/pico-sdk/src/rp2_common/pico_printf/printf.c.o
LOAD CMakeFiles/miniusb_hid.dir/usr/share/pico-sdk/src/rp2_common/pico_crt0/crt0.S.o
LOAD CMakeFiles/miniusb_hid.dir/usr/share/pico-sdk/src/rp2_common/pico_clib_interface/newlib_interface.c.o
LOAD CMakeFiles/miniusb_hid.dir/usr/share/pico-sdk/src/rp2_common/pico_stdio/stdio.c.o
LOAD CMakeFiles/miniusb_hid.dir/usr/share/pico-sdk/src/rp2_common/pico_stdio_uart/stdio_uart.c.o
LOAD CMakeFiles/miniusb_hid.dir/usr/share/pico-sdk/lib/tinyusb/src/portable/raspberrypi/rp2040/dcd_rp2040.c.o
LOAD CMakeFiles/miniusb_hid.dir/usr/share/pico-sdk/lib/tinyusb/src/portable/raspberrypi/rp2040/rp2040_usb.c.o
LOAD CMakeFiles/miniusb_hid.dir/usr/share/pico-sdk/lib/tinyusb/src/device/usbd.c.o
LOAD CMakeFiles/miniusb_hid.dir/usr/share/pico-sdk/lib/tinyusb/src/device/usbd_control.c.o
LOAD CMakeFiles/miniusb_hid.dir/usr/share/pico-sdk/lib/tinyusb/src/class/audio/audio_device.c.o
LOAD CMakeFiles/miniusb_hid.dir/usr/share/pico-sdk/lib/tinyusb/src/class/cdc/cdc_device.c.o
LOAD CMakeFiles/miniusb_hid.dir/usr/share/pico-sdk/lib/tinyusb/src/class/dfu/dfu_device.c.o
LOAD CMakeFiles/miniusb_hid.dir/usr/share/pico-sdk/lib/tinyusb/src/class/dfu/dfu_rt_device.c.o
LOAD CMakeFiles/miniusb_hid.dir/usr/share/pico-sdk/lib/tinyusb/src/class/hid/hid_device.c.o
LOAD CMakeFiles/miniusb_hid.dir/usr/share/pico-sdk/lib/tinyusb/src/class/midi/midi_device.c.o
LOAD CMakeFiles/miniusb_hid.dir/usr/share/pico-sdk/lib/tinyusb/src/class/msc/msc_device.c.o
LOAD CMakeFiles/miniusb_hid.dir/usr/share/pico-sdk/lib/tinyusb/src/class/net/ecm_rndis_device.c.o
LOAD CMakeFiles/miniusb_hid.dir/usr/share/pico-sdk/lib/tinyusb/src/class/net/ncm_device.c.o
LOAD CMakeFiles/miniusb_hid.dir/usr/share/pico-sdk/lib/tinyusb/src/class/usbtmc/usbtmc_device.c.o
LOAD CMakeFiles/miniusb_hid.dir/usr/share/pico-sdk/lib/tinyusb/src/class/vendor/vendor_device.c.o
LOAD CMakeFiles/miniusb_hid.dir/usr/share/pico-sdk/lib/tinyusb/src/class/video/video_device.c.o
LOAD CMakeFiles/miniusb_hid.dir/usr/share/pico-sdk/lib/tinyusb/src/tusb.c.o
LOAD CMakeFiles/miniusb_hid.dir/usr/share/pico-sdk/lib/tinyusb/src/common/tusb_fifo.c.o
LOAD CMakeFiles/miniusb_hid.dir/usr/share/pico-sdk/src/rp2_common/pico_fix/rp2040_usb_device_enumeration/rp2040_usb_device_enumeration.c.o
LOAD CMakeFiles/miniusb_hid.dir/usr/share/pico-sdk/lib/tinyusb/hw/bsp/rp2040/family.c.o
LOAD CMakeFiles/miniusb_hid.dir/usr/share/pico-sdk/src/rp2_common/pico_unique_id/unique_id.c.o
LOAD CMakeFiles/miniusb_hid.dir/usr/share/pico-sdk/src/rp2_common/hardware_flash/flash.c.o
LOAD CMakeFiles/miniusb_hid.dir/usr/share/pico-sdk/src/rp2_common/hardware_xip_cache/xip_cache.c.o
LOAD CMakeFiles/miniusb_hid.dir/usr/share/pico-sdk/src/rp2_common/hardware_pio/pio.c.o
LOAD pico-sdk/src/rp2350/boot_stage2/CMakeFiles/bs2_default_library.dir/bs2_default_padded_checksummed.S.o
LOAD /usr/lib/gcc/arm-none-eabi/14.2.0/../../../../arm-none-eabi/lib/thumb/v8-m.main+fp/softfp/libstdc++.a
LOAD /usr/lib/gcc/arm-none-eabi/14.2.0/../../../../arm-none-eabi/lib/thumb/v8-m.main+fp/softfp/libm.a
START GROUP
LOAD /usr/lib/gcc/arm-none-eabi/14.2.0/thumb/v8-m.main+fp/softfp/libgcc.a
LOAD /usr/lib/gcc/arm-none-eabi/14.2.0/../../../../arm-none-eabi/lib/thumb/v8-m.main+fp/softfp/libg.a
LOAD /usr/lib/gcc/arm-none-eabi/14.2.0/../../../../arm-none-eabi/lib/thumb/v8-m.main+fp/softfp/libc.a
END GROUP
START GROUP
LOAD /usr/lib/gcc/arm-none-eabi/14.2.0/thumb/v8-m.main+fp/softfp/libgcc.a
LOAD /usr/lib/gcc/arm-none-eabi/14.2.0/../../../../arm-none-eabi/lib/thumb/v8-m.main+fp/softfp/libc.a
LOAD /usr/lib/gcc/arm-none-eabi/14.2.0/../../../../arm-none-eabi/lib/thumb/v8-m.main+fp/softfp/libnosys.a
END GROUP
LOAD /usr/lib/gcc/arm-none-eabi/14.2.0/thumb/v8-m.main+fp/softfp/crtend.o
LOAD /usr/lib/gcc/arm-none-eabi/14.2.0/thumb/v8-m.main+fp/softfp/crtn.o
OUTPUT(miniusb_hid.elf elf32-littlearm)
LOAD linker stubs

.rel.dyn        0x10004e88        0x0
 .rel.iplt      0x10004e88        0x0 /usr/lib/gcc/arm-none-eabi/14.2.0/thumb/v8-m.main+fp/softfp/crtbegin.o

.ARM.attributes
                0x00000000       0x34
 .ARM.attributes
                0x00000000       0x26 /usr/lib/gcc/arm-none-eabi/14.2.0/thumb/v8-m.main+fp/softfp/crti.o
 .ARM.attributes
                0x00000026       0x36 /usr/lib/gcc/arm-none-eabi/14.2.0/thumb/v8-m.main+fp/softfp/crtbegin.o
 .ARM.attributes
                0x0000005c       0x38 CMakeFiles/miniusb_hid.dir/main.c.o
 .ARM.attributes
                0x00000094       0x38 CMakeFiles/miniusb_hid.dir/usb_descriptors.c.o
 .ARM.attributes
                0x000000cc       0x38 CMakeFiles/miniusb_hid.dir/usr/share/pico-sdk/src/rp2_common/hardware_gpio/gpio.c.o
 .ARM.attributes
                0x00000104       0x38 CMakeFiles/miniusb_hid.dir/usr/share/pico-sdk/src/rp2_common/pico_platform_panic/panic.c.o
 .ARM.attributes
                0x0000013c       0x38 CMakeFiles/miniusb_hid.dir/usr/share/pico-sdk/src/common/hardware_claim/claim.c.o
 .ARM.attributes
                0x00000174       0x38 CMakeFiles/miniusb_hid.dir/usr/share/pico-sdk/src/rp2_common/hardware_sync/sync.c.o
 .ARM.attributes
                0x000001ac       0x38 CMakeFiles/miniusb_hid.dir/usr/share/pico-sdk/src/rp2_common/hardware_sync_spin_lock/sync_spin_lock.c.o
 .ARM.attributes
                0x000001e4       0x38 CMakeFiles/miniusb_hid.dir/usr/share/pico-sdk/src/rp2_common/hardware_irq/irq.c.o
 .ARM.attributes
                0x0000021c       0x28 CMakeFiles/miniusb_hid.dir/usr/share/pico-sdk/src/rp2_common/hardware_irq/irq_handler_chain.S.o
 .ARM.attributes
                0x00000244       0x38 CMakeFiles/miniusb_hid.dir/usr/share/pico-sdk/src/common/pico_sync/lock_core.c.o
 .ARM.attributes
                0x0000027c       0x38 CMakeFiles/miniusb_hid.dir/usr/share/pico-sdk/src/common/pico_sync/mutex.c.o
 .ARM.attributes
                0x000002b4       0x38 CMakeFiles/miniusb_hid.dir/usr/share/pico-sdk/src/common/pico_sync/critical_section.c.o
 .ARM.attributes
                0x000002ec       0x38 CMakeFiles/miniusb_hid.dir/usr/share/pico-sdk/src/common/pico_time/time.c.o
 .ARM.attributes
                0x00000324       0x38 CMakeFiles/miniusb_hid.dir/usr/share/pico-sdk/src/rp2_common/hardware_timer/timer.c.o
 .ARM.attributes
                0x0000035c       0x38 CMakeFiles/miniusb_hid.dir/usr/share/pico-sdk/src/rp2_common/hardware_uart/uart.c.o
 .ARM.attributes
                0x00000394       0x38 CMakeFiles/miniusb_hid.dir/usr/share/pico-sdk/src/rp2_common/hardware_clocks/clocks.c.o
 .ARM.attributes
                0x000003cc       0x38 CMakeFiles/miniusb_hid.dir/usr/share/pico-sdk/src/rp2_common/hardware_pll/pll.c.o
 .ARM.attributes
                0x00000404       0x38 CMakeFiles/miniusb_hid.dir/usr/share/pico-sdk/src/rp2_common/hardware_ticks/ticks.c.o
 .ARM.attributes
                0x0000043c       0x38 CMakeFiles/miniusb_hid.dir/usr/share/pico-sdk/src/rp2_common/pico_bootrom/bootrom.c.o
 .ARM.attributes
                0x00000474       0x38 CMakeFiles/miniusb_hid.dir/usr/share/pico-sdk/src/rp2_common/pico_bootrom/bootrom_lock.c.o
 .ARM.attributes
                0x000004ac       0x38 CMakeFiles/miniusb_hid.dir/usr/share/pico-sdk/src/rp2_common/hardware_boot_lock/boot_lock.c.o
 .ARM.attributes
                0x000004e4       0x38 CMakeFiles/miniusb_hid.dir/usr/share/pico-sdk/src/rp2_common/hardware_xosc/xosc.c.o
 .ARM.attributes
                0x0000051c       0x38 CMakeFiles/miniusb_hid.dir/usr/share/pico-sdk/src/rp2_common/pico_runtime/runtime.c.o
 .ARM.attributes
                0x00000554       0x38 CMakeFiles/miniusb_hid.dir/usr/share/pico-sdk/src/rp2_common/pico_runtime_init/runtime_init.c.o
 .ARM.attributes
                0x0000058c       0x38 CMakeFiles/miniusb_hid.dir/usr/share/pico-sdk/src/rp2_common/pico_runtime_init/runtime_init_clocks.c.o
 .ARM.attributes
                0x000005c4       0x38 CMakeFiles/miniusb_hid.dir/usr/share/pico-sdk/src/rp2_common/pico_standard_binary_info/standard_binary_info.c.o
 .ARM.attributes
                0x000005fc       0x38 CMakeFiles/miniusb_hid.dir/usr/share/pico-sdk/src/rp2_common/pico_printf/printf.c.o
 .ARM.attributes
                0x00000634       0x28 CMakeFiles/miniusb_hid.dir/usr/share/pico-sdk/src/rp2_common/pico_crt0/crt0.S.o
 .ARM.attributes
                0x0000065c       0x38 CMakeFiles/miniusb_hid.dir/usr/share/pico-sdk/src/rp2_common/pico_clib_interface/newlib_interface.c.o
 .ARM.attributes
                0x00000694       0x38 CMakeFiles/miniusb_hid.dir/usr/share/pico-sdk/src/rp2_common/pico_stdio/stdio.c.o
 .ARM.attributes
                0x000006cc       0x38 CMakeFiles/miniusb_hid.dir/usr/share/pico-sdk/src/rp2_common/pico_stdio_uart/stdio_uart.c.o
 .ARM.attributes
                0x00000704       0x38 CMakeFiles/miniusb_hid.dir/usr/share/pico-sdk/lib/tinyusb/src/portable/raspberrypi/rp2040/dcd_rp2040.c.o
 .ARM.attributes
                0x0000073c       0x38 CMakeFiles/miniusb_hid.dir/usr/share/pico-sdk/lib/tinyusb/src/portable/raspberrypi/rp2040/rp2040_usb.c.o
 .ARM.attributes
                0x00000774       0x38 CMakeFiles/miniusb_hid.dir/usr/share/pico-sdk/lib/tinyusb/src/device/usbd.c.o
 .ARM.attributes
                0x000007ac       0x38 CMakeFiles/miniusb_hid.dir/usr/share/pico-sdk/lib/tinyusb/src/device/usbd_control.c.o
 .ARM.attributes
                0x000007e4       0x38 CMakeFiles/miniusb_hid.dir/usr/share/pico-sdk/lib/tinyusb/src/class/hid/hid_device.c.o
 .ARM.attributes
                0x0000081c       0x38 CMakeFiles/miniusb_hid.dir/usr/share/pico-sdk/lib/tinyusb/src/tusb.c.o
 .ARM.attributes
                0x00000854       0x38 CMakeFiles/miniusb_hid.dir/usr/share/pico-sdk/lib/tinyusb/src/common/tusb_fifo.c.o
 .ARM.attributes
                0x0000088c       0x38 CMakeFiles/miniusb_hid.dir/usr/share/pico-sdk/lib/tinyusb/hw/bsp/rp2040/family.c.o
 .ARM.attributes
                0x000008c4       0x38 CMakeFiles/miniusb_hid.dir/usr/share/pico-sdk/src/rp2_common/pico_unique_id/unique_id.c.o
 .ARM.attributes
                0x000008fc       0x38 CMakeFiles/miniusb_hid.dir/usr/share/pico-sdk/src/rp2_common/hardware_pio/pio.c.o
 .ARM.attributes
                0x00000934       0x26 /usr/lib/gcc/arm-none-eabi/14.2.0/thumb/v8-m.main+fp/softfp/libgcc.a(_aeabi_uldivmod.o)
 .ARM.attributes
                0x0000095a       0x36 /usr/lib/gcc/arm-none-eabi/14.2.0/thumb/v8-m.main+fp/softfp/libgcc.a(_udivmoddi4.o)
 .ARM.attributes
                0x00000990       0x26 /usr/lib/gcc/arm-none-eabi/14.2.0/thumb/v8-m.main+fp/softfp/libgcc.a(_dvmd_tls.o)
 .ARM.attributes
                0x000009b6       0x36 /usr/lib/gcc/arm-none-eabi/14.2.0/../../../../arm-none-eabi/lib/thumb/v8-m.main+fp/softfp/libg.a(libc_a-atexit.o)
 .ARM.attributes
                0x000009ec       0x36 /usr/lib/gcc/arm-none-eabi/14.2.0/../../../../arm-none-eabi/lib/thumb/v8-m.main+fp/softfp/libg.a(libc_a-memset.o)
 .ARM.attributes
                0x00000a22       0x36 /usr/lib/gcc/arm-none-eabi/14.2.0/../../../../arm-none-eabi/lib/thumb/v8-m.main+fp/softfp/libg.a(libc_a-fini.o)
 .ARM.attributes
                0x00000a58       0x36 /usr/lib/gcc/arm-none-eabi/14.2.0/../../../../arm-none-eabi/lib/thumb/v8-m.main+fp/softfp/libg.a(libc_a-lock.o)
 .ARM.attributes
                0x00000a8e       0x24 /usr/lib/gcc/arm-none-eabi/14.2.0/../../../../arm-none-eabi/lib/thumb/v8-m.main+fp/softfp/libg.a(libc_a-memcpy.o)
 .ARM.attributes
                0x00000ab2       0x36 /usr/lib/gcc/arm-none-eabi/14.2.0/../../../../arm-none-eabi/lib/thumb/v8-m.main+fp/softfp/libg.a(libc_a-strlen-stub.o)
 .ARM.attributes
                0x00000ae8       0x36 /usr/lib/gcc/arm-none-eabi/14.2.0/../../../../arm-none-eabi/lib/thumb/v8-m.main+fp/softfp/libg.a(libc_a-__atexit.o)
 .ARM.attributes
                0x00000b1e       0x36 /usr/lib/gcc/arm-none-eabi/14.2.0/../../../../arm-none-eabi/lib/thumb/v8-m.main+fp/softfp/libg.a(libc_a-__call_atexit.o)

.comment        0x00000000       0x1e
 .comment       0x00000000       0x1e CMakeFiles/miniusb_hid.dir/main.c.o
                                 0x1f (size before relaxing)
 .comment       0x0000001e       0x1f CMakeFiles/miniusb_hid.dir/usb_descriptors.c.o
 .comment       0x0000001e       0x1f CMakeFiles/miniusb_hid.dir/usr/share/pico-sdk/src/rp2_common/hardware_gpio/gpio.c.o
 .comment       0x0000001e       0x1f CMakeFiles/miniusb_hid.dir/usr/share/pico-sdk/src/rp2_common/pico_platform_panic/panic.c.o
 .comment       0x0000001e       0x1f CMakeFiles/miniusb_hid.dir/usr/share/pico-sdk/src/common/hardware_claim/claim.c.o
 .comment       0x0000001e       0x1f CMakeFiles/miniusb_hid.dir/usr/share/pico-sdk/src/rp2_common/hardware_sync/sync.c.o
 .comment       0x0000001e       0x1f CMakeFiles/miniusb_hid.dir/usr/share/pico-sdk/src/rp2_common/hardware_sync_spin_lock/sync_spin_lock.c.o
 .comment       0x0000001e       0x1f CMakeFiles/miniusb_hid.dir/usr/share/pico-sdk/src/rp2_common/hardware_irq/irq.c.o
 .comment       0x0000001e       0x1f CMakeFiles/miniusb_hid.dir/usr/share/pico-sdk/src/common/pico_sync/lock_core.c.o
 .comment       0x0000001e       0x1f CMakeFiles/miniusb_hid.dir/usr/share/pico-sdk/src/common/pico_sync/mutex.c.o
 .comment       0x0000001e       0x1f CMakeFiles/miniusb_hid.dir/usr/share/pico-sdk/src/common/pico_sync/critical_section.c.o
 .comment       0x0000001e       0x1f CMakeFiles/miniusb_hid.dir/usr/share/pico-sdk/src/common/pico_time/time.c.o
 .comment       0x0000001e       0x1f CMakeFiles/miniusb_hid.dir/usr/share/pico-sdk/src/rp2_common/hardware_timer/timer.c.o
 .comment       0x0000001e       0x1f CMakeFiles/miniusb_hid.dir/usr/share/pico-sdk/src/rp2_common/hardware_uart/uart.c.o
 .comment       0x0000001e       0x1f CMakeFiles/miniusb_hid.dir/usr/share/pico-sdk/src/rp2_common/hardware_clocks/clocks.c.o
 .comment       0x0000001e       0x1f CMakeFiles/miniusb_hid.dir/usr/share/pico-sdk/src/rp2_common/hardware_pll/pll.c.o
 .comment       0x0000001e       0x1f CMakeFiles/miniusb_hid.dir/usr/share/pico-sdk/src/rp2_common/hardware_ticks/ticks.c.o
 .comment       0x0000001e       0x1f CMakeFiles/miniusb_hid.dir/usr/share/pico-sdk/src/rp2_common/pico_bootrom/bootrom.c.o
 .comment       0x0000001e       0x1f CMakeFiles/miniusb_hid.dir/usr/share/pico-sdk/src/rp2_common/pico_bootrom/bootrom_lock.c.o
 .comment       0x0000001e       0x1f CMakeFiles/miniusb_hid.dir/usr/share/pico-sdk/src/rp2_common/hardware_boot_lock/boot_lock.c.o
 .comment       0x0000001e       0x1f CMakeFiles/miniusb_hid.dir/usr/share/pico-sdk/src/rp2_common/hardware_xosc/xosc.c.o
 .comment       0x0000001e       0x1f CMakeFiles/miniusb_hid.dir/usr/share/pico-sdk/src/rp2_common/pico_runtime/runtime.c.o
 .comment       0x0000001e       0x1f CMakeFiles/miniusb_hid.dir/usr/share/pico-sdk/src/rp2_common/pico_runtime_init/runtime_init.c.o
 .comment       0x0000001e       0x1f CMakeFiles/miniusb_hid.dir/usr/share/pico-sdk/src/rp2_common/pico_runtime_init/runtime_init_clocks.c.o
 .comment       0x0000001e       0x1f CMakeFiles/miniusb_hid.dir/usr/share/pico-sdk/src/rp2_common/pico_standard_binary_info/standard_binary_info.c.o
 .comment       0x0000001e       0x1f CMakeFiles/miniusb_hid.dir/usr/share/pico-sdk/src/rp2_common/pico_printf/printf.c.o
 .comment       0x0000001e       0x1f CMakeFiles/miniusb_hid.dir/usr/share/pico-sdk/src/rp2_common/pico_clib_interface/newlib_interface.c.o
 .comment       0x0000001e       0x1f CMakeFiles/miniusb_hid.dir/usr/share/pico-sdk/src/rp2_common/pico_stdio/stdio.c.o
 .comment       0x0000001e       0x1f CMakeFiles/miniusb_hid.dir/usr/share/pico-sdk/src/rp2_common/pico_stdio_uart/stdio_uart.c.o
 .comment       0x0000001e       0x1f CMakeFiles/miniusb_hid.dir/usr/share/pico-sdk/lib/tinyusb/src/portable/raspberrypi/rp2040/dcd_rp2040.c.o
 .comment       0x0000001e       0x1f CMakeFiles/miniusb_hid.dir/usr/share/pico-sdk/lib/tinyusb/src/portable/raspberrypi/rp2040/rp2040_usb.c.o
 .comment       0x0000001e       0x1f CMakeFiles/miniusb_hid.dir/usr/share/pico-sdk/lib/tinyusb/src/device/usbd.c.o
 .comment       0x0000001e       0x1f CMakeFiles/miniusb_hid.dir/usr/share/pico-sdk/lib/tinyusb/src/device/usbd_control.c.o
 .comment       0x0000001e       0x1f CMakeFiles/miniusb_hid.dir/usr/share/pico-sdk/lib/tinyusb/src/class/hid/hid_device.c.o
 .comment       0x0000001e       0x1f CMakeFiles/miniusb_hid.dir/usr/share/pico-sdk/lib/tinyusb/src/tusb.c.o
 .comment       0x0000001e       0x1f CMakeFiles/miniusb_hid.dir/usr/share/pico-sdk/lib/tinyusb/src/common/tusb_fifo.c.o
 .comment       0x0000001e       0x1f CMakeFiles/miniusb_hid.dir/usr/share/pico-sdk/lib/tinyusb/hw/bsp/rp2040/family.c.o
 .comment       0x0000001e       0x1f CMakeFiles/miniusb_hid.dir/usr/share/pico-sdk/src/rp2_common/pico_unique_id/unique_id.c.o
 .comment       0x0000001e       0x1f CMakeFiles/miniusb_hid.dir/usr/share/pico-sdk/src/rp2_common/hardware_pio/pio.c.o
 .comment       0x0000001e       0x1f /usr/lib/gcc/arm-none-eabi/14.2.0/thumb/v8-m.main+fp/softfp/libgcc.a(_udivmoddi4.o)
 .comment       0x0000001e       0x1f /usr/lib/gcc/arm-none-eabi/14.2.0/../../../../arm-none-eabi/lib/thumb/v8-m.main+fp/softfp/libg.a(libc_a-atexit.o)
 .comment       0x0000001e       0x1f /usr/lib/gcc/arm-none-eabi/14.2.0/../../../../arm-none-eabi/lib/thumb/v8-m.main+fp/softfp/libg.a(libc_a-memset.o)
 .comment       0x0000001e       0x1f /usr/lib/gcc/arm-none-eabi/14.2.0/../../../../arm-none-eabi/lib/thumb/v8-m.main+fp/softfp/libg.a(libc_a-fini.o)
 .comment       0x0000001e       0x1f /usr/lib/gcc/arm-none-eabi/14.2.0/../../../../arm-none-eabi/lib/thumb/v8-m.main+fp/softfp/libg.a(libc_a-lock.o)
 .comment       0x0000001e       0x1f /usr/lib/gcc/arm-none-eabi/14.2.0/../../../../arm-none-eabi/lib/thumb/v8-m.main+fp/softfp/libg.a(libc_a-strlen-stub.o)
 .comment       0x0000001e       0x1f /usr/lib/gcc/arm-none-eabi/14.2.0/../../../../arm-none-eabi/lib/thumb/v8-m.main+fp/softfp/libg.a(libc_a-__atexit.o)
 .comment       0x0000001e       0x1f /usr/lib/gcc/arm-none-eabi/14.2.0/../../../../arm-none-eabi/lib/thumb/v8-m.main+fp/softfp/libg.a(libc_a-__call_atexit.o)

.debug_info     0x00000000    0x39956
 .debug_info    0x00000000     0x234b CMakeFiles/miniusb_hid.dir/main.c.o
 .debug_info    0x0000234b      0xad7 CMakeFiles/miniusb_hid.dir/usb_descriptors.c.o
 .debug_info    0x00002e22     0x2416 CMakeFiles/miniusb_hid.dir/usr/share/pico-sdk/src/rp2_common/hardware_gpio/gpio.c.o
 .debug_info    0x00005238      0x1be CMakeFiles/miniusb_hid.dir/usr/share/pico-sdk/src/rp2_common/pico_platform_panic/panic.c.o
 .debug_info    0x000053f6      0xb78 CMakeFiles/miniusb_hid.dir/usr/share/pico-sdk/src/common/hardware_claim/claim.c.o
 .debug_info    0x00005f6e      0x46f CMakeFiles/miniusb_hid.dir/usr/share/pico-sdk/src/rp2_common/hardware_sync/sync.c.o
 .debug_info    0x000063dd     0x145e CMakeFiles/miniusb_hid.dir/usr/share/pico-sdk/src/rp2_common/hardware_sync_spin_lock/sync_spin_lock.c.o
 .debug_info    0x0000783b     0x262d CMakeFiles/miniusb_hid.dir/usr/share/pico-sdk/src/rp2_common/hardware_irq/irq.c.o
 .debug_info    0x00009e68      0x187 CMakeFiles/miniusb_hid.dir/usr/share/pico-sdk/src/common/pico_sync/lock_core.c.o
 .debug_info    0x00009fef     0x1e7c CMakeFiles/miniusb_hid.dir/usr/share/pico-sdk/src/common/pico_sync/mutex.c.o
 .debug_info    0x0000be6b      0x389 CMakeFiles/miniusb_hid.dir/usr/share/pico-sdk/src/common/pico_sync/critical_section.c.o
 .debug_info    0x0000c1f4     0x5492 CMakeFiles/miniusb_hid.dir/usr/share/pico-sdk/src/common/pico_time/time.c.o
 .debug_info    0x00011686     0x30c6 CMakeFiles/miniusb_hid.dir/usr/share/pico-sdk/src/rp2_common/hardware_timer/timer.c.o
 .debug_info    0x0001474c     0x19a6 CMakeFiles/miniusb_hid.dir/usr/share/pico-sdk/src/rp2_common/hardware_uart/uart.c.o
 .debug_info    0x000160f2     0x28c2 CMakeFiles/miniusb_hid.dir/usr/share/pico-sdk/src/rp2_common/hardware_clocks/clocks.c.o
 .debug_info    0x000189b4      0x507 CMakeFiles/miniusb_hid.dir/usr/share/pico-sdk/src/rp2_common/hardware_pll/pll.c.o
 .debug_info    0x00018ebb      0x26c CMakeFiles/miniusb_hid.dir/usr/share/pico-sdk/src/rp2_common/hardware_ticks/ticks.c.o
 .debug_info    0x00019127     0x10ab CMakeFiles/miniusb_hid.dir/usr/share/pico-sdk/src/rp2_common/pico_bootrom/bootrom.c.o
 .debug_info    0x0001a1d2      0x1c4 CMakeFiles/miniusb_hid.dir/usr/share/pico-sdk/src/rp2_common/pico_bootrom/bootrom_lock.c.o
 .debug_info    0x0001a396      0x316 CMakeFiles/miniusb_hid.dir/usr/share/pico-sdk/src/rp2_common/hardware_boot_lock/boot_lock.c.o
 .debug_info    0x0001a6ac      0x1b1 CMakeFiles/miniusb_hid.dir/usr/share/pico-sdk/src/rp2_common/hardware_xosc/xosc.c.o
 .debug_info    0x0001a85d      0x21a CMakeFiles/miniusb_hid.dir/usr/share/pico-sdk/src/rp2_common/pico_runtime/runtime.c.o
 .debug_info    0x0001aa77     0x1c34 CMakeFiles/miniusb_hid.dir/usr/share/pico-sdk/src/rp2_common/pico_runtime_init/runtime_init.c.o
 .debug_info    0x0001c6ab      0x7c9 CMakeFiles/miniusb_hid.dir/usr/share/pico-sdk/src/rp2_common/pico_runtime_init/runtime_init_clocks.c.o
 .debug_info    0x0001ce74      0x2b8 CMakeFiles/miniusb_hid.dir/usr/share/pico-sdk/src/rp2_common/pico_standard_binary_info/standard_binary_info.c.o
 .debug_info    0x0001d12c     0x22ff CMakeFiles/miniusb_hid.dir/usr/share/pico-sdk/src/rp2_common/pico_printf/printf.c.o