Processing m5stickc_plus2 (platform: espressif32@6.9.0; board: m5stick-c; framework: arduino)
--------------------------------------------------------------------------------
Verbose mode can be enabled via `-v, --verbose` option
CONFIGURATION: https://docs.platformio.org/page/boards/espressif32/m5stick-c.html
PLATFORM: Espressif 32 (6.9.0) > M5Stick-C
HARDWARE: ESP32 240MHz, 320KB RAM, 4MB Flash
DEBUG: Current (cmsis-dap) External (cmsis-dap, esp-bridge, esp-prog, iot-bus-jtag, jlink, minimodule, olimex-arm-usb-ocd, olimex-arm-usb-ocd-h, olimex-arm-usb-tiny-h, olimex-jtag-tiny, tumpa)
PACKAGES: 
 - framework-arduinoespressif32 @ 3.20017.241212+sha.dcc1105b 
 - tool-esptoolpy @ 1.40501.0 (4.5.1) 
 - toolchain-xtensa-esp32 @ 8.4.0+2021r2-patch5
LDF: Library Dependency Finder -> https://bit.ly/configure-pio-ldf
LDF Modes: Finder ~ chain, Compatibility ~ soft
Found 38 compatible libraries
Scanning dependencies...
Dependency Graph
|-- GFX Library for Arduino @ 1.4.7
|-- XPT2046_Touchscreen @ 0.0.0-alpha+sha.26b691b2c8
Building in release mode
Retrieving maximum program size .pio/build/m5stickc_plus2/firmware.elf
Checking size .pio/build/m5stickc_plus2/firmware.elf
Advanced Memory Usage is available via "PlatformIO Home > Project Inspect"
RAM:   [==        ]  18.0% (used 59048 bytes from 327680 bytes)
Flash: [=====     ]  49.6% (used 650721 bytes from 1310720 bytes)
========================= [SUCCESS] Took 6.20 seconds =========================
