Processing m5stickc_plus2 (platform: espressif32@6.9.0; board: m5stick-c; framework: arduino)
--------------------------------------------------------------------------------
Verbose mode can be enabled via `-v, --verbose` option
CONFIGURATION: https://docs.platformio.org/page/boards/espressif32/m5stick-c.html
PLATFORM: Espressif 32 (6.9.0) > M5Stick-C
HARDWARE: ESP32 240MHz, 320KB RAM, 4MB Flash
DEBUG: Current (cmsis-dap) External (cmsis-dap, esp-bridge, esp-prog, iot-bus-jtag, jlink, minimodule, olimex-arm-usb-ocd, olimex-arm-usb-ocd-h, olimex-arm-usb-tiny-h, olimex-jtag-tiny, tumpa)
PACKAGES: 
 - framework-arduinoespressif32 @ 3.20017.241212+sha.dcc1105b 
 - tool-esptoolpy @ 1.40501.0 (4.5.1) 
 - toolchain-xtensa-esp32 @ 8.4.0+2021r2-patch5
LDF: Library Dependency Finder -> https://bit.ly/configure-pio-ldf
LDF Modes: Finder ~ chain, Compatibility ~ soft
Found 36 compatible libraries
Scanning dependencies...
Dependency Graph
|-- M5StickCPlus2 @ 1.0.2
|-- Wire @ 2.0.0
Building in release mode
Compiling .pio/build/m5stickc_plus2/src/AnimMgr.cpp.o
Compiling .pio/build/m5stickc_plus2/src/Camera.cpp.o
Compiling .pio/build/m5stickc_plus2/src/EnemiesGHZ.cpp.o
Compiling .pio/build/m5stickc_plus2/src/Enemy.cpp.o
Compiling .pio/build/m5stickc_plus2/src/Entity.cpp.o
Compiling .pio/build/m5stickc_plus2/src/GameMath.cpp.o
Compiling .pio/build/m5stickc_plus2/src/GimmicksGHZ.cpp.o
Compiling .pio/build/m5stickc_plus2/src/Keyboard.cpp.o
Compiling .pio/build/m5stickc_plus2/src/LayerSwitcher.cpp.o
Compiling .pio/build/m5stickc_plus2/src/Level.cpp.o
Compiling .pio/build/m5stickc_plus2/src/Player.cpp.o
Compiling .pio/build/m5stickc_plus2/src/Ring.cpp.o
Compiling .pio/build/m5stickc_plus2/src/Screen.cpp.o
Compiling .pio/build/m5stickc_plus2/src/Sfx.cpp.o
Compiling .pio/build/m5stickc_plus2/src/Spring.cpp.o
Compiling .pio/build/m5stickc_plus2/src/Terrain.cpp.o
Compiling .pio/build/m5stickc_plus2/src/UNIT_MiniJoyC.cpp.o
Compiling .pio/build/m5stickc_plus2/src/main.cpp.o
Building .pio/build/m5stickc_plus2/bootloader.bin
Generating partitions .pio/build/m5stickc_plus2/partitions.bin
esptool.py v4.5.1
Creating esp32 image...
Merged 1 ELF section
Successfully created esp32 image.
Compiling .pio/build/m5stickc_plus2/lib018/SPI/SPI.cpp.o
Compiling .pio/build/m5stickc_plus2/lib3ec/Wire/Wire.cpp.o
Compiling .pio/build/m5stickc_plus2/lib3a7/M5GFX/M5GFX.cpp.o
Archiving .pio/build/m5stickc_plus2/lib3ec/libWire.a
Archiving .pio/build/m5stickc_plus2/lib018/libSPI.a
Indexing .pio/build/m5stickc_plus2/lib3ec/libWire.a
Indexing .pio/build/m5stickc_plus2/lib018/libSPI.a
Compiling .pio/build/m5stickc_plus2/lib3a7/M5GFX/lgfx/Fonts/IPA/lgfx_font_japan.c.o
Compiling .pio/build/m5stickc_plus2/lib3a7/M5GFX/lgfx/Fonts/efont/lgfx_efont_cn.c.o
Compiling .pio/build/m5stickc_plus2/lib3a7/M5GFX/lgfx/Fonts/efont/lgfx_efont_ja.c.o
Compiling .pio/build/m5stickc_plus2/lib3a7/M5GFX/lgfx/Fonts/efont/lgfx_efont_kr.c.o
Compiling .pio/build/m5stickc_plus2/lib3a7/M5GFX/lgfx/Fonts/efont/lgfx_efont_tw.c.o
Compiling .pio/build/m5stickc_plus2/lib3a7/M5GFX/lgfx/utility/lgfx_miniz.c.o
Compiling .pio/build/m5stickc_plus2/lib3a7/M5GFX/lgfx/utility/lgfx_pngle.c.o
Compiling .pio/build/m5stickc_plus2/lib3a7/M5GFX/lgfx/utility/lgfx_qoi.c.o
Compiling .pio/build/m5stickc_plus2/lib3a7/M5GFX/lgfx/utility/lgfx_qrcode.c.o
Compiling .pio/build/m5stickc_plus2/lib3a7/M5GFX/lgfx/utility/lgfx_tjpgd.c.o
Compiling .pio/build/m5stickc_plus2/lib3a7/M5GFX/lgfx/v1/LGFXBase.cpp.o
Compiling .pio/build/m5stickc_plus2/lib3a7/M5GFX/lgfx/v1/LGFX_Button.cpp.o
Compiling .pio/build/m5stickc_plus2/lib3a7/M5GFX/lgfx/v1/LGFX_Sprite.cpp.o
Compiling .pio/build/m5stickc_plus2/lib3a7/M5GFX/lgfx/v1/lgfx_fonts.cpp.o
Compiling .pio/build/m5stickc_plus2/lib3a7/M5GFX/lgfx/v1/misc/DividedFrameBuffer.cpp.o
Compiling .pio/build/m5stickc_plus2/lib3a7/M5GFX/lgfx/v1/misc/SpriteBuffer.cpp.o
Compiling .pio/build/m5stickc_plus2/lib3a7/M5GFX/lgfx/v1/misc/common_function.cpp.o
Compiling .pio/build/m5stickc_plus2/lib3a7/M5GFX/lgfx/v1/misc/pixelcopy.cpp.o
Compiling .pio/build/m5stickc_plus2/lib3a7/M5GFX/lgfx/v1/panel/Panel_AMOLED.cpp.o
Compiling .pio/build/m5stickc_plus2/lib3a7/M5GFX/lgfx/v1/panel/Panel_Device.cpp.o
Compiling .pio/build/m5stickc_plus2/lib3a7/M5GFX/lgfx/v1/panel/Panel_EPDiy.cpp.o
Compiling .pio/build/m5stickc_plus2/lib3a7/M5GFX/lgfx/v1/panel/Panel_FrameBufferBase.cpp.o
Compiling .pio/build/m5stickc_plus2/lib3a7/M5GFX/lgfx/v1/panel/Panel_GDEW0154D67.cpp.o
Compiling .pio/build/m5stickc_plus2/lib3a7/M5GFX/lgfx/v1/panel/Panel_GDEW0154M09.cpp.o
Compiling .pio/build/m5stickc_plus2/lib3a7/M5GFX/lgfx/v1/panel/Panel_HasBuffer.cpp.o
Compiling .pio/build/m5stickc_plus2/lib3a7/M5GFX/lgfx/v1/panel/Panel_IT8951.cpp.o
Compiling .pio/build/m5stickc_plus2/lib3a7/M5GFX/lgfx/v1/panel/Panel_LCD.cpp.o
Compiling .pio/build/m5stickc_plus2/lib3a7/M5GFX/lgfx/v1/panel/Panel_M5HDMI.cpp.o
Compiling .pio/build/m5stickc_plus2/lib3a7/M5GFX/lgfx/v1/panel/Panel_M5UnitGLASS.cpp.o
Compiling .pio/build/m5stickc_plus2/lib3a7/M5GFX/lgfx/v1/panel/Panel_M5UnitLCD.cpp.o
Compiling .pio/build/m5stickc_plus2/lib3a7/M5GFX/lgfx/v1/panel/Panel_SSD1306.cpp.o
Compiling .pio/build/m5stickc_plus2/lib3a7/M5GFX/lgfx/v1/platforms/esp32/Bus_EPD.cpp.o
Compiling .pio/build/m5stickc_plus2/lib3a7/M5GFX/lgfx/v1/platforms/esp32/Bus_I2C.cpp.o
Compiling .pio/build/m5stickc_plus2/lib3a7/M5GFX/lgfx/v1/platforms/esp32/Bus_Parallel8.cpp.o
Compiling .pio/build/m5stickc_plus2/lib3a7/M5GFX/lgfx/v1/platforms/esp32/Bus_SPI.cpp.o
Compiling .pio/build/m5stickc_plus2/lib3a7/M5GFX/lgfx/v1/platforms/esp32/Light_PWM.cpp.o
Compiling .pio/build/m5stickc_plus2/lib3a7/M5GFX/lgfx/v1/platforms/esp32/Panel_CVBS.cpp.o
Compiling .pio/build/m5stickc_plus2/lib3a7/M5GFX/lgfx/v1/platforms/esp32/Panel_EPD.cpp.o
Compiling .pio/build/m5stickc_plus2/lib3a7/M5GFX/lgfx/v1/platforms/esp32/common.cpp.o
Compiling .pio/build/m5stickc_plus2/lib3a7/M5GFX/lgfx/v1/platforms/esp32c3/Bus_Parallel8.cpp.o
Compiling .pio/build/m5stickc_plus2/lib3a7/M5GFX/lgfx/v1/platforms/esp32p4/Bus_DSI.cpp.o
Compiling .pio/build/m5stickc_plus2/lib3a7/M5GFX/lgfx/v1/platforms/esp32p4/Panel_DSI.cpp.o
Compiling .pio/build/m5stickc_plus2/lib3a7/M5GFX/lgfx/v1/platforms/esp32p4/Touch_ST7123.cpp.o
Compiling .pio/build/m5stickc_plus2/lib3a7/M5GFX/lgfx/v1/platforms/esp32s2/Bus_Parallel16.cpp.o
Compiling .pio/build/m5stickc_plus2/lib3a7/M5GFX/lgfx/v1/platforms/esp32s2/Bus_Parallel8.cpp.o
Compiling .pio/build/m5stickc_plus2/lib3a7/M5GFX/lgfx/v1/platforms/esp32s3/Bus_Parallel16.cpp.o
Compiling .pio/build/m5stickc_plus2/lib3a7/M5GFX/lgfx/v1/platforms/esp32s3/Bus_Parallel8.cpp.o
Compiling .pio/build/m5stickc_plus2/lib3a7/M5GFX/lgfx/v1/platforms/framebuffer/Panel_fb.cpp.o
Compiling .pio/build/m5stickc_plus2/lib3a7/M5GFX/lgfx/v1/platforms/framebuffer/common.cpp.o
Compiling .pio/build/m5stickc_plus2/lib3a7/M5GFX/lgfx/v1/platforms/sdl/Panel_sdl.cpp.o
Compiling .pio/build/m5stickc_plus2/lib3a7/M5GFX/lgfx/v1/platforms/sdl/common.cpp.o
Compiling .pio/build/m5stickc_plus2/lib3a7/M5GFX/lgfx/v1/touch/Touch_CSTxxx.cpp.o
Compiling .pio/build/m5stickc_plus2/lib3a7/M5GFX/lgfx/v1/touch/Touch_FT5x06.cpp.o
Compiling .pio/build/m5stickc_plus2/lib3a7/M5GFX/lgfx/v1/touch/Touch_GT911.cpp.o
Compiling .pio/build/m5stickc_plus2/libfd6/M5Unified/M5Unified.cpp.o
Archiving .pio/build/m5stickc_plus2/lib3a7/libM5GFX.a
Compiling .pio/build/m5stickc_plus2/libfd6/M5Unified/utility/Button_Class.cpp.o
Compiling .pio/build/m5stickc_plus2/libfd6/M5Unified/utility/I2C_Class.cpp.o
Compiling .pio/build/m5stickc_plus2/libfd6/M5Unified/utility/IMU_Class.cpp.o
Indexing .pio/build/m5stickc_plus2/lib3a7/libM5GFX.a
Compiling .pio/build/m5stickc_plus2/libfd6/M5Unified/utility/LED_Class.cpp.o
Compiling .pio/build/m5stickc_plus2/libfd6/M5Unified/utility/Log_Class.cpp.o
Compiling .pio/build/m5stickc_plus2/libfd6/M5Unified/utility/M5Timer.cpp.o
Compiling .pio/build/m5stickc_plus2/libfd6/M5Unified/utility/Mic_Class.cpp.o
Compiling .pio/build/m5stickc_plus2/libfd6/M5Unified/utility/PI4IOE5V6408_Class.cpp.o
Compiling .pio/build/m5stickc_plus2/libfd6/M5Unified/utility/Power_Class.cpp.o
Compiling .pio/build/m5stickc_plus2/libfd6/M5Unified/utility/RTC_Class.cpp.o
Compiling .pio/build/m5stickc_plus2/libfd6/M5Unified/utility/Speaker_Class.cpp.o
Compiling .pio/build/m5stickc_plus2/libfd6/M5Unified/utility/Touch_Class.cpp.o
Compiling .pio/build/m5stickc_plus2/libfd6/M5Unified/utility/imu/AK8963_Class.cpp.o
Compiling .pio/build/m5stickc_plus2/libfd6/M5Unified/utility/imu/BMI270_Class.cpp.o
Compiling .pio/build/m5stickc_plus2/libfd6/M5Unified/utility/imu/BMM150_Class.cpp.o
Compiling .pio/build/m5stickc_plus2/libfd6/M5Unified/utility/imu/IMU_Base.cpp.o
Compiling .pio/build/m5stickc_plus2/libfd6/M5Unified/utility/imu/MPU6886_Class.cpp.o
Compiling .pio/build/m5stickc_plus2/libfd6/M5Unified/utility/imu/SH200Q_Class.cpp.o
Compiling .pio/build/m5stickc_plus2/libfd6/M5Unified/utility/led/LED_PowerHub_Class.cpp.o
Compiling .pio/build/m5stickc_plus2/libfd6/M5Unified/utility/led/LED_Strip_Class.cpp.o
Compiling .pio/build/m5stickc_plus2/libfd6/M5Unified/utility/power/AW32001_Class.cpp.o
Compiling .pio/build/m5stickc_plus2/libfd6/M5Unified/utility/power/AXP192_Class.cpp.o
Compiling .pio/build/m5stickc_plus2/libfd6/M5Unified/utility/power/AXP2101_Class.cpp.o
Compiling .pio/build/m5stickc_plus2/libfd6/M5Unified/utility/power/BQ27220_Class.cpp.o
Compiling .pio/build/m5stickc_plus2/libfd6/M5Unified/utility/power/INA226_Class.cpp.o
Compiling .pio/build/m5stickc_plus2/libfd6/M5Unified/utility/power/INA3221_Class.cpp.o
Compiling .pio/build/m5stickc_plus2/libfd6/M5Unified/utility/power/IP5306_Class.cpp.o
Compiling .pio/build/m5stickc_plus2/libfd6/M5Unified/utility/power/PY32PMIC_Class.cpp.o
Compiling .pio/build/m5stickc_plus2/libfd6/M5Unified/utility/rtc/PCF8563_Class.cpp.o
Compiling .pio/build/m5stickc_plus2/libfd6/M5Unified/utility/rtc/RTC_Base.cpp.o
Compiling .pio/build/m5stickc_plus2/libfd6/M5Unified/utility/rtc/RTC_PowerHub_Class.cpp.o
Compiling .pio/build/m5stickc_plus2/libfd6/M5Unified/utility/rtc/RX8130_Class.cpp.o
Compiling .pio/build/m5stickc_plus2/lib581/M5StickCPlus2/M5StickCPlus2.cpp.o
Archiving .pio/build/m5stickc_plus2/libfd6/libM5Unified.a
Indexing .pio/build/m5stickc_plus2/libfd6/libM5Unified.a
Compiling .pio/build/m5stickc_plus2/FrameworkArduino/Esp.cpp.o
Compiling .pio/build/m5stickc_plus2/FrameworkArduino/FirmwareMSC.cpp.o
Compiling .pio/build/m5stickc_plus2/FrameworkArduino/FunctionalInterrupt.cpp.o
Compiling .pio/build/m5stickc_plus2/FrameworkArduino/HWCDC.cpp.o
Compiling .pio/build/m5stickc_plus2/FrameworkArduino/HardwareSerial.cpp.o
Compiling .pio/build/m5stickc_plus2/FrameworkArduino/IPAddress.cpp.o
Compiling .pio/build/m5stickc_plus2/FrameworkArduino/IPv6Address.cpp.o
Archiving .pio/build/m5stickc_plus2/lib581/libM5StickCPlus2.a
Indexing .pio/build/m5stickc_plus2/lib581/libM5StickCPlus2.a
Compiling .pio/build/m5stickc_plus2/FrameworkArduino/MD5Builder.cpp.o
Compiling .pio/build/m5stickc_plus2/FrameworkArduino/Print.cpp.o
Compiling .pio/build/m5stickc_plus2/FrameworkArduino/Stream.cpp.o
Compiling .pio/build/m5stickc_plus2/FrameworkArduino/StreamString.cpp.o
Compiling .pio/build/m5stickc_plus2/FrameworkArduino/Tone.cpp.o
Compiling .pio/build/m5stickc_plus2/FrameworkArduino/USB.cpp.o
Compiling .pio/build/m5stickc_plus2/FrameworkArduino/USBCDC.cpp.o
Compiling .pio/build/m5stickc_plus2/FrameworkArduino/USBMSC.cpp.o
Compiling .pio/build/m5stickc_plus2/FrameworkArduino/WMath.cpp.o
Compiling .pio/build/m5stickc_plus2/FrameworkArduino/WString.cpp.o
Compiling .pio/build/m5stickc_plus2/FrameworkArduino/base64.cpp.o
Compiling .pio/build/m5stickc_plus2/FrameworkArduino/cbuf.cpp.o
Compiling .pio/build/m5stickc_plus2/FrameworkArduino/esp32-hal-adc.c.o
Compiling .pio/build/m5stickc_plus2/FrameworkArduino/esp32-hal-bt.c.o
Compiling .pio/build/m5stickc_plus2/FrameworkArduino/esp32-hal-cpu.c.o
Compiling .pio/build/m5stickc_plus2/FrameworkArduino/esp32-hal-dac.c.o
Compiling .pio/build/m5stickc_plus2/FrameworkArduino/esp32-hal-gpio.c.o
Compiling .pio/build/m5stickc_plus2/FrameworkArduino/esp32-hal-i2c-slave.c.o
Compiling .pio/build/m5stickc_plus2/FrameworkArduino/esp32-hal-i2c.c.o
Compiling .pio/build/m5stickc_plus2/FrameworkArduino/esp32-hal-ledc.c.o
Compiling .pio/build/m5stickc_plus2/FrameworkArduino/esp32-hal-matrix.c.o
Compiling .pio/build/m5stickc_plus2/FrameworkArduino/esp32-hal-misc.c.o
Compiling .pio/build/m5stickc_plus2/FrameworkArduino/esp32-hal-psram.c.o
Compiling .pio/build/m5stickc_plus2/FrameworkArduino/esp32-hal-rgb-led.c.o
Compiling .pio/build/m5stickc_plus2/FrameworkArduino/esp32-hal-rmt.c.o
Compiling .pio/build/m5stickc_plus2/FrameworkArduino/esp32-hal-sigmadelta.c.o
Compiling .pio/build/m5stickc_plus2/FrameworkArduino/esp32-hal-spi.c.o
Compiling .pio/build/m5stickc_plus2/FrameworkArduino/esp32-hal-time.c.o
Compiling .pio/build/m5stickc_plus2/FrameworkArduino/esp32-hal-timer.c.o
Compiling .pio/build/m5stickc_plus2/FrameworkArduino/esp32-hal-tinyusb.c.o
Compiling .pio/build/m5stickc_plus2/FrameworkArduino/esp32-hal-touch.c.o
Compiling .pio/build/m5stickc_plus2/FrameworkArduino/esp32-hal-uart.c.o
Compiling .pio/build/m5stickc_plus2/FrameworkArduino/firmware_msc_fat.c.o
Compiling .pio/build/m5stickc_plus2/FrameworkArduino/libb64/cdecode.c.o
Compiling .pio/build/m5stickc_plus2/FrameworkArduino/libb64/cencode.c.o
Compiling .pio/build/m5stickc_plus2/FrameworkArduino/main.cpp.o
Compiling .pio/build/m5stickc_plus2/FrameworkArduino/stdlib_noniso.c.o
Compiling .pio/build/m5stickc_plus2/FrameworkArduino/wiring_pulse.c.o
Compiling .pio/build/m5stickc_plus2/FrameworkArduino/wiring_shift.c.o
Archiving .pio/build/m5stickc_plus2/libFrameworkArduino.a
Indexing .pio/build/m5stickc_plus2/libFrameworkArduino.a
Linking .pio/build/m5stickc_plus2/firmware.elf
Retrieving maximum program size .pio/build/m5stickc_plus2/firmware.elf
Checking size .pio/build/m5stickc_plus2/firmware.elf
Advanced Memory Usage is available via "PlatformIO Home > Project Inspect"
RAM:   [==        ]  23.8% (used 77916 bytes from 327680 bytes)
Flash: [=======   ]  66.8% (used 875841 bytes from 1310720 bytes)
Building .pio/build/m5stickc_plus2/firmware.bin
esptool.py v4.5.1
Creating esp32 image...
Merged 2 ELF sections
Successfully created esp32 image.
======================== [SUCCESS] Took 120.56 seconds ========================
