Processing m5stickc_plus2 (platform: espressif32@6.9.0; board: m5stick-c; framework: arduino)
--------------------------------------------------------------------------------
Verbose mode can be enabled via `-v, --verbose` option
CONFIGURATION: https://docs.platformio.org/page/boards/espressif32/m5stick-c.html
PLATFORM: Espressif 32 (6.9.0) > M5Stick-C
HARDWARE: ESP32 240MHz, 320KB RAM, 4MB Flash
DEBUG: Current (cmsis-dap) External (cmsis-dap, esp-bridge, esp-prog, iot-bus-jtag, jlink, minimodule, olimex-arm-usb-ocd, olimex-arm-usb-ocd-h, olimex-arm-usb-tiny-h, olimex-jtag-tiny, tumpa)
PACKAGES: 
 - framework-arduinoespressif32 @ 3.20017.241212+sha.dcc1105b 
 - tool-esptoolpy @ 1.40501.0 (4.5.1) 
 - toolchain-xtensa-esp32 @ 8.4.0+2021r2-patch5
LDF: Library Dependency Finder -> https://bit.ly/configure-pio-ldf
LDF Modes: Finder ~ chain, Compatibility ~ soft
Found 37 compatible libraries
Scanning dependencies...
Dependency Graph
|-- IRremoteESP8266 @ 2.9.0
|-- M5StickCPlus2 @ 1.0.2
|-- WiFi @ 2.0.0
Building in release mode
Retrieving maximum program size .pio/build/m5stickc_plus2/firmware.elf
Checking size .pio/build/m5stickc_plus2/firmware.elf
Advanced Memory Usage is available via "PlatformIO Home > Project Inspect"
RAM:   [=         ]  14.9% (used 48724 bytes from 327680 bytes)
Flash: [========  ]  77.4% (used 1014449 bytes from 1310720 bytes)
========================= [SUCCESS] Took 13.06 seconds =========================
