Archive member included to satisfy reference by file (symbol)

/usr/lib/gcc/arm-none-eabi/14.2.0/thumb/v6-m/nofp/libgcc.a(_dvmd_tls.o)
                              CMakeFiles/miniusb_hid.dir/usr/share/pico-sdk/src/rp2_common/pico_divider/divider_hardware.S.o (__aeabi_idiv0)
/usr/lib/gcc/arm-none-eabi/14.2.0/../../../../arm-none-eabi/lib/thumb/v6-m/nofp/libg.a(libc_a-atexit.o)
                              /usr/lib/gcc/arm-none-eabi/14.2.0/../../../../arm-none-eabi/lib/thumb/v6-m/nofp/crt0.o (atexit)
/usr/lib/gcc/arm-none-eabi/14.2.0/../../../../arm-none-eabi/lib/thumb/v6-m/nofp/libg.a(libc_a-calloc.o)
                              CMakeFiles/miniusb_hid.dir/usr/share/pico-sdk/src/rp2_common/pico_malloc/malloc.c.o (calloc)
/usr/lib/gcc/arm-none-eabi/14.2.0/../../../../arm-none-eabi/lib/thumb/v6-m/nofp/libg.a(libc_a-callocr.o)
                              /usr/lib/gcc/arm-none-eabi/14.2.0/../../../../arm-none-eabi/lib/thumb/v6-m/nofp/libg.a(libc_a-calloc.o) (_calloc_r)
/usr/lib/gcc/arm-none-eabi/14.2.0/../../../../arm-none-eabi/lib/thumb/v6-m/nofp/libg.a(libc_a-malloc.o)
                              CMakeFiles/miniusb_hid.dir/usr/share/pico-sdk/src/rp2_common/pico_malloc/malloc.c.o (malloc)
/usr/lib/gcc/arm-none-eabi/14.2.0/../../../../arm-none-eabi/lib/thumb/v6-m/nofp/libg.a(libc_a-mallocr.o)
                              /usr/lib/gcc/arm-none-eabi/14.2.0/../../../../arm-none-eabi/lib/thumb/v6-m/nofp/libg.a(libc_a-callocr.o) (_malloc_r)
/usr/lib/gcc/arm-none-eabi/14.2.0/../../../../arm-none-eabi/lib/thumb/v6-m/nofp/libg.a(libc_a-mlock.o)
                              /usr/lib/gcc/arm-none-eabi/14.2.0/../../../../arm-none-eabi/lib/thumb/v6-m/nofp/libg.a(libc_a-mallocr.o) (__malloc_lock)
/usr/lib/gcc/arm-none-eabi/14.2.0/../../../../arm-none-eabi/lib/thumb/v6-m/nofp/libg.a(libc_a-realloc.o)
                              CMakeFiles/miniusb_hid.dir/usr/share/pico-sdk/src/rp2_common/pico_malloc/malloc.c.o (realloc)
/usr/lib/gcc/arm-none-eabi/14.2.0/../../../../arm-none-eabi/lib/thumb/v6-m/nofp/libg.a(libc_a-reallocr.o)
                              /usr/lib/gcc/arm-none-eabi/14.2.0/../../../../arm-none-eabi/lib/thumb/v6-m/nofp/libg.a(libc_a-realloc.o) (_realloc_r)
/usr/lib/gcc/arm-none-eabi/14.2.0/../../../../arm-none-eabi/lib/thumb/v6-m/nofp/libg.a(libc_a-memcmp.o)
                              CMakeFiles/miniusb_hid.dir/usr/share/pico-sdk/src/rp2_common/pico_atomic/atomic.c.o (memcmp)
/usr/lib/gcc/arm-none-eabi/14.2.0/../../../../arm-none-eabi/lib/thumb/v6-m/nofp/libg.a(libc_a-memmove.o)
                              /usr/lib/gcc/arm-none-eabi/14.2.0/../../../../arm-none-eabi/lib/thumb/v6-m/nofp/libg.a(libc_a-reallocr.o) (memmove)
/usr/lib/gcc/arm-none-eabi/14.2.0/../../../../arm-none-eabi/lib/thumb/v6-m/nofp/libg.a(libc_a-lcltime_r.o)
                              CMakeFiles/miniusb_hid.dir/usr/share/pico-sdk/src/common/pico_util/datetime.c.o (localtime_r)
/usr/lib/gcc/arm-none-eabi/14.2.0/../../../../arm-none-eabi/lib/thumb/v6-m/nofp/libg.a(libc_a-mktime.o)
                              CMakeFiles/miniusb_hid.dir/usr/share/pico-sdk/src/common/pico_util/datetime.c.o (mktime)
/usr/lib/gcc/arm-none-eabi/14.2.0/../../../../arm-none-eabi/lib/thumb/v6-m/nofp/libg.a(libc_a-month_lengths.o)
                              /usr/lib/gcc/arm-none-eabi/14.2.0/../../../../arm-none-eabi/lib/thumb/v6-m/nofp/libg.a(libc_a-lcltime_r.o) (__month_lengths)
/usr/lib/gcc/arm-none-eabi/14.2.0/../../../../arm-none-eabi/lib/thumb/v6-m/nofp/libg.a(libc_a-tzcalc_limits.o)
                              /usr/lib/gcc/arm-none-eabi/14.2.0/../../../../arm-none-eabi/lib/thumb/v6-m/nofp/libg.a(libc_a-lcltime_r.o) (__tzcalc_limits)
/usr/lib/gcc/arm-none-eabi/14.2.0/../../../../arm-none-eabi/lib/thumb/v6-m/nofp/libg.a(libc_a-tzlock.o)
                              /usr/lib/gcc/arm-none-eabi/14.2.0/../../../../arm-none-eabi/lib/thumb/v6-m/nofp/libg.a(libc_a-lcltime_r.o) (__tz_lock)
/usr/lib/gcc/arm-none-eabi/14.2.0/../../../../arm-none-eabi/lib/thumb/v6-m/nofp/libg.a(libc_a-tzset.o)
                              /usr/lib/gcc/arm-none-eabi/14.2.0/../../../../arm-none-eabi/lib/thumb/v6-m/nofp/libg.a(libc_a-lcltime_r.o) (_tzset_unlocked)
/usr/lib/gcc/arm-none-eabi/14.2.0/../../../../arm-none-eabi/lib/thumb/v6-m/nofp/libg.a(libc_a-tzset_r.o)
                              /usr/lib/gcc/arm-none-eabi/14.2.0/../../../../arm-none-eabi/lib/thumb/v6-m/nofp/libg.a(libc_a-tzset.o) (_tzset_unlocked_r)
/usr/lib/gcc/arm-none-eabi/14.2.0/../../../../arm-none-eabi/lib/thumb/v6-m/nofp/libg.a(libc_a-tzvars.o)
                              /usr/lib/gcc/arm-none-eabi/14.2.0/../../../../arm-none-eabi/lib/thumb/v6-m/nofp/libg.a(libc_a-tzset_r.o) (_timezone)
/usr/lib/gcc/arm-none-eabi/14.2.0/../../../../arm-none-eabi/lib/thumb/v6-m/nofp/libg.a(libc_a-impure.o)
                              /usr/lib/gcc/arm-none-eabi/14.2.0/../../../../arm-none-eabi/lib/thumb/v6-m/nofp/libg.a(libc_a-calloc.o) (_impure_ptr)
[...]
Memory Configuration

Name             Origin             Length             Attributes
FLASH            0x10000000         0x00200000         xr
RAM              0x20000000         0x00040000         xrw
SCRATCH_X        0x20040000         0x00001000         xrw
SCRATCH_Y        0x20041000         0x00001000         xrw
*default*        0x00000000         0xffffffff

Linker script and memory map

LOAD /usr/lib/gcc/arm-none-eabi/14.2.0/thumb/v6-m/nofp/crti.o
LOAD /usr/lib/gcc/arm-none-eabi/14.2.0/thumb/v6-m/nofp/crtbegin.o
LOAD /usr/lib/gcc/arm-none-eabi/14.2.0/../../../../arm-none-eabi/lib/thumb/v6-m/nofp/crt0.o

.flash_begin    0x10000000        0x0
                0x10000000                        __flash_binary_start = .

.boot2          0x10000000      0x100
                0x10000000                        __boot2_start__ = .
 *(.boot2)
 .boot2         0x10000000      0x100 pico-sdk/src/rp2040/boot_stage2/CMakeFiles/bs2_default_library.dir/bs2_default_padded_checksummed.S.o
                0x10000100                        __boot2_end__ = .
                0x00000001                        ASSERT (((__boot2_end__ - __boot2_start__) == 0x100), ERROR: Pico second stage bootloader must be 256 bytes in size)

.text           0x10000100     0x4218
                0x10000100                        __logical_binary_start = .
 *(.vectors)
 .vectors       0x10000100       0xd4 CMakeFiles/miniusb_hid.dir/usr/share/pico-sdk/src/rp2_common/pico_crt0/crt0.S.o
                0x10000100                __vectors
                0x10000100                __VECTOR_TABLE
                0x100001c0                isr_irq30
                0x100001c0                __unhandled_user_irq
                0x100001c0                isr_irq13
                0x100001c0                isr_irq27
                0x100001c0                isr_irq31
                0x100001c0                isr_irq5
                0x100001c0                isr_irq11
                0x100001c0                isr_irq23
                0x100001c0                isr_irq18
                0x100001c0                isr_irq28
                0x100001c0                isr_irq19
                0x100001c0                isr_irq0
                0x100001c0                isr_irq6
                0x100001c0                isr_irq22
                0x100001c0                isr_irq17
                0x100001c0                isr_irq14
                0x100001c0                __vectors_end
                0x100001c0                __default_isrs_start
                0x100001c0                isr_irq2
                0x100001c0                isr_irq10
                0x100001c0                isr_irq8
                0x100001c0                isr_irq24
                0x100001c0                isr_irq1
                0x100001c0                isr_irq7
                0x100001c0                isr_irq21
                0x100001c0                isr_irq20
                0x100001c0                isr_irq15
                0x100001c0                isr_irq25
                0x100001c0                isr_irq4
                0x100001c0                isr_irq16
                0x100001c0                isr_irq29
                0x100001c0                isr_irq26
                0x100001c0                isr_irq3
                0x100001c0                isr_irq12
                0x100001c0                isr_irq9
                0x100001c6                unhandled_user_irq_num_in_r0
                0x100001c8                isr_invalid
                0x100001ca                isr_nmi
                0x100001cc                isr_hardfault
                0x100001ce                isr_svcall
                0x100001d0                isr_pendsv
                0x100001d2                isr_systick
                0x100001d4                __default_isrs_end
 *(.binary_info_header)
 .binary_info_header
                0x100001d4       0x14 CMakeFiles/miniusb_hid.dir/usr/share/pico-sdk/src/rp2_common/pico_crt0/crt0.S.o
                0x100001e8                        __binary_info_header_end = .
 *(.embedded_block)
                0x100001e8                        __embedded_block_end = .
 *(.reset)
 .reset         0x100001e8       0x9c CMakeFiles/miniusb_hid.dir/usr/share/pico-sdk/src/rp2_common/pico_crt0/crt0.S.o
                0x100001e8                _entry_point
 *(.init)
 .init          0x10000284        0x4 /usr/lib/gcc/arm-none-eabi/14.2.0/thumb/v6-m/nofp/crti.o
                0x10000284                _init
 *(EXCLUDE_FILE(*libm.a: *libc.a:*lib_a-mem*.o *libgcc.a:) .text*)
 .text.frame_dummy
                0x10000288       0x20 /usr/lib/gcc/arm-none-eabi/14.2.0/thumb/v6-m/nofp/crtbegin.o
 .text.led_init
                0x100002a8       0x30 CMakeFiles/miniusb_hid.dir/main.c.o
                0x100002a8                led_init
 .text.ws2812_init_all
                0x100002d8      0x150 CMakeFiles/miniusb_hid.dir/main.c.o
                0x100002d8                ws2812_init_all
 .text.startup.main
                0x10000428      0x180 CMakeFiles/miniusb_hid.dir/main.c.o
                0x10000428                main
 .text.tud_hid_set_report_cb
                0x100005a8        0x4 CMakeFiles/miniusb_hid.dir/main.c.o
                0x100005a8                tud_hid_set_report_cb
 .text.tud_hid_get_report_cb
                0x100005ac        0x4 CMakeFiles/miniusb_hid.dir/main.c.o
                0x100005ac                tud_hid_get_report_cb
 .text.tud_descriptor_device_cb
                0x100005b0        0x8 CMakeFiles/miniusb_hid.dir/usb_descriptors.c.o
                0x100005b0                tud_descriptor_device_cb
 .text.tud_hid_descriptor_report_cb
                0x100005b8        0x8 CMakeFiles/miniusb_hid.dir/usb_descriptors.c.o
                0x100005b8                tud_hid_descriptor_report_cb
 .text.tud_descriptor_configuration_cb
                0x100005c0        0x8 CMakeFiles/miniusb_hid.dir/usb_descriptors.c.o
                0x100005c0                tud_descriptor_configuration_cb
 .text.tud_descriptor_string_cb
                0x100005c8       0x74 CMakeFiles/miniusb_hid.dir/usb_descriptors.c.o
                0x100005c8                tud_descriptor_string_cb
 .text.gpio_set_function
                0x1000063c       0x34 CMakeFiles/miniusb_hid.dir/usr/share/pico-sdk/src/rp2_common/hardware_gpio/gpio.c.o
                0x1000063c                gpio_set_function
 .text.gpio_init
                0x10000670       0x40 CMakeFiles/miniusb_hid.dir/usr/share/pico-sdk/src/rp2_common/hardware_gpio/gpio.c.o
                0x10000670                gpio_init
 .text.rp2040_chip_version
                0x100006b0        0xc CMakeFiles/miniusb_hid.dir/usr/share/pico-sdk/src/rp2040/pico_platform/platform.c.o
                0x100006b0                rp2040_chip_version
 .text.panic    0x100006bc       0x30 CMakeFiles/miniusb_hid.dir/usr/share/pico-sdk/src/rp2_common/pico_platform_panic/panic.c.o
                0x100006bc                panic
 .text.hw_claim_lock
                0x100006ec       0x18 CMakeFiles/miniusb_hid.dir/usr/share/pico-sdk/src/common/hardware_claim/claim.c.o
                0x100006ec                hw_claim_lock
 .text.hw_claim_unlock
                0x10000704       0x14 CMakeFiles/miniusb_hid.dir/usr/share/pico-sdk/src/common/hardware_claim/claim.c.o
                0x10000704                hw_claim_unlock
 .text.hw_claim_or_assert
                0x10000718       0x44 CMakeFiles/miniusb_hid.dir/usr/share/pico-sdk/src/common/hardware_claim/claim.c.o
                0x10000718                hw_claim_or_assert
 .text.hw_claim_unused_from_range
                0x1000075c       0x88 CMakeFiles/miniusb_hid.dir/usr/share/pico-sdk/src/common/hardware_claim/claim.c.o
                0x1000075c                hw_claim_unused_from_range
 .text.next_striped_spin_lock_num
                0x100007e4       0x18 CMakeFiles/miniusb_hid.dir/usr/share/pico-sdk/src/rp2_common/hardware_sync/sync.c.o
                0x100007e4                next_striped_spin_lock_num
 .text.spin_lock_claim_unused
                0x100007fc       0x24 CMakeFiles/miniusb_hid.dir/usr/share/pico-sdk/src/rp2_common/hardware_sync/sync.c.o
                0x100007fc                spin_lock_claim_unused
 .text.spin_locks_reset
                0x10000820       0x1c CMakeFiles/miniusb_hid.dir/usr/share/pico-sdk/src/rp2_common/hardware_sync_spin_lock/sync_spin_lock.c.o
                0x10000820                spin_locks_reset
 .text.runtime_init_per_core_irq_priorities
                0x1000083c       0x24 CMakeFiles/miniusb_hid.dir/usr/share/pico-sdk/src/rp2_common/hardware_irq/irq.c.o
                0x1000083c                runtime_init_per_core_irq_priorities
 .text.irq_set_enabled
                0x10000860       0x24 CMakeFiles/miniusb_hid.dir/usr/share/pico-sdk/src/rp2_common/hardware_irq/irq.c.o
                0x10000860                irq_set_enabled
 .text.irq_set_exclusive_handler
                0x10000884       0x54 CMakeFiles/miniusb_hid.dir/usr/share/pico-sdk/src/rp2_common/hardware_irq/irq.c.o
                0x10000884                irq_set_exclusive_handler
 .text.irq_add_shared_handler
                0x100008d8      0x1f4 CMakeFiles/miniusb_hid.dir/usr/share/pico-sdk/src/rp2_common/hardware_irq/irq.c.o
                0x100008d8                irq_add_shared_handler
 .text.irq_remove_handler
                0x10000acc      0x1d4 CMakeFiles/miniusb_hid.dir/usr/share/pico-sdk/src/rp2_common/hardware_irq/irq.c.o
                0x10000acc                irq_remove_handler
 .text.irq_add_tail_to_free_list
                0x10000ca0       0xb4 CMakeFiles/miniusb_hid.dir/usr/share/pico-sdk/src/rp2_common/hardware_irq/irq.c.o
                0x10000ca0                irq_add_tail_to_free_list
 .text.lock_init
                0x10000d54       0x10 CMakeFiles/miniusb_hid.dir/usr/share/pico-sdk/src/common/pico_sync/lock_core.c.o
                0x10000d54                lock_init
 .text.runtime_init_mutex
                0x10000d64       0x50 CMakeFiles/miniusb_hid.dir/usr/share/pico-sdk/src/common/pico_sync/mutex.c.o
                0x10000d64                runtime_init_mutex
 .text.mutex_init
                0x10000db4       0x1c CMakeFiles/miniusb_hid.dir/usr/share/pico-sdk/src/common/pico_sync/mutex.c.o
                0x10000db4                mutex_init
 .text.critical_section_init
                0x10000dd0       0x1c CMakeFiles/miniusb_hid.dir/usr/share/pico-sdk/src/common/pico_sync/critical_section.c.o
                0x10000dd0                critical_section_init
 .text.sleep_until_callback
                0x10000dec       0x30 CMakeFiles/miniusb_hid.dir/usr/share/pico-sdk/src/common/pico_time/time.c.o
 .text.alarm_pool_irq_handler
                0x10000e1c      0x300 CMakeFiles/miniusb_hid.dir/usr/share/pico-sdk/src/common/pico_time/time.c.o
 .text.runtime_init_default_alarm_pool
                0x1000111c       0xdc CMakeFiles/miniusb_hid.dir/usr/share/pico-sdk/src/common/pico_time/time.c.o
                0x1000111c                runtime_init_default_alarm_pool
 .text.alarm_pool_add_alarm_at_force_in_context
                0x100011f8       0xb0 CMakeFiles/miniusb_hid.dir/usr/share/pico-sdk/src/common/pico_time/time.c.o
                0x100011f8                alarm_pool_add_alarm_at_force_in_context
 .text.alarm_pool_cancel_alarm
                0x100012a8       0x74 CMakeFiles/miniusb_hid.dir/usr/share/pico-sdk/src/common/pico_time/time.c.o
                0x100012a8                alarm_pool_cancel_alarm
 .text.sleep_ms
                0x1000131c       0xfc CMakeFiles/miniusb_hid.dir/usr/share/pico-sdk/src/common/pico_time/time.c.o
                0x1000131c                sleep_ms
 .text.best_effort_wfe_or_timeout
                0x10001418      0x10c CMakeFiles/miniusb_hid.dir/usr/share/pico-sdk/src/common/pico_time/time.c.o
                0x10001418                best_effort_wfe_or_timeout
 .text.timer_hardware_alarm_claim
                0x10001524       0x14 CMakeFiles/miniusb_hid.dir/usr/share/pico-sdk/src/rp2_common/hardware_timer/timer.c.o
                0x10001524                timer_hardware_alarm_claim
 .text.timer_time_us_64
                0x10001538       0x10 CMakeFiles/miniusb_hid.dir/usr/share/pico-sdk/src/rp2_common/hardware_timer/timer.c.o
                0x10001538                timer_time_us_64
 .text.time_us_64
                0x10001548       0x14 CMakeFiles/miniusb_hid.dir/usr/share/pico-sdk/src/rp2_common/hardware_timer/timer.c.o
                0x10001548                time_us_64
 .text.busy_wait_us
                0x1000155c       0x68 CMakeFiles/miniusb_hid.dir/usr/share/pico-sdk/src/rp2_common/hardware_timer/timer.c.o
                0x1000155c                busy_wait_us
 .text.busy_wait_until
                0x100015c4       0x20 CMakeFiles/miniusb_hid.dir/usr/share/pico-sdk/src/rp2_common/hardware_timer/timer.c.o
                0x100015c4                busy_wait_until
 .text.uart_init
                0x100015e4      0x120 CMakeFiles/miniusb_hid.dir/usr/share/pico-sdk/src/rp2_common/hardware_uart/uart.c.o
                0x100015e4                uart_init
 .text.clock_configure_int_divider
                0x10001704       0xf4 CMakeFiles/miniusb_hid.dir/usr/share/pico-sdk/src/rp2_common/hardware_clocks/clocks.c.o
                0x10001704                clock_configure_int_divider
 .text.clock_configure_undivided
                0x100017f8       0xe8 CMakeFiles/miniusb_hid.dir/usr/share/pico-sdk/src/rp2_common/hardware_clocks/clocks.c.o
                0x100017f8                clock_configure_undivided
 .text.clock_get_hz
                0x100018e0        0xc CMakeFiles/miniusb_hid.dir/usr/share/pico-sdk/src/rp2_common/hardware_clocks/clocks.c.o
                0x100018e0                clock_get_hz
 .text.pll_init
                0x100018ec       0xa4 CMakeFiles/miniusb_hid.dir/usr/share/pico-sdk/src/rp2_common/hardware_pll/pll.c.o
                0x100018ec                pll_init
 .text.tick_start
                0x10001990       0x10 CMakeFiles/miniusb_hid.dir/usr/share/pico-sdk/src/rp2_common/hardware_ticks/ticks.c.o
                0x10001990                tick_start
 .text.rom_func_lookup
                0x100019a0       0x10 CMakeFiles/miniusb_hid.dir/usr/share/pico-sdk/src/rp2_common/pico_bootrom/bootrom.c.o
                0x100019a0                rom_func_lookup
 .text.rom_data_lookup
                0x100019b0       0x10 CMakeFiles/miniusb_hid.dir/usr/share/pico-sdk/src/rp2_common/pico_bootrom/bootrom.c.o
                0x100019b0                rom_data_lookup
 .text.rom_funcs_lookup
                0x100019c0       0x44 CMakeFiles/miniusb_hid.dir/usr/share/pico-sdk/src/rp2_common/pico_bootrom/bootrom.c.o
                0x100019c0                rom_funcs_lookup
 .text.xosc_init
                0x10001a04       0x28 CMakeFiles/miniusb_hid.dir/usr/share/pico-sdk/src/rp2_common/hardware_xosc/xosc.c.o
                0x10001a04                xosc_init
 .text.first_per_core_initializer
                0x10001a2c        0x4 CMakeFiles/miniusb_hid.dir/usr/share/pico-sdk/src/rp2_common/pico_runtime/runtime.c.o
 .text.hard_assertion_failure
                0x10001a30        0xc CMakeFiles/miniusb_hid.dir/usr/share/pico-sdk/src/rp2_common/pico_runtime/runtime.c.o
                0x10001a30                hard_assertion_failure
 .text.runtime_run_initializers
                0x10001a3c       0x28 CMakeFiles/miniusb_hid.dir/usr/share/pico-sdk/src/rp2_common/pico_runtime/runtime.c.o
                0x10001a3c                runtime_run_initializers
 .text.runtime_init_early_resets
                0x10001a64       0x2c CMakeFiles/miniusb_hid.dir/usr/share/pico-sdk/src/rp2_common/pico_runtime_init/runtime_init.c.o
                0x10001a64                runtime_init_early_resets
 .text.runtime_init_usb_power_down
                0x10001a90       0x1c CMakeFiles/miniusb_hid.dir/usr/share/pico-sdk/src/rp2_common/pico_runtime_init/runtime_init.c.o
                0x10001a90                runtime_init_usb_power_down
 .text.runtime_init_post_clock_resets
                0x10001aac       0x20 CMakeFiles/miniusb_hid.dir/usr/share/pico-sdk/src/rp2_common/pico_runtime_init/runtime_init.c.o
                0x10001aac                runtime_init_post_clock_resets
 .text.runtime_init_rp2040_gpio_ie_disable
                0x10001acc       0x14 CMakeFiles/miniusb_hid.dir/usr/share/pico-sdk/src/rp2_common/pico_runtime_init/runtime_init.c.o
                0x10001acc                runtime_init_rp2040_gpio_ie_disable
 .text.runtime_init_spin_locks_reset
                0x10001ae0        0x8 CMakeFiles/miniusb_hid.dir/usr/share/pico-sdk/src/rp2_common/pico_runtime_init/runtime_init.c.o
                0x10001ae0                runtime_init_spin_locks_reset
 .text.runtime_init_install_ram_vector_table
                0x10001ae8       0xb4 CMakeFiles/miniusb_hid.dir/usr/share/pico-sdk/src/rp2_common/pico_runtime_init/runtime_init.c.o
                0x10001ae8                runtime_init_install_ram_vector_table
 .text.runtime_init_clocks
                0x10001b9c       0xd8 CMakeFiles/miniusb_hid.dir/usr/share/pico-sdk/src/rp2_common/pico_runtime_init/runtime_init_clocks.c.o
                0x10001b9c                runtime_init_clocks
 .text          0x10001c74       0x10 CMakeFiles/miniusb_hid.dir/usr/share/pico-sdk/src/rp2_common/pico_bit_ops/bit_ops_aeabi.S.o
 .text.__wrap___aeabi_uidiv
                0x10001c84       0x4c CMakeFiles/miniusb_hid.dir/usr/share/pico-sdk/src/rp2_common/pico_divider/divider_hardware.S.o
                0x10001c84                __wrap___aeabi_uidiv
                0x10001c84                __wrap___aeabi_uidivmod
                0x10001c84                div_u32u32
                0x10001c84                divmod_u32u32
                0x10001c8c                divmod_u32u32_unsafe
                0x10001cb4                divmod_u32u32_savestate
 .text.__wrap___aeabi_ldiv
                0x10001cd0      0x424 CMakeFiles/miniusb_hid.dir/usr/share/pico-sdk/src/rp2_common/pico_divider/divider_hardware.S.o
                0x10001cd0                div_s64s64
                0x10001cd0                divmod_s64s64
                0x10001cd0                __wrap___aeabi_ldivmod
                0x10001d00                div_u64u64
                0x10001d00                divmod_u64u64
                0x10001d00                __wrap___aeabi_uldivmod
                0x10001d10                divmod_u64u64_savestate
                0x10001d30                divmod_s64s64_unsafe
                0x10001db8                divmod_u64u64_unsafe
 .text.__aeabi_double_init
                0x100020f4       0xa4 CMakeFiles/miniusb_hid.dir/usr/share/pico-sdk/src/rp2_common/pico_double/double_init_rom_rp2040.c.o
                0x100020f4                __aeabi_double_init
 .text.double_table_shim_on_use_helper
                0x10002198       0x2c CMakeFiles/miniusb_hid.dir/usr/share/pico-sdk/src/rp2_common/pico_double/double_v1_rom_shim_rp2040.S.o
                0x10002198                double_table_shim_on_use_helper
 .text.__aeabi_lmul
                0x100021c4       0x32 CMakeFiles/miniusb_hid.dir/usr/share/pico-sdk/src/rp2_common/pico_int64_ops/pico_int64_ops_aeabi.S.o
                0x100021c4                __wrap___aeabi_lmul
 *fill*         0x100021f6        0x2 
 .text.__wrap___aeabi_farithmetic
                0x100021f8       0x48 CMakeFiles/miniusb_hid.dir/usr/share/pico-sdk/src/rp2_common/pico_float/float_aeabi_rp2040.S.o
                0x100021f8                __wrap___aeabi_frsub
                0x100021fe                __wrap___aeabi_fsub
                0x10002204                __wrap___aeabi_fadd
                0x1000220a                __wrap___aeabi_fdiv
                0x10002232                __wrap___aeabi_fmul
 .text.__wrap___aeabi_ui2f
                0x10002240        0xa CMakeFiles/miniusb_hid.dir/usr/share/pico-sdk/src/rp2_common/pico_float/float_aeabi_rp2040.S.o
                0x10002240                uint2float
                0x10002240                __wrap___aeabi_ui2f
 *fill*         0x1000224a        0x2 
 .text.__wrap___aeabi_i2f
                0x1000224c       0x44 CMakeFiles/miniusb_hid.dir/usr/share/pico-sdk/src/rp2_common/pico_float/float_aeabi_rp2040.S.o
                0x1000224c                int2float
                0x1000224c                __wrap___aeabi_i2f
 .text.__wrap___aeabi_f2uiz
                0x10002290        0xc CMakeFiles/miniusb_hid.dir/usr/share/pico-sdk/src/rp2_common/pico_float/float_aeabi_rp2040.S.o
                0x10002290                float2uint
                0x10002290                float2uint_z
                0x10002290                __wrap___aeabi_f2uiz
 .text.__aeabi_float_init
                0x1000229c       0x64 CMakeFiles/miniusb_hid.dir/usr/share/pico-sdk/src/rp2_common/pico_float/float_init_rom_rp2040.c.o
                0x1000229c                __aeabi_float_init
 .text.float_table_shim_on_use_helper
                0x10002300       0x2c CMakeFiles/miniusb_hid.dir/usr/share/pico-sdk/src/rp2_common/pico_float/float_v1_rom_shim_rp2040.S.o
                0x10002300                float_table_shim_on_use_helper
 .text          0x1000232c       0x10 CMakeFiles/miniusb_hid.dir/usr/share/pico-sdk/src/rp2_common/pico_mem_ops/mem_ops_aeabi.S.o
                0x1000232c                __aeabi_mem_init
 .text.memset   0x1000233c        0xc CMakeFiles/miniusb_hid.dir/usr/share/pico-sdk/src/rp2_common/pico_mem_ops/mem_ops_aeabi.S.o
                0x1000233c                __wrap_memset
 .text.memcpy   0x10002348        0xc CMakeFiles/miniusb_hid.dir/usr/share/pico-sdk/src/rp2_common/pico_mem_ops/mem_ops_aeabi.S.o
                0x10002348                __wrap___aeabi_memcpy
                0x10002348                __wrap_memcpy
 .text._out_char
                0x10002354       0x10 CMakeFiles/miniusb_hid.dir/usr/share/pico-sdk/src/rp2_common/pico_printf/printf.c.o
 .text.weak_raw_vprintf
                0x10002364       0x30 CMakeFiles/miniusb_hid.dir/usr/share/pico-sdk/src/rp2_common/pico_printf/printf.c.o
                0x10002364                weak_raw_vprintf
 .text._exit    0x10002394        0x4 CMakeFiles/miniusb_hid.dir/usr/share/pico-sdk/src/rp2_common/pico_clib_interface/newlib_interface.c.o
                0x10002394                _exit
 .text.exit     0x10002398        0x8 CMakeFiles/miniusb_hid.dir/usr/share/pico-sdk/src/rp2_common/pico_clib_interface/newlib_interface.c.o
                0x10002398                exit
 .text.runtime_init
                0x100023a0       0x2c CMakeFiles/miniusb_hid.dir/usr/share/pico-sdk/src/rp2_common/pico_clib_interface/newlib_interface.c.o
                0x100023a0                runtime_init
 .text.stdio_out_chars_no_crlf
                0x100023cc       0x10 CMakeFiles/miniusb_hid.dir/usr/share/pico-sdk/src/rp2_common/pico_stdio/stdio.c.o
 .text.stdio_out_chars_crlf
                0x100023dc       0xb0 CMakeFiles/miniusb_hid.dir/usr/share/pico-sdk/src/rp2_common/pico_stdio/stdio.c.o
 .text.stdio_put_string
                0x1000248c       0xfc CMakeFiles/miniusb_hid.dir/usr/share/pico-sdk/src/rp2_common/pico_stdio/stdio.c.o
                0x1000248c                stdio_put_string
 .text.stdio_set_driver_enabled
                0x10002588       0x30 CMakeFiles/miniusb_hid.dir/usr/share/pico-sdk/src/rp2_common/pico_stdio/stdio.c.o
                0x10002588                stdio_set_driver_enabled
 .text.__wrap_putchar
                0x100025b8       0x94 CMakeFiles/miniusb_hid.dir/usr/share/pico-sdk/src/rp2_common/pico_stdio/stdio.c.o
                0x100025b8                stdio_putchar
                0x100025b8                __wrap_putchar
 .text.__wrap_puts
                0x1000264c       0x3c CMakeFiles/miniusb_hid.dir/usr/share/pico-sdk/src/rp2_common/pico_stdio/stdio.c.o
                0x1000264c                __wrap_puts
                0x1000264c                stdio_puts
 .text.stdio_uart_out_chars
                0x10002688       0x4c CMakeFiles/miniusb_hid.dir/usr/share/pico-sdk/src/rp2_common/pico_stdio_uart/stdio_uart.c.o
 .text.stdio_uart_in_chars
                0x100026d4       0x90 CMakeFiles/miniusb_hid.dir/usr/share/pico-sdk/src/rp2_common/pico_stdio_uart/stdio_uart.c.o
                0x100026d4                stdio_uart_in_chars
 .text.on_uart_rx
                0x10002764       0x28 CMakeFiles/miniusb_hid.dir/usr/share/pico-sdk/src/rp2_common/pico_stdio_uart/stdio_uart.c.o
 .text.stdio_uart_out_flush
                0x1000278c       0x14 CMakeFiles/miniusb_hid.dir/usr/share/pico-sdk/src/rp2_common/pico_stdio_uart/stdio_uart.c.o
 .text.stdio_uart_set_chars_available_callback
                0x100027a0       0x84 CMakeFiles/miniusb_hid.dir/usr/share/pico-sdk/src/rp2_common/pico_stdio_uart/stdio_uart.c.o
 .text.stdio_uart_init_full
                0x10002824       0x3c CMakeFiles/miniusb_hid.dir/usr/share/pico-sdk/src/rp2_common/pico_stdio_uart/stdio_uart.c.o
                0x10002824                stdio_uart_init_full
 .text.dcd_init
                0x10002860       0x90 CMakeFiles/miniusb_hid.dir/usr/share/pico-sdk/lib/tinyusb/src/portable/raspberrypi/rp2040/dcd_rp2040.c.o
                0x10002860                dcd_init
 .text.dcd_int_enable
                0x100028f0        0xc CMakeFiles/miniusb_hid.dir/usr/share/pico-sdk/lib/tinyusb/src/portable/raspberrypi/rp2040/dcd_rp2040.c.o
                0x100028f0                dcd_int_enable
 .text.dcd_set_address
                0x100028fc       0x14 CMakeFiles/miniusb_hid.dir/usr/share/pico-sdk/lib/tinyusb/src/portable/raspberrypi/rp2040/dcd_rp2040.c.o
                0x100028fc                dcd_set_address
 .text.dcd_sof_enable
                0x10002910       0x1c CMakeFiles/miniusb_hid.dir/usr/share/pico-sdk/lib/tinyusb/src/portable/raspberrypi/rp2040/dcd_rp2040.c.o
                0x10002910                dcd_sof_enable
 .text.dcd_edpt0_status_complete
                0x1000292c       0x1c CMakeFiles/miniusb_hid.dir/usr/share/pico-sdk/lib/tinyusb/src/portable/raspberrypi/rp2040/dcd_rp2040.c.o
                0x1000292c                dcd_edpt0_status_complete
 .text.dcd_edpt_open
                0x10002948      0x114 CMakeFiles/miniusb_hid.dir/usr/share/pico-sdk/lib/tinyusb/src/portable/raspberrypi/rp2040/dcd_rp2040.c.o
                0x10002948                dcd_edpt_open
 .text.dcd_edpt_close_all
                0x10002a5c        0x8 CMakeFiles/miniusb_hid.dir/usr/share/pico-sdk/lib/tinyusb/src/portable/raspberrypi/rp2040/dcd_rp2040.c.o
                0x10002a5c                dcd_edpt_close_all
 .text.dcd_edpt_xfer
                0x10002a64       0x24 CMakeFiles/miniusb_hid.dir/usr/share/pico-sdk/lib/tinyusb/src/portable/raspberrypi/rp2040/dcd_rp2040.c.o
                0x10002a64                dcd_edpt_xfer
 .text.dcd_edpt_stall
                0x10002a88       0x3c CMakeFiles/miniusb_hid.dir/usr/share/pico-sdk/lib/tinyusb/src/portable/raspberrypi/rp2040/dcd_rp2040.c.o
                0x10002a88                dcd_edpt_stall
 .text.dcd_edpt_clear_stall
                0x10002ac4       0x30 CMakeFiles/miniusb_hid.dir/usr/share/pico-sdk/lib/tinyusb/src/portable/raspberrypi/rp2040/dcd_rp2040.c.o
                0x10002ac4                dcd_edpt_clear_stall
 .text.rp2040_usb_init
                0x10002af4       0x40 CMakeFiles/miniusb_hid.dir/usr/share/pico-sdk/lib/tinyusb/src/portable/raspberrypi/rp2040/rp2040_usb.c.o
                0x10002af4                rp2040_usb_init
 .text.hw_endpoint_xfer_start
                0x10002b34       0x40 CMakeFiles/miniusb_hid.dir/usr/share/pico-sdk/lib/tinyusb/src/portable/raspberrypi/rp2040/rp2040_usb.c.o
                0x10002b34                hw_endpoint_xfer_start
 .text.tud_vendor_control_xfer_cb
                0x10002b74        0x4 CMakeFiles/miniusb_hid.dir/usr/share/pico-sdk/lib/tinyusb/src/device/usbd.c.o
                0x10002b74                tud_vendor_control_xfer_cb
 .text.tud_event_hook_cb
                0x10002b78        0x4 CMakeFiles/miniusb_hid.dir/usr/share/pico-sdk/lib/tinyusb/src/device/usbd.c.o
                0x10002b78                tud_event_hook_cb
 .text.tud_sof_cb
                0x10002b7c        0x4 CMakeFiles/miniusb_hid.dir/usr/share/pico-sdk/lib/tinyusb/src/device/usbd.c.o
                0x10002b7c                tud_sof_cb
 .text.tud_descriptor_bos_cb
                0x10002b80        0x4 CMakeFiles/miniusb_hid.dir/usr/share/pico-sdk/lib/tinyusb/src/device/usbd.c.o
                0x10002b80                tud_descriptor_bos_cb
 .text.tud_descriptor_device_qualifier_cb
                0x10002b84        0x4 CMakeFiles/miniusb_hid.dir/usr/share/pico-sdk/lib/tinyusb/src/device/usbd.c.o
                0x10002b84                tud_descriptor_device_qualifier_cb
 .text.tud_descriptor_other_speed_configuration_cb
                0x10002b88        0x4 CMakeFiles/miniusb_hid.dir/usr/share/pico-sdk/lib/tinyusb/src/device/usbd.c.o
                0x10002b88                tud_descriptor_other_speed_configuration_cb
 .text.tud_mount_cb
                0x10002b8c        0x4 CMakeFiles/miniusb_hid.dir/usr/share/pico-sdk/lib/tinyusb/src/device/usbd.c.o
                0x10002b8c                tud_mount_cb
 .text.tud_umount_cb
                0x10002b90        0x4 CMakeFiles/miniusb_hid.dir/usr/share/pico-sdk/lib/tinyusb/src/device/usbd.c.o
                0x10002b90                tud_umount_cb
 .text.tud_suspend_cb
                0x10002b94        0x4 CMakeFiles/miniusb_hid.dir/usr/share/pico-sdk/lib/tinyusb/src/device/usbd.c.o
                0x10002b94                tud_suspend_cb
 .text.tud_resume_cb
                0x10002b98        0x4 CMakeFiles/miniusb_hid.dir/usr/share/pico-sdk/lib/tinyusb/src/device/usbd.c.o
                0x10002b98                tud_resume_cb
 .text.tud_mounted
                0x10002b9c       0x10 CMakeFiles/miniusb_hid.dir/usr/share/pico-sdk/lib/tinyusb/src/device/usbd.c.o
                0x10002b9c                tud_mounted
 .text.tud_suspended
                0x10002bac       0x10 CMakeFiles/miniusb_hid.dir/usr/share/pico-sdk/lib/tinyusb/src/device/usbd.c.o
                0x10002bac                tud_suspended
 .text.tud_rhport_init
                0x10002bbc       0xec CMakeFiles/miniusb_hid.dir/usr/share/pico-sdk/lib/tinyusb/src/device/usbd.c.o
                0x10002bbc                tud_rhport_init
 .text.tud_task_ext
                0x10002ca8      0x7c0 CMakeFiles/miniusb_hid.dir/usr/share/pico-sdk/lib/tinyusb/src/device/usbd.c.o
                0x10002ca8                tud_task_ext
 .text.usbd_open_edpt_pair
                0x10003468       0x9c CMakeFiles/miniusb_hid.dir/usr/share/pico-sdk/lib/tinyusb/src/device/usbd.c.o
                0x10003468                usbd_open_edpt_pair
 .text.usbd_edpt_claim
                0x10003504       0x28 CMakeFiles/miniusb_hid.dir/usr/share/pico-sdk/lib/tinyusb/src/device/usbd.c.o
                0x10003504                usbd_edpt_claim
 .text.usbd_edpt_xfer
                0x1000352c       0x4c CMakeFiles/miniusb_hid.dir/usr/share/pico-sdk/lib/tinyusb/src/device/usbd.c.o
                0x1000352c                usbd_edpt_xfer
 .text.usbd_edpt_busy
                0x10003578       0x1c CMakeFiles/miniusb_hid.dir/usr/share/pico-sdk/lib/tinyusb/src/device/usbd.c.o
                0x10003578                usbd_edpt_busy
 .text.tud_control_status
                0x10003594       0x2c CMakeFiles/miniusb_hid.dir/usr/share/pico-sdk/lib/tinyusb/src/device/usbd_control.c.o
                0x10003594                tud_control_status
 .text.tud_control_xfer
                0x100035c0       0xa8 CMakeFiles/miniusb_hid.dir/usr/share/pico-sdk/lib/tinyusb/src/device/usbd_control.c.o
                0x100035c0                tud_control_xfer
 .text.usbd_control_reset
                0x10003668       0x14 CMakeFiles/miniusb_hid.dir/usr/share/pico-sdk/lib/tinyusb/src/device/usbd_control.c.o
                0x10003668                usbd_control_reset
 .text.usbd_control_set_complete_callback
                0x1000367c        0xc CMakeFiles/miniusb_hid.dir/usr/share/pico-sdk/lib/tinyusb/src/device/usbd_control.c.o
                0x1000367c                usbd_control_set_complete_callback
 .text.usbd_control_set_request
                0x10003688       0x1c CMakeFiles/miniusb_hid.dir/usr/share/pico-sdk/lib/tinyusb/src/device/usbd_control.c.o
                0x10003688                usbd_control_set_request
 .text.usbd_control_xfer_cb
                0x100036a4       0xec CMakeFiles/miniusb_hid.dir/usr/share/pico-sdk/lib/tinyusb/src/device/usbd_control.c.o
                0x100036a4                usbd_control_xfer_cb
 .text.tud_hid_set_protocol_cb
                0x10003790        0x4 CMakeFiles/miniusb_hid.dir/usr/share/pico-sdk/lib/tinyusb/src/class/hid/hid_device.c.o
                0x10003790                tud_hid_set_protocol_cb
 .text.tud_hid_set_idle_cb
                0x10003794        0x4 CMakeFiles/miniusb_hid.dir/usr/share/pico-sdk/lib/tinyusb/src/class/hid/hid_device.c.o
                0x10003794                tud_hid_set_idle_cb
 .text.tud_hid_report_complete_cb
                0x10003798        0x4 CMakeFiles/miniusb_hid.dir/usr/share/pico-sdk/lib/tinyusb/src/class/hid/hid_device.c.o
                0x10003798                tud_hid_report_complete_cb
 .text.tud_hid_report_failed_cb
                0x1000379c        0x4 CMakeFiles/miniusb_hid.dir/usr/share/pico-sdk/lib/tinyusb/src/class/hid/hid_device.c.o
                0x1000379c                tud_hid_report_failed_cb
 .text.tud_hid_n_ready
                0x100037a0       0x38 CMakeFiles/miniusb_hid.dir/usr/share/pico-sdk/lib/tinyusb/src/class/hid/hid_device.c.o
                0x100037a0                tud_hid_n_ready
 .text.tud_hid_n_mouse_report
                0x100037d8       0x8c CMakeFiles/miniusb_hid.dir/usr/share/pico-sdk/lib/tinyusb/src/class/hid/hid_device.c.o
                0x100037d8                tud_hid_n_mouse_report
 .text.hidd_init
                0x10003864       0x14 CMakeFiles/miniusb_hid.dir/usr/share/pico-sdk/lib/tinyusb/src/class/hid/hid_device.c.o
                0x10003864                hidd_init
 .text.hidd_deinit
                0x10003878        0x4 CMakeFiles/miniusb_hid.dir/usr/share/pico-sdk/lib/tinyusb/src/class/hid/hid_device.c.o
                0x10003878                hidd_deinit
 .text.hidd_reset
                0x1000387c       0x14 CMakeFiles/miniusb_hid.dir/usr/share/pico-sdk/lib/tinyusb/src/class/hid/hid_device.c.o
                0x1000387c                hidd_reset
 .text.hidd_open
                0x10003890       0x8c CMakeFiles/miniusb_hid.dir/usr/share/pico-sdk/lib/tinyusb/src/class/hid/hid_device.c.o
                0x10003890                hidd_open
 .text.hidd_control_xfer_cb
                0x1000391c      0x198 CMakeFiles/miniusb_hid.dir/usr/share/pico-sdk/lib/tinyusb/src/class/hid/hid_device.c.o
                0x1000391c                hidd_control_xfer_cb
 .text.hidd_xfer_cb
                0x10003ab4       0x7c CMakeFiles/miniusb_hid.dir/usr/share/pico-sdk/lib/tinyusb/src/class/hid/hid_device.c.o
                0x10003ab4                hidd_xfer_cb
 .text.tusb_rhport_init
                0x10003b30       0x4c CMakeFiles/miniusb_hid.dir/usr/share/pico-sdk/lib/tinyusb/src/tusb.c.o
                0x10003b30                tusb_rhport_init
 .text.tu_edpt_claim
                0x10003b7c       0x50 CMakeFiles/miniusb_hid.dir/usr/share/pico-sdk/lib/tinyusb/src/tusb.c.o
                0x10003b7c                tu_edpt_claim
 .text.tu_edpt_validate
                0x10003bcc       0x7c CMakeFiles/miniusb_hid.dir/usr/share/pico-sdk/lib/tinyusb/src/tusb.c.o
                0x10003bcc                tu_edpt_validate
 .text.tu_edpt_bind_driver
                0x10003c48       0x34 CMakeFiles/miniusb_hid.dir/usr/share/pico-sdk/lib/tinyusb/src/tusb.c.o
                0x10003c48                tu_edpt_bind_driver
 .text.tu_fifo_read
                0x10003c7c       0x9c CMakeFiles/miniusb_hid.dir/usr/share/pico-sdk/lib/tinyusb/src/common/tusb_fifo.c.o
                0x10003c7c                tu_fifo_read
 .text.tu_fifo_write
                0x10003d18       0xa4 CMakeFiles/miniusb_hid.dir/usr/share/pico-sdk/lib/tinyusb/src/common/tusb_fifo.c.o
                0x10003d18                tu_fifo_write
 .text.tu_fifo_clear
                0x10003dbc       0x40 CMakeFiles/miniusb_hid.dir/usr/share/pico-sdk/lib/tinyusb/src/common/tusb_fifo.c.o
                0x10003dbc                tu_fifo_clear
 .text.board_init
                0x10003dfc       0x30 CMakeFiles/miniusb_hid.dir/usr/share/pico-sdk/lib/tinyusb/hw/bsp/rp2040/family.c.o
                0x10003dfc                board_init
 .text.startup._retrieve_unique_id_on_boot
                0x10003e2c       0x10 CMakeFiles/miniusb_hid.dir/usr/share/pico-sdk/src/rp2_common/pico_unique_id/unique_id.c.o
 .text.flash_get_unique_id
                0x10003e3c       0x3c CMakeFiles/miniusb_hid.dir/usr/share/pico-sdk/src/rp2_common/hardware_flash/flash.c.o
                0x10003e3c                flash_get_unique_id
 .text.pio_add_program
                0x10003e78       0xf8 CMakeFiles/miniusb_hid.dir/usr/share/pico-sdk/src/rp2_common/hardware_pio/pio.c.o
                0x10003e78                pio_add_program
 .text.pio_sm_set_consecutive_pindirs
                0x10003f70       0xb4 CMakeFiles/miniusb_hid.dir/usr/share/pico-sdk/src/rp2_common/hardware_pio/pio.c.o
                0x10003f70                pio_sm_set_consecutive_pindirs
 .text.pio_sm_init
                0x10004024       0x9c CMakeFiles/miniusb_hid.dir/usr/share/pico-sdk/src/rp2_common/hardware_pio/pio.c.o
                0x10004024                pio_sm_init
 .text.atexit   0x100040c0       0x10 /usr/lib/gcc/arm-none-eabi/14.2.0/../../../../arm-none-eabi/lib/thumb/v6-m/nofp/libg.a(libc_a-atexit.o)
                0x100040c0                atexit
 .text.__libc_fini_array
                0x100040d0       0x28 /usr/lib/gcc/arm-none-eabi/14.2.0/../../../../arm-none-eabi/lib/thumb/v6-m/nofp/libg.a(libc_a-fini.o)
                0x100040d0                __libc_fini_array
 .text.__retarget_lock_acquire_recursive
                0x100040f8        0x4 /usr/lib/gcc/arm-none-eabi/14.2.0/../../../../arm-none-eabi/lib/thumb/v6-m/nofp/libg.a(libc_a-lock.o)
                0x100040f8                __retarget_lock_acquire_recursive
 .text.__retarget_lock_release_recursive
                0x100040fc        0x4 /usr/lib/gcc/arm-none-eabi/14.2.0/../../../../arm-none-eabi/lib/thumb/v6-m/nofp/libg.a(libc_a-lock.o)
                0x100040fc                __retarget_lock_release_recursive
 .text.strlen   0x10004100       0x5c /usr/lib/gcc/arm-none-eabi/14.2.0/../../../../arm-none-eabi/lib/thumb/v6-m/nofp/libg.a(libc_a-strlen-stub.o)
                0x10004100                strlen
 .text.__register_exitproc
                0x1000415c       0xa8 /usr/lib/gcc/arm-none-eabi/14.2.0/../../../../arm-none-eabi/lib/thumb/v6-m/nofp/libg.a(libc_a-__atexit.o)
                0x1000415c                __register_exitproc
 .text.startup.register_fini
                0x10004204       0x18 /usr/lib/gcc/arm-none-eabi/14.2.0/../../../../arm-none-eabi/lib/thumb/v6-m/nofp/libg.a(libc_a-__call_atexit.o)
 *(.fini)
 .fini          0x1000421c        0x4 /usr/lib/gcc/arm-none-eabi/14.2.0/thumb/v6-m/nofp/crti.o
                0x1000421c                _fini
 .fini.__stub   0x10004220       0xb0 linker stubs
 *crtbegin.o(.ctors)
 *crtbegin?.o(.ctors)
 *(EXCLUDE_FILE(*crtend.o *crtend?.o) .ctors)
 *(SORT_BY_NAME(.ctors.*))
 *(.ctors)
 *crtbegin.o(.dtors)
 *crtbegin?.o(.dtors)
 *(EXCLUDE_FILE(*crtend.o *crtend?.o) .dtors)
 *(SORT_BY_NAME(.dtors.*))
 *(.dtors)
                0x100042d0                        . = ALIGN (0x4)
                0x100042d0                        PROVIDE (__preinit_array_start = .)
 *(SORT_BY_NAME(.preinit_array.*))
 .preinit_array.00100
                0x100042d0        0x4 CMakeFiles/miniusb_hid.dir/usr/share/pico-sdk/src/rp2_common/pico_runtime_init/runtime_init.c.o
                0x100042d0                __pre_init_runtime_init_early_resets
 .preinit_array.00101
                0x100042d4        0x4 CMakeFiles/miniusb_hid.dir/usr/share/pico-sdk/src/rp2_common/pico_runtime_init/runtime_init.c.o
                0x100042d4                __pre_init_runtime_init_usb_power_down
 .preinit_array.00275
                0x100042d8        0x4 CMakeFiles/miniusb_hid.dir/usr/share/pico-sdk/src/rp2_common/pico_bit_ops/bit_ops_aeabi.S.o
 .preinit_array.00300
                0x100042dc        0x4 CMakeFiles/miniusb_hid.dir/usr/share/pico-sdk/src/rp2_common/pico_mem_ops/mem_ops_aeabi.S.o
 .preinit_array.00350
                0x100042e0        0x4 CMakeFiles/miniusb_hid.dir/usr/share/pico-sdk/src/rp2_common/pico_double/double_aeabi_rp2040.S.o
 .preinit_array.00350
                0x100042e4        0x4 CMakeFiles/miniusb_hid.dir/usr/share/pico-sdk/src/rp2_common/pico_float/float_aeabi_rp2040.S.o
 .preinit_array.00500
                0x100042e8        0x4 CMakeFiles/miniusb_hid.dir/usr/share/pico-sdk/src/rp2_common/pico_runtime_init/runtime_init.c.o
                0x100042e8                __pre_init_runtime_init_clocks
 .preinit_array.00600
                0x100042ec        0x4 CMakeFiles/miniusb_hid.dir/usr/share/pico-sdk/src/rp2_common/pico_runtime_init/runtime_init.c.o
                0x100042ec                __pre_init_runtime_init_post_clock_resets
 .preinit_array.00700
                0x100042f0        0x4 CMakeFiles/miniusb_hid.dir/usr/share/pico-sdk/src/rp2_common/pico_runtime_init/runtime_init.c.o
                0x100042f0                __pre_init_runtime_init_rp2040_gpio_ie_disable
 .preinit_array.01000
                0x100042f4        0x4 CMakeFiles/miniusb_hid.dir/usr/share/pico-sdk/src/rp2_common/pico_runtime_init/runtime_init.c.o
                0x100042f4                __pre_init_runtime_init_spin_locks_reset
 .preinit_array.01100
                0x100042f8        0x4 CMakeFiles/miniusb_hid.dir/usr/share/pico-sdk/src/common/pico_sync/mutex.c.o
                0x100042f8                __pre_init_runtime_init_mutex
 .preinit_array.10080
                0x100042fc        0x4 CMakeFiles/miniusb_hid.dir/usr/share/pico-sdk/src/rp2_common/pico_runtime_init/runtime_init.c.o
                0x100042fc                __pre_init_runtime_init_install_ram_vector_table
 .preinit_array.11000
                0x10004300        0x4 CMakeFiles/miniusb_hid.dir/usr/share/pico-sdk/src/common/pico_time/time.c.o
                0x10004300                __pre_init_runtime_init_default_alarm_pool
 .preinit_array.YYYYY
                0x10004304        0x4 CMakeFiles/miniusb_hid.dir/usr/share/pico-sdk/src/rp2_common/pico_runtime/runtime.c.o
                0x10004304                __pre_init_first_per_core_initializer
 .preinit_array.ZZZZZ.01200
                0x10004308        0x4 CMakeFiles/miniusb_hid.dir/usr/share/pico-sdk/src/rp2_common/hardware_irq/irq.c.o
                0x10004308                __pre_init_runtime_init_per_core_irq_priorities
 *(.preinit_array)
                0x1000430c                        PROVIDE (__preinit_array_end = .)
                0x1000430c                        . = ALIGN (0x4)
                0x1000430c                        PROVIDE (__init_array_start = .)
 *(SORT_BY_NAME(.init_array.*))
 .init_array.00000
                0x1000430c        0x4 /usr/lib/gcc/arm-none-eabi/14.2.0/../../../../arm-none-eabi/lib/thumb/v6-m/nofp/libg.a(libc_a-__call_atexit.o)
 .init_array.01000
                0x10004310        0x4 CMakeFiles/miniusb_hid.dir/usr/share/pico-sdk/src/rp2_common/pico_unique_id/unique_id.c.o
 *(.init_array)
 .init_array    0x10004314        0x4 /usr/lib/gcc/arm-none-eabi/14.2.0/thumb/v6-m/nofp/crtbegin.o
                0x10004318                        PROVIDE (__init_array_end = .)
                0x10004318                        . = ALIGN (0x4)
                0x10004318                        PROVIDE (__fini_array_start = .)
 *(SORT_BY_NAME(.fini_array.*))
 *(.fini_array)
                0x10004318                        PROVIDE (__fini_array_end = .)
 *(.eh_frame*)
 .eh_frame      0x10004318        0x0 /usr/lib/gcc/arm-none-eabi/14.2.0/thumb/v6-m/nofp/crtbegin.o
                0x10004318                        . = ALIGN (0x4)

.glue_7         0x10004318        0x0
 .glue_7        0x10004318        0x0 linker stubs

.glue_7t        0x10004318        0x0
 .glue_7t       0x10004318        0x0 linker stubs

.vfp11_veneer   0x10004318        0x0
 .vfp11_veneer  0x10004318        0x0 linker stubs

.v4_bx          0x10004318        0x0
 .v4_bx         0x10004318        0x0 linker stubs

.iplt           0x10004318        0x0
 .iplt          0x10004318        0x0 /usr/lib/gcc/arm-none-eabi/14.2.0/thumb/v6-m/nofp/crtbegin.o

.rodata         0x10004318      0x334
 *(EXCLUDE_FILE(*libm.a: *libc.a:*lib_a-mem*.o *libgcc.a:) .rodata*)
 .rodata.ws2812_program
                0x10004318        0x8 CMakeFiles/miniusb_hid.dir/main.c.o
 .rodata.ws2812_program_instructions
                0x10004320        0x8 CMakeFiles/miniusb_hid.dir/main.c.o
 .rodata.str1.4
                0x10004328      0x134 CMakeFiles/miniusb_hid.dir/usb_descriptors.c.o
                                 0x33 (size before relaxing)
 .rodata.__compound_literal.0
                0x1000445c        0x2 CMakeFiles/miniusb_hid.dir/usb_descriptors.c.o
 *fill*         0x1000445e        0x2 
 .rodata.desc_configuration
                0x10004460       0x22 CMakeFiles/miniusb_hid.dir/usb_descriptors.c.o
                0x10004460                desc_configuration
 *fill*         0x10004482        0x2 
 .rodata.desc_hid_report
                0x10004484       0x4d CMakeFiles/miniusb_hid.dir/usb_descriptors.c.o
                0x10004484                desc_hid_report
 *fill*         0x100044d1        0x3 
 .rodata.desc_device
                0x100044d4       0x12 CMakeFiles/miniusb_hid.dir/usb_descriptors.c.o
                0x100044d4                desc_device
 .rodata.panic.str1.4
                0x100044e6       0x12 CMakeFiles/miniusb_hid.dir/usr/share/pico-sdk/src/rp2_common/pico_platform_panic/panic.c.o
 .rodata.spin_lock_claim_unused.str1.4
                0x100044e6       0x1b CMakeFiles/miniusb_hid.dir/usr/share/pico-sdk/src/rp2_common/hardware_sync/sync.c.o
 .rodata.timer_hardware_alarm_claim.str1.4
                0x100044e6       0x22 CMakeFiles/miniusb_hid.dir/usr/share/pico-sdk/src/rp2_common/hardware_timer/timer.c.o
 .rodata.hard_assertion_failure.str1.4
                0x100044e6        0xc CMakeFiles/miniusb_hid.dir/usr/share/pico-sdk/src/rp2_common/pico_runtime/runtime.c.o
 .rodata.str1.4
                0x100044e6       0x40 CMakeFiles/miniusb_hid.dir/usr/share/pico-sdk/src/rp2_common/pico_standard_binary_info/standard_binary_info.c.o
 *fill*         0x100044e6        0x2 
 .rodata.__bi_84
                0x100044e8        0xc CMakeFiles/miniusb_hid.dir/usr/share/pico-sdk/src/rp2_common/pico_standard_binary_info/standard_binary_info.c.o
 .rodata.__bi_78
                0x100044f4        0xc CMakeFiles/miniusb_hid.dir/usr/share/pico-sdk/src/rp2_common/pico_standard_binary_info/standard_binary_info.c.o
 .rodata.__bi_54
                0x10004500        0xc CMakeFiles/miniusb_hid.dir/usr/share/pico-sdk/src/rp2_common/pico_standard_binary_info/standard_binary_info.c.o
 .rodata.__bi_48
                0x1000450c        0xc CMakeFiles/miniusb_hid.dir/usr/share/pico-sdk/src/rp2_common/pico_standard_binary_info/standard_binary_info.c.o
 .rodata.__bi_42
                0x10004518        0xc CMakeFiles/miniusb_hid.dir/usr/share/pico-sdk/src/rp2_common/pico_standard_binary_info/standard_binary_info.c.o
 .rodata.__bi_34
                0x10004524        0xc CMakeFiles/miniusb_hid.dir/usr/share/pico-sdk/src/rp2_common/pico_standard_binary_info/standard_binary_info.c.o
 .rodata.__bi_26
                0x10004530        0xc CMakeFiles/miniusb_hid.dir/usr/share/pico-sdk/src/rp2_common/pico_standard_binary_info/standard_binary_info.c.o
 .rodata.crlf_str.0
                0x1000453c        0x2 CMakeFiles/miniusb_hid.dir/usr/share/pico-sdk/src/rp2_common/pico_stdio/stdio.c.o
 .rodata.str1.4
                0x1000453e       0x14 CMakeFiles/miniusb_hid.dir/usr/share/pico-sdk/lib/tinyusb/src/portable/raspberrypi/rp2040/dcd_rp2040.c.o
 .rodata.str1.4
                0x1000453e       0x48 CMakeFiles/miniusb_hid.dir/usr/share/pico-sdk/lib/tinyusb/src/portable/raspberrypi/rp2040/rp2040_usb.c.o
 *fill*         0x1000453e        0x2 
 .rodata.tud_task_ext
                0x10004540       0x8c CMakeFiles/miniusb_hid.dir/usr/share/pico-sdk/lib/tinyusb/src/device/usbd.c.o
 .rodata        0x100045cc       0x1c CMakeFiles/miniusb_hid.dir/usr/share/pico-sdk/lib/tinyusb/src/device/usbd.c.o
 .rodata._usbd_driver
                0x100045e8       0x20 CMakeFiles/miniusb_hid.dir/usr/share/pico-sdk/lib/tinyusb/src/device/usbd.c.o
 .rodata.hidd_control_xfer_cb
                0x10004608       0x30 CMakeFiles/miniusb_hid.dir/usr/share/pico-sdk/lib/tinyusb/src/class/hid/hid_device.c.o
 .rodata.str1.4
                0x10004638        0x4 CMakeFiles/miniusb_hid.dir/usr/share/pico-sdk/lib/tinyusb/hw/bsp/rp2040/family.c.o
 .rodata.__bi_153.0
                0x10004638        0xc CMakeFiles/miniusb_hid.dir/usr/share/pico-sdk/lib/tinyusb/hw/bsp/rp2040/family.c.o
 .rodata.__bi_163.1
                0x10004644        0x8 CMakeFiles/miniusb_hid.dir/usr/share/pico-sdk/lib/tinyusb/hw/bsp/rp2040/family.c.o
                0x1000464c                        . = ALIGN (0x4)
 *(SORT_BY_ALIGNMENT(SORT_BY_NAME(.flashdata*)))
                0x1000464c                        . = ALIGN (0x4)

.ARM.extab
 *(.ARM.extab* .gnu.linkonce.armextab.*)
                0x1000464c                        __exidx_start = .

.ARM.exidx
 *(.ARM.exidx* .gnu.linkonce.armexidx.*)
                0x1000464c                        __exidx_end = .
                0x1000464c                        . = ALIGN (0x4)
                0x1000464c                        __binary_info_start = .

.binary_info    0x1000464c       0x24
 *(.binary_info.keep.*)
 .binary_info.keep.__bi_ptr84
                0x1000464c        0x4 CMakeFiles/miniusb_hid.dir/usr/share/pico-sdk/src/rp2_common/pico_standard_binary_info/standard_binary_info.c.o
 .binary_info.keep.__bi_ptr78
                0x10004650        0x4 CMakeFiles/miniusb_hid.dir/usr/share/pico-sdk/src/rp2_common/pico_standard_binary_info/standard_binary_info.c.o
 .binary_info.keep.__bi_ptr54
                0x10004654        0x4 CMakeFiles/miniusb_hid.dir/usr/share/pico-sdk/src/rp2_common/pico_standard_binary_info/standard_binary_info.c.o
 .binary_info.keep.__bi_ptr48
                0x10004658        0x4 CMakeFiles/miniusb_hid.dir/usr/share/pico-sdk/src/rp2_common/pico_standard_binary_info/standard_binary_info.c.o
 .binary_info.keep.__bi_ptr42
                0x1000465c        0x4 CMakeFiles/miniusb_hid.dir/usr/share/pico-sdk/src/rp2_common/pico_standard_binary_info/standard_binary_info.c.o
 .binary_info.keep.__bi_ptr34
                0x10004660        0x4 CMakeFiles/miniusb_hid.dir/usr/share/pico-sdk/src/rp2_common/pico_standard_binary_info/standard_binary_info.c.o
 .binary_info.keep.__bi_ptr26
                0x10004664        0x4 CMakeFiles/miniusb_hid.dir/usr/share/pico-sdk/src/rp2_common/pico_standard_binary_info/standard_binary_info.c.o
 .binary_info.keep.__bi_ptr163
                0x10004668        0x4 CMakeFiles/miniusb_hid.dir/usr/share/pico-sdk/lib/tinyusb/hw/bsp/rp2040/family.c.o
 .binary_info.keep.__bi_ptr153
                0x1000466c        0x4 CMakeFiles/miniusb_hid.dir/usr/share/pico-sdk/lib/tinyusb/hw/bsp/rp2040/family.c.o
 *(.binary_info.*)
                0x10004670                        __binary_info_end = .
                0x10004670                        . = ALIGN (0x4)

.ram_vector_table
                0x20000000       0xc0
 *(.ram_vector_table)
 .ram_vector_table
                0x20000000       0xc0 CMakeFiles/miniusb_hid.dir/usr/share/pico-sdk/src/rp2_common/pico_runtime_init/runtime_init.c.o
                0x20000000                ram_vector_table

.uninitialized_data
                0x200000c0        0x0
                0x200000c0                        . = ALIGN (0x4)
 *(.uninitialized_data*)

.data           0x200000c0      0xfc4 load address 0x10004670
                0x200000c0                        __data_start__ = .
 *(vtable)
 *(.time_critical*)
 .time_critical.mutex_try_enter_block_until
                0x200000c0       0x98 CMakeFiles/miniusb_hid.dir/usr/share/pico-sdk/src/common/pico_sync/mutex.c.o
                0x200000c0                mutex_try_enter_block_until
 .time_critical.mutex_enter_timeout_ms
                0x20000158       0x8c CMakeFiles/miniusb_hid.dir/usr/share/pico-sdk/src/common/pico_sync/mutex.c.o
                0x20000158                mutex_enter_timeout_ms
 .time_critical.mutex_exit
                0x200001e4       0x28 CMakeFiles/miniusb_hid.dir/usr/share/pico-sdk/src/common/pico_sync/mutex.c.o
                0x200001e4                mutex_exit
 .time_critical.reset_non_control_endpoints
                0x2000020c       0x68 CMakeFiles/miniusb_hid.dir/usr/share/pico-sdk/lib/tinyusb/src/portable/raspberrypi/rp2040/dcd_rp2040.c.o
 .time_critical.hw_handle_buff_status
                0x20000274       0xa0 CMakeFiles/miniusb_hid.dir/usr/share/pico-sdk/lib/tinyusb/src/portable/raspberrypi/rp2040/dcd_rp2040.c.o
 .time_critical.dcd_rp2040_irq
                0x20000314      0x548 CMakeFiles/miniusb_hid.dir/usr/share/pico-sdk/lib/tinyusb/src/portable/raspberrypi/rp2040/dcd_rp2040.c.o
 .time_critical.prepare_ep_buffer
                0x2000085c       0xc8 CMakeFiles/miniusb_hid.dir/usr/share/pico-sdk/lib/tinyusb/src/portable/raspberrypi/rp2040/rp2040_usb.c.o
 .time_critical.sync_ep_buffer
                0x20000924       0x9c CMakeFiles/miniusb_hid.dir/usr/share/pico-sdk/lib/tinyusb/src/portable/raspberrypi/rp2040/rp2040_usb.c.o
 .time_critical._hw_endpoint_xfer_sync
                0x200009c0       0x28 CMakeFiles/miniusb_hid.dir/usr/share/pico-sdk/lib/tinyusb/src/portable/raspberrypi/rp2040/rp2040_usb.c.o
 .time_critical.e15_is_bulkin_ep
                0x200009e8       0x28 CMakeFiles/miniusb_hid.dir/usr/share/pico-sdk/lib/tinyusb/src/portable/raspberrypi/rp2040/rp2040_usb.c.o
 .time_critical.e15_is_critical_frame_period
                0x20000a10       0x34 CMakeFiles/miniusb_hid.dir/usr/share/pico-sdk/lib/tinyusb/src/portable/raspberrypi/rp2040/rp2040_usb.c.o
 .time_critical.hw_endpoint_reset_transfer
                0x20000a44        0xc CMakeFiles/miniusb_hid.dir/usr/share/pico-sdk/lib/tinyusb/src/portable/raspberrypi/rp2040/rp2040_usb.c.o
                0x20000a44                hw_endpoint_reset_transfer
 .time_critical._hw_endpoint_buffer_control_update32
                0x20000a50       0x50 CMakeFiles/miniusb_hid.dir/usr/share/pico-sdk/lib/tinyusb/src/portable/raspberrypi/rp2040/rp2040_usb.c.o
                0x20000a50                _hw_endpoint_buffer_control_update32
 .time_critical.hw_endpoint_start_next_buffer
                0x20000aa0       0x68 CMakeFiles/miniusb_hid.dir/usr/share/pico-sdk/lib/tinyusb/src/portable/raspberrypi/rp2040/rp2040_usb.c.o
                0x20000aa0                hw_endpoint_start_next_buffer
 .time_critical.hw_endpoint_xfer_continue
                0x20000b08       0x40 CMakeFiles/miniusb_hid.dir/usr/share/pico-sdk/lib/tinyusb/src/portable/raspberrypi/rp2040/rp2040_usb.c.o
                0x20000b08                hw_endpoint_xfer_continue
 .time_critical.tinyusb
                0x20000b48      0x1e0 CMakeFiles/miniusb_hid.dir/usr/share/pico-sdk/lib/tinyusb/src/device/usbd.c.o
                0x20000b48                dcd_event_handler
 .time_critical.flash_init_boot2_copyout
                0x20000d28       0x30 CMakeFiles/miniusb_hid.dir/usr/share/pico-sdk/src/rp2_common/hardware_flash/flash.c.o
 .time_critical.flash_enable_xip_via_boot2
                0x20000d58        0xc CMakeFiles/miniusb_hid.dir/usr/share/pico-sdk/src/rp2_common/hardware_flash/flash.c.o
 .time_critical.flash_save_hardware_state
                0x20000d64       0x20 CMakeFiles/miniusb_hid.dir/usr/share/pico-sdk/src/rp2_common/hardware_flash/flash.c.o
 .time_critical.flash_restore_hardware_state
                0x20000d84       0x20 CMakeFiles/miniusb_hid.dir/usr/share/pico-sdk/src/rp2_common/hardware_flash/flash.c.o
 .time_critical.flash_cs_force
                0x20000da4       0x38 CMakeFiles/miniusb_hid.dir/usr/share/pico-sdk/src/rp2_common/hardware_flash/flash.c.o
 .time_critical.flash_do_cmd
                0x20000ddc      0x13c CMakeFiles/miniusb_hid.dir/usr/share/pico-sdk/src/rp2_common/hardware_flash/flash.c.o
                0x20000ddc                flash_do_cmd
 *(.text*)
 .text          0x20000f18        0x4 /usr/lib/gcc/arm-none-eabi/14.2.0/thumb/v6-m/nofp/libgcc.a(_dvmd_tls.o)
                0x20000f18                __aeabi_ldiv0
                0x20000f18                __aeabi_idiv0
 *fill*         0x20000f1c        0x4 
 .text.__stub   0x20000f20       0x80 linker stubs
                0x20000fa0                        . = ALIGN (0x4)
 *(.rodata*)
                0x20000fa0                        . = ALIGN (0x4)
 *(.data*)
 .data.string_desc_arr
                0x20000fa0       0x10 CMakeFiles/miniusb_hid.dir/usb_descriptors.c.o
                0x20000fa0                string_desc_arr
 .data.striped_spin_lock_num
                0x20000fb0        0x1 CMakeFiles/miniusb_hid.dir/usr/share/pico-sdk/src/rp2_common/hardware_sync/sync.c.o
 *fill*         0x20000fb1        0x3 
 .data          0x20000fb4       0x48 CMakeFiles/miniusb_hid.dir/usr/share/pico-sdk/src/rp2_common/hardware_irq/irq_handler_chain.S.o
                0x20000fb4                irq_handler_chain_slots
                0x20000fe4                irq_handler_chain_first_slot
                0x20000fee                irq_handler_chain_remove_tail
 .data.default_alarm_pool
                0x20000ffc       0x18 CMakeFiles/miniusb_hid.dir/usr/share/pico-sdk/src/common/pico_time/time.c.o
 *fill*         0x20001014        0xc 
 .data.aeabi_bits_funcs
                0x20001020       0x10 CMakeFiles/miniusb_hid.dir/usr/share/pico-sdk/src/rp2_common/pico_bit_ops/bit_ops_aeabi.S.o
                0x20001020                aeabi_bits_funcs
                0x20001030                aeabi_bits_funcs_end
 .data.aeabi_mem_funcs
                0x20001030       0x10 CMakeFiles/miniusb_hid.dir/usr/share/pico-sdk/src/rp2_common/pico_mem_ops/mem_ops_aeabi.S.o
                0x20001030                aeabi_mem_funcs
                0x20001040                aeabi_mem_funcs_end
 .data.stdio_uart
                0x20001040       0x18 CMakeFiles/miniusb_hid.dir/usr/share/pico-sdk/src/rp2_common/pico_stdio_uart/stdio_uart.c.o
                0x20001040                stdio_uart
 .data._usbd_qdef
                0x20001058       0x1c CMakeFiles/miniusb_hid.dir/usr/share/pico-sdk/lib/tinyusb/src/device/usbd.c.o
                0x20001058                _usbd_qdef
 .data._usbd_rhport
                0x20001074        0x1 CMakeFiles/miniusb_hid.dir/usr/share/pico-sdk/lib/tinyusb/src/device/usbd.c.o
 *fill*         0x20001075        0x3 
 .data.__atexit_recursive_mutex
                0x20001078        0x4 /usr/lib/gcc/arm-none-eabi/14.2.0/../../../../arm-none-eabi/lib/thumb/v6-m/nofp/libg.a(libc_a-__call_atexit.o)
                0x20001078                __atexit_recursive_mutex
                0x2000107c                        . = ALIGN (0x4)
 *(.after_data.*)
                0x2000107c                        . = ALIGN (0x4)
                0x2000107c                        PROVIDE (__mutex_array_start = .)
 *(SORT_BY_NAME(.mutex_array.*))
 *(.mutex_array)
 .mutex_array   0x2000107c        0x8 CMakeFiles/miniusb_hid.dir/usr/share/pico-sdk/src/rp2_common/pico_stdio/stdio.c.o
                0x20001084                        PROVIDE (__mutex_array_end = .)
                0x20001084                        . = ALIGN (0x4)
 *(.jcr)
                0x20001084                        . = ALIGN (0x4)

.igot.plt       0x20001084        0x0 load address 0x10005634
 .igot.plt      0x20001084        0x0 /usr/lib/gcc/arm-none-eabi/14.2.0/thumb/v6-m/nofp/crtbegin.o

.tdata          0x20001084        0x0 load address 0x10005634
                0x20001084                        . = ALIGN (0x4)
 *(.tdata .tdata.* .gnu.linkonce.td.*)
                0x20001084                        __tdata_end = .
                0x20001084                        PROVIDE (__data_end__ = .)
                0x10004670                        __etext = LOADADDR (.data)

.tbss           0x20001084        0x0 load address 0x10005634
                0x20001084                        . = ALIGN (0x4)
                0x20001084                        __bss_start__ = .
                0x20001084                        __tls_base = .
 *(.tbss .tbss.* .gnu.linkonce.tb.*)
 *(.tcommon)
                0x20001084                        __tls_end = .

.bss            0x20001088      0xcb8 load address 0x10005634
                0x20001088                        . = ALIGN (0x4)
                0x20001088                        __tbss_end = .
 *(SORT_BY_ALIGNMENT(SORT_BY_NAME(.bss*)))
 .bss.default_alarm_pool_entries
                0x20001088      0x180 CMakeFiles/miniusb_hid.dir/usr/share/pico-sdk/src/common/pico_time/time.c.o
 .bss.sd_table  0x20001208      0x100 CMakeFiles/miniusb_hid.dir/usr/share/pico-sdk/src/rp2_common/pico_double/double_init_rom_rp2040.c.o
                0x20001208                sd_table
 .bss.sf_table  0x20001308      0x100 CMakeFiles/miniusb_hid.dir/usr/share/pico-sdk/src/rp2_common/pico_float/float_init_rom_rp2040.c.o
                0x20001308                sf_table
 .bss.__atexit  0x20001408        0x4 /usr/lib/gcc/arm-none-eabi/14.2.0/../../../../arm-none-eabi/lib/thumb/v6-m/nofp/libg.a(libc_a-__call_atexit.o)
                0x20001408                __atexit
 .bss.__atexit0
                0x2000140c      0x190 /usr/lib/gcc/arm-none-eabi/14.2.0/../../../../arm-none-eabi/lib/thumb/v6-m/nofp/libg.a(libc_a-__atexit.o)
                0x2000140c                __atexit0
 .bss.__lock___atexit_recursive_mutex
                0x2000159c        0x1 /usr/lib/gcc/arm-none-eabi/14.2.0/../../../../arm-none-eabi/lib/thumb/v6-m/nofp/libg.a(libc_a-lock.o)
                0x2000159c                __lock___atexit_recursive_mutex
 *fill*         0x2000159d        0x3 
 .bss._app_driver
                0x200015a0        0x4 CMakeFiles/miniusb_hid.dir/usr/share/pico-sdk/lib/tinyusb/src/device/usbd.c.o
 .bss._ctrl_epbuf
                0x200015a4       0x40 CMakeFiles/miniusb_hid.dir/usr/share/pico-sdk/lib/tinyusb/src/device/usbd_control.c.o
 .bss._ctrl_xfer
                0x200015e4       0x14 CMakeFiles/miniusb_hid.dir/usr/share/pico-sdk/lib/tinyusb/src/device/usbd_control.c.o
 .bss._desc_str
                0x200015f8       0x40 CMakeFiles/miniusb_hid.dir/usb_descriptors.c.o
 .bss._hidd_epbuf
                0x20001638       0x30 CMakeFiles/miniusb_hid.dir/usr/share/pico-sdk/lib/tinyusb/src/class/hid/hid_device.c.o
 .bss._hidd_itf
                0x20001668        0xc CMakeFiles/miniusb_hid.dir/usr/share/pico-sdk/lib/tinyusb/src/class/hid/hid_device.c.o
 .bss._tusb_rhport_role
                0x20001674        0x2 CMakeFiles/miniusb_hid.dir/usr/share/pico-sdk/lib/tinyusb/src/tusb.c.o
                0x20001674                _tusb_rhport_role
 *fill*         0x20001676        0x2 
 .bss._ubsd_mutexdef
                0x20001678        0x8 CMakeFiles/miniusb_hid.dir/usr/share/pico-sdk/lib/tinyusb/src/device/usbd.c.o
 .bss._usbd_dev
                0x20001680       0x54 CMakeFiles/miniusb_hid.dir/usr/share/pico-sdk/lib/tinyusb/src/device/usbd.c.o
 .bss._usbd_mutex
                0x200016d4        0x4 CMakeFiles/miniusb_hid.dir/usr/share/pico-sdk/lib/tinyusb/src/device/usbd.c.o
 .bss._usbd_q   0x200016d8        0x4 CMakeFiles/miniusb_hid.dir/usr/share/pico-sdk/lib/tinyusb/src/device/usbd.c.o
 .bss._usbd_qdef_buf
                0x200016dc       0xc0 CMakeFiles/miniusb_hid.dir/usr/share/pico-sdk/lib/tinyusb/src/device/usbd.c.o
                0x200016dc                _usbd_qdef_buf
 .bss._used_instruction_space
                0x2000179c        0x8 CMakeFiles/miniusb_hid.dir/usr/share/pico-sdk/src/rp2_common/hardware_pio/pio.c.o
 .bss.boot2_copyout
                0x200017a4      0x100 CMakeFiles/miniusb_hid.dir/usr/share/pico-sdk/src/rp2_common/hardware_flash/flash.c.o
 .bss.chars_available_callback
                0x200018a4        0x4 CMakeFiles/miniusb_hid.dir/usr/share/pico-sdk/src/rp2_common/pico_stdio_uart/stdio_uart.c.o
 .bss.chars_available_param
                0x200018a8        0x4 CMakeFiles/miniusb_hid.dir/usr/share/pico-sdk/src/rp2_common/pico_stdio_uart/stdio_uart.c.o
 .bss.claimed   0x200018ac        0x4 CMakeFiles/miniusb_hid.dir/usr/share/pico-sdk/src/rp2_common/hardware_sync/sync.c.o
 .bss.claimed   0x200018b0        0x1 CMakeFiles/miniusb_hid.dir/usr/share/pico-sdk/src/rp2_common/hardware_timer/timer.c.o
 *fill*         0x200018b1        0x3 
 .bss.configured_freq
                0x200018b4       0x28 CMakeFiles/miniusb_hid.dir/usr/share/pico-sdk/src/rp2_common/hardware_clocks/clocks.c.o
 .bss.drivers   0x200018dc        0x4 CMakeFiles/miniusb_hid.dir/usr/share/pico-sdk/src/rp2_common/pico_stdio/stdio.c.o
 .bss.e15_last_sof
                0x200018e0        0x4 CMakeFiles/miniusb_hid.dir/usr/share/pico-sdk/lib/tinyusb/src/portable/raspberrypi/rp2040/rp2040_usb.c.o
                0x200018e0                e15_last_sof
 .bss.filter    0x200018e4        0x4 CMakeFiles/miniusb_hid.dir/usr/share/pico-sdk/src/rp2_common/pico_stdio/stdio.c.o
 .bss.hw_endpoints
                0x200018e8      0x400 CMakeFiles/miniusb_hid.dir/usr/share/pico-sdk/lib/tinyusb/src/portable/raspberrypi/rp2040/dcd_rp2040.c.o
 .bss.last_blink_ms.0
                0x20001ce8        0x4 CMakeFiles/miniusb_hid.dir/main.c.o
 .bss.lazy_vsnprintf
                0x20001cec        0x4 CMakeFiles/miniusb_hid.dir/usr/share/pico-sdk/src/rp2_common/pico_printf/printf.c.o
 .bss.next_buffer_ptr
                0x20001cf0        0x4 CMakeFiles/miniusb_hid.dir/usr/share/pico-sdk/lib/tinyusb/src/portable/raspberrypi/rp2040/dcd_rp2040.c.o
 .bss.object.0  0x20001cf4       0x18 /usr/lib/gcc/arm-none-eabi/14.2.0/thumb/v6-m/nofp/crtbegin.o
 .bss.pools     0x20001d0c       0x10 CMakeFiles/miniusb_hid.dir/usr/share/pico-sdk/src/common/pico_time/time.c.o
 .bss.retrieved_id
                0x20001d1c        0x8 CMakeFiles/miniusb_hid.dir/usr/share/pico-sdk/src/rp2_common/pico_unique_id/unique_id.c.o
 .bss.sf_clz_func
                0x20001d24        0x4 CMakeFiles/miniusb_hid.dir/usr/share/pico-sdk/src/rp2_common/pico_double/double_init_rom_rp2040.c.o
                0x20001d24                sf_clz_func
 .bss.sleep_notifier
                0x20001d28        0x4 CMakeFiles/miniusb_hid.dir/usr/share/pico-sdk/src/common/pico_time/time.c.o
 .bss.uart_char_to_line_feed
                0x20001d2c        0x4 CMakeFiles/miniusb_hid.dir/usr/share/pico-sdk/src/rp2_common/hardware_uart/uart.c.o
                0x20001d2c                uart_char_to_line_feed
 .bss.uart_inst
                0x20001d30        0x4 CMakeFiles/miniusb_hid.dir/usr/share/pico-sdk/lib/tinyusb/hw/bsp/rp2040/family.c.o
 .bss.uart_instance
                0x20001d34        0x4 CMakeFiles/miniusb_hid.dir/usr/share/pico-sdk/src/rp2_common/pico_stdio_uart/stdio_uart.c.o
 .bss._app_driver_count
                0x20001d38        0x1 CMakeFiles/miniusb_hid.dir/usr/share/pico-sdk/lib/tinyusb/src/device/usbd.c.o
 .bss._sof_enable
                0x20001d39        0x1 CMakeFiles/miniusb_hid.dir/usr/share/pico-sdk/lib/tinyusb/src/portable/raspberrypi/rp2040/dcd_rp2040.c.o
 .bss._usbd_queued_setup
                0x20001d3a        0x1 CMakeFiles/miniusb_hid.dir/usr/share/pico-sdk/lib/tinyusb/src/device/usbd.c.o
 .bss.boot2_copyout_valid
                0x20001d3b        0x1 CMakeFiles/miniusb_hid.dir/usr/share/pico-sdk/src/rp2_common/hardware_flash/flash.c.o
 .bss.irq_handler_chain_free_slot_head
                0x20001d3c        0x1 CMakeFiles/miniusb_hid.dir/usr/share/pico-sdk/src/rp2_common/hardware_irq/irq.c.o
 *(COMMON)
                0x20001d40                        . = ALIGN (0x4)
 *fill*         0x20001d3d        0x3 
                0x20001d40                        __bss_end__ = .

.heap           0x20001d40      0x800 load address 0x10005634
                0x20001d40                        __end__ = .
                0x20001d40                        end = __end__
 *(.heap*)
 .heap          0x20001d40      0x800 CMakeFiles/miniusb_hid.dir/usr/share/pico-sdk/src/rp2_common/pico_crt0/crt0.S.o
                0x20040000                        __HeapLimit = (ORIGIN (RAM) + LENGTH (RAM))

.scratch_x      0x20040000        0x0 load address 0x10005634
                0x20040000                        __scratch_x_start__ = .
 *(.scratch_x.*)
                0x20040000                        . = ALIGN (0x4)
                0x20040000                        __scratch_x_end__ = .
                0x10005634                        __scratch_x_source__ = LOADADDR (.scratch_x)

.scratch_y      0x20041000        0x0 load address 0x10005634
                0x20041000                        __scratch_y_start__ = .
 *(.scratch_y.*)
                0x20041000                        . = ALIGN (0x4)
                0x20041000                        __scratch_y_end__ = .
                0x10005634                        __scratch_y_source__ = LOADADDR (.scratch_y)

.stack1_dummy
 *(.stack1*)

.stack_dummy    0x20041000      0x800
 *(.stack*)
 .stack         0x20041000      0x800 CMakeFiles/miniusb_hid.dir/usr/share/pico-sdk/src/rp2_common/pico_crt0/crt0.S.o

.rel.dyn        0x20041800        0x0
 .rel.iplt      0x20041800        0x0 /usr/lib/gcc/arm-none-eabi/14.2.0/thumb/v6-m/nofp/crtbegin.o

.flash_end      0x10005634        0x0
 *(.embedded_end_block*)
                0x10005634                        PROVIDE (__flash_binary_end = .)
                0x20040000                        __StackLimit = (ORIGIN (RAM) + LENGTH (RAM))
                0x20041000                        __StackOneTop = (ORIGIN (SCRATCH_X) + LENGTH (SCRATCH_X))
                0x20042000                        __StackTop = (ORIGIN (SCRATCH_Y) + LENGTH (SCRATCH_Y))
                0x20041000                        __StackOneBottom = (__StackOneTop - SIZEOF (.stack1_dummy))
                0x20041800                        __StackBottom = (__StackTop - SIZEOF (.stack_dummy))
                0x20042000                        PROVIDE (__stack = __StackTop)
                [!provide]                        PROVIDE (__heap_start = __end__)
                [!provide]                        PROVIDE (__heap_end = __HeapLimit)
                [!provide]                        PROVIDE (__tls_align = MAX (ALIGNOF (.tdata), ALIGNOF (.tbss)))
                [!provide]                        PROVIDE (__tls_size_align = (((__tls_size + __tls_align) - 0x1) & ~ ((__tls_align - 0x1))))
                [!provide]                        PROVIDE (__arm32_tls_tcb_offset = MAX (0x8, __tls_align))
                [!provide]                        PROVIDE (_end = __end__)
                [!provide]                        PROVIDE (__llvm_libc_heap_limit = __HeapLimit)
                0x00000001                        ASSERT ((__StackLimit >= __HeapLimit), region RAM overflowed)
                0x00000001                        ASSERT (((__binary_info_header_end - __logical_binary_start) <= 0x100), Binary info must be in first 256 bytes of the binary)
LOAD CMakeFiles/miniusb_hid.dir/main.c.o
LOAD CMakeFiles/miniusb_hid.dir/usb_descriptors.c.o
LOAD CMakeFiles/miniusb_hid.dir/usr/share/pico-sdk/src/rp2_common/pico_stdlib/stdlib.c.o
LOAD CMakeFiles/miniusb_hid.dir/usr/share/pico-sdk/src/rp2_common/hardware_gpio/gpio.c.o
LOAD CMakeFiles/miniusb_hid.dir/usr/share/pico-sdk/src/rp2040/pico_platform/platform.c.o
LOAD CMakeFiles/miniusb_hid.dir/usr/share/pico-sdk/src/rp2_common/pico_platform_common/common.c.o
LOAD CMakeFiles/miniusb_hid.dir/usr/share/pico-sdk/src/rp2_common/pico_platform_panic/panic.c.o
LOAD CMakeFiles/miniusb_hid.dir/usr/share/pico-sdk/src/common/hardware_claim/claim.c.o
LOAD CMakeFiles/miniusb_hid.dir/usr/share/pico-sdk/src/rp2_common/hardware_sync/sync.c.o
LOAD CMakeFiles/miniusb_hid.dir/usr/share/pico-sdk/src/rp2_common/hardware_sync_spin_lock/sync_spin_lock.c.o
LOAD CMakeFiles/miniusb_hid.dir/usr/share/pico-sdk/src/rp2_common/hardware_irq/irq.c.o
LOAD CMakeFiles/miniusb_hid.dir/usr/share/pico-sdk/src/rp2_common/hardware_irq/irq_handler_chain.S.o
LOAD CMakeFiles/miniusb_hid.dir/usr/share/pico-sdk/src/common/pico_sync/sem.c.o
LOAD CMakeFiles/miniusb_hid.dir/usr/share/pico-sdk/src/common/pico_sync/lock_core.c.o
LOAD CMakeFiles/miniusb_hid.dir/usr/share/pico-sdk/src/common/pico_sync/mutex.c.o
LOAD CMakeFiles/miniusb_hid.dir/usr/share/pico-sdk/src/common/pico_sync/critical_section.c.o
LOAD CMakeFiles/miniusb_hid.dir/usr/share/pico-sdk/src/common/pico_time/time.c.o
LOAD CMakeFiles/miniusb_hid.dir/usr/share/pico-sdk/src/common/pico_time/timeout_helper.c.o
LOAD CMakeFiles/miniusb_hid.dir/usr/share/pico-sdk/src/rp2_common/hardware_timer/timer.c.o
LOAD CMakeFiles/miniusb_hid.dir/usr/share/pico-sdk/src/common/pico_util/datetime.c.o
LOAD CMakeFiles/miniusb_hid.dir/usr/share/pico-sdk/src/common/pico_util/pheap.c.o
LOAD CMakeFiles/miniusb_hid.dir/usr/share/pico-sdk/src/common/pico_util/queue.c.o
LOAD CMakeFiles/miniusb_hid.dir/usr/share/pico-sdk/src/rp2_common/hardware_uart/uart.c.o
LOAD CMakeFiles/miniusb_hid.dir/usr/share/pico-sdk/src/rp2_common/hardware_clocks/clocks.c.o
LOAD CMakeFiles/miniusb_hid.dir/usr/share/pico-sdk/src/rp2_common/hardware_pll/pll.c.o
LOAD CMakeFiles/miniusb_hid.dir/usr/share/pico-sdk/src/rp2_common/hardware_vreg/vreg.c.o
LOAD CMakeFiles/miniusb_hid.dir/usr/share/pico-sdk/src/rp2_common/hardware_watchdog/watchdog.c.o
LOAD CMakeFiles/miniusb_hid.dir/usr/share/pico-sdk/src/rp2_common/hardware_ticks/ticks.c.o
LOAD CMakeFiles/miniusb_hid.dir/usr/share/pico-sdk/src/rp2_common/pico_bootrom/bootrom.c.o
LOAD CMakeFiles/miniusb_hid.dir/usr/share/pico-sdk/src/rp2_common/pico_bootrom/bootrom_lock.c.o
LOAD CMakeFiles/miniusb_hid.dir/usr/share/pico-sdk/src/rp2_common/hardware_boot_lock/boot_lock.c.o
LOAD CMakeFiles/miniusb_hid.dir/usr/share/pico-sdk/src/rp2_common/pico_flash/flash.c.o
LOAD CMakeFiles/miniusb_hid.dir/usr/share/pico-sdk/src/rp2_common/hardware_xosc/xosc.c.o
LOAD CMakeFiles/miniusb_hid.dir/usr/share/pico-sdk/src/rp2_common/hardware_divider/divider.S.o
LOAD CMakeFiles/miniusb_hid.dir/usr/share/pico-sdk/src/rp2_common/pico_runtime/runtime.c.o
LOAD CMakeFiles/miniusb_hid.dir/usr/share/pico-sdk/src/rp2_common/pico_runtime_init/runtime_init.c.o
LOAD CMakeFiles/miniusb_hid.dir/usr/share/pico-sdk/src/rp2_common/pico_runtime_init/runtime_init_clocks.c.o
LOAD CMakeFiles/miniusb_hid.dir/usr/share/pico-sdk/src/rp2_common/pico_runtime_init/runtime_init_stack_guard.c.o
LOAD CMakeFiles/miniusb_hid.dir/usr/share/pico-sdk/src/rp2_common/pico_bit_ops/bit_ops_aeabi.S.o
LOAD CMakeFiles/miniusb_hid.dir/usr/share/pico-sdk/src/rp2_common/pico_divider/divider_hardware.S.o
LOAD CMakeFiles/miniusb_hid.dir/usr/share/pico-sdk/src/rp2_common/pico_double/double_aeabi_rp2040.S.o
LOAD CMakeFiles/miniusb_hid.dir/usr/share/pico-sdk/src/rp2_common/pico_double/double_init_rom_rp2040.c.o
LOAD CMakeFiles/miniusb_hid.dir/usr/share/pico-sdk/src/rp2_common/pico_double/double_math.c.o
LOAD CMakeFiles/miniusb_hid.dir/usr/share/pico-sdk/src/rp2_common/pico_double/double_v1_rom_shim_rp2040.S.o
LOAD CMakeFiles/miniusb_hid.dir/usr/share/pico-sdk/src/rp2_common/pico_int64_ops/pico_int64_ops_aeabi.S.o
LOAD CMakeFiles/miniusb_hid.dir/usr/share/pico-sdk/src/rp2_common/pico_float/float_aeabi_rp2040.S.o
LOAD CMakeFiles/miniusb_hid.dir/usr/share/pico-sdk/src/rp2_common/pico_float/float_init_rom_rp2040.c.o
LOAD CMakeFiles/miniusb_hid.dir/usr/share/pico-sdk/src/rp2_common/pico_float/float_math.c.o
LOAD CMakeFiles/miniusb_hid.dir/usr/share/pico-sdk/src/rp2_common/pico_float/float_v1_rom_shim_rp2040.S.o
LOAD CMakeFiles/miniusb_hid.dir/usr/share/pico-sdk/src/rp2_common/pico_malloc/malloc.c.o
LOAD CMakeFiles/miniusb_hid.dir/usr/share/pico-sdk/src/rp2_common/pico_mem_ops/mem_ops_aeabi.S.o
LOAD CMakeFiles/miniusb_hid.dir/usr/share/pico-sdk/src/rp2_common/pico_atomic/atomic.c.o
LOAD CMakeFiles/miniusb_hid.dir/usr/share/pico-sdk/src/rp2_common/pico_cxx_options/new_delete.cpp.o
LOAD CMakeFiles/miniusb_hid.dir/usr/share/pico-sdk/src/rp2_common/pico_standard_binary_info/standard_binary_info.c.o
LOAD CMakeFiles/miniusb_hid.dir/usr/share/pico-sdk/src/rp2_common/pico_printf/printf.c.o
LOAD CMakeFiles/miniusb_hid.dir/usr/share/pico-sdk/src/rp2_common/pico_crt0/crt0.S.o
LOAD CMakeFiles/miniusb_hid.dir/usr/share/pico-sdk/src/rp2_common/pico_clib_interface/newlib_interface.c.o
LOAD CMakeFiles/miniusb_hid.dir/usr/share/pico-sdk/src/rp2_common/pico_stdio/stdio.c.o
LOAD CMakeFiles/miniusb_hid.dir/usr/share/pico-sdk/src/rp2_common/pico_stdio_uart/stdio_uart.c.o
LOAD CMakeFiles/miniusb_hid.dir/usr/share/pico-sdk/lib/tinyusb/src/portable/raspberrypi/rp2040/dcd_rp2040.c.o
LOAD CMakeFiles/miniusb_hid.dir/usr/share/pico-sdk/lib/tinyusb/src/portable/raspberrypi/rp2040/rp2040_usb.c.o
LOAD CMakeFiles/miniusb_hid.dir/usr/share/pico-sdk/lib/tinyusb/src/device/usbd.c.o
LOAD CMakeFiles/miniusb_hid.dir/usr/share/pico-sdk/lib/tinyusb/src/device/usbd_control.c.o
LOAD CMakeFiles/miniusb_hid.dir/usr/share/pico-sdk/lib/tinyusb/src/class/audio/audio_device.c.o
LOAD CMakeFiles/miniusb_hid.dir/usr/share/pico-sdk/lib/tinyusb/src/class/cdc/cdc_device.c.o
LOAD CMakeFiles/miniusb_hid.dir/usr/share/pico-sdk/lib/tinyusb/src/class/dfu/dfu_device.c.o
LOAD CMakeFiles/miniusb_hid.dir/usr/share/pico-sdk/lib/tinyusb/src/class/dfu/dfu_rt_device.c.o
LOAD CMakeFiles/miniusb_hid.dir/usr/share/pico-sdk/lib/tinyusb/src/class/hid/hid_device.c.o
LOAD CMakeFiles/miniusb_hid.dir/usr/share/pico-sdk/lib/tinyusb/src/class/midi/midi_device.c.o
LOAD CMakeFiles/miniusb_hid.dir/usr/share/pico-sdk/lib/tinyusb/src/class/msc/msc_device.c.o
LOAD CMakeFiles/miniusb_hid.dir/usr/share/pico-sdk/lib/tinyusb/src/class/net/ecm_rndis_device.c.o
LOAD CMakeFiles/miniusb_hid.dir/usr/share/pico-sdk/lib/tinyusb/src/class/net/ncm_device.c.o
LOAD CMakeFiles/miniusb_hid.dir/usr/share/pico-sdk/lib/tinyusb/src/class/usbtmc/usbtmc_device.c.o
LOAD CMakeFiles/miniusb_hid.dir/usr/share/pico-sdk/lib/tinyusb/src/class/vendor/vendor_device.c.o
LOAD CMakeFiles/miniusb_hid.dir/usr/share/pico-sdk/lib/tinyusb/src/class/video/video_device.c.o
LOAD CMakeFiles/miniusb_hid.dir/usr/share/pico-sdk/lib/tinyusb/src/tusb.c.o
LOAD CMakeFiles/miniusb_hid.dir/usr/share/pico-sdk/lib/tinyusb/src/common/tusb_fifo.c.o
LOAD CMakeFiles/miniusb_hid.dir/usr/share/pico-sdk/src/rp2_common/pico_fix/rp2040_usb_device_enumeration/rp2040_usb_device_enumeration.c.o
LOAD CMakeFiles/miniusb_hid.dir/usr/share/pico-sdk/lib/tinyusb/hw/bsp/rp2040/family.c.o
LOAD CMakeFiles/miniusb_hid.dir/usr/share/pico-sdk/src/rp2_common/pico_unique_id/unique_id.c.o
LOAD CMakeFiles/miniusb_hid.dir/usr/share/pico-sdk/src/rp2_common/hardware_flash/flash.c.o
LOAD CMakeFiles/miniusb_hid.dir/usr/share/pico-sdk/src/rp2_common/hardware_xip_cache/xip_cache.c.o
LOAD CMakeFiles/miniusb_hid.dir/usr/share/pico-sdk/src/rp2_common/hardware_pio/pio.c.o
LOAD pico-sdk/src/rp2040/boot_stage2/CMakeFiles/bs2_default_library.dir/bs2_default_padded_checksummed.S.o
LOAD /usr/lib/gcc/arm-none-eabi/14.2.0/../../../../arm-none-eabi/lib/thumb/v6-m/nofp/libstdc++.a
LOAD /usr/lib/gcc/arm-none-eabi/14.2.0/../../../../arm-none-eabi/lib/thumb/v6-m/nofp/libm.a
START GROUP
LOAD /usr/lib/gcc/arm-none-eabi/14.2.0/thumb/v6-m/nofp/libgcc.a
LOAD /usr/lib/gcc/arm-none-eabi/14.2.0/../../../../arm-none-eabi/lib/thumb/v6-m/nofp/libg.a
LOAD /usr/lib/gcc/arm-none-eabi/14.2.0/../../../../arm-none-eabi/lib/thumb/v6-m/nofp/libc.a
END GROUP
START GROUP
LOAD /usr/lib/gcc/arm-none-eabi/14.2.0/thumb/v6-m/nofp/libgcc.a
LOAD /usr/lib/gcc/arm-none-eabi/14.2.0/../../../../arm-none-eabi/lib/thumb/v6-m/nofp/libc.a
LOAD /usr/lib/gcc/arm-none-eabi/14.2.0/../../../../arm-none-eabi/lib/thumb/v6-m/nofp/libnosys.a
END GROUP
LOAD /usr/lib/gcc/arm-none-eabi/14.2.0/thumb/v6-m/nofp/crtend.o
LOAD /usr/lib/gcc/arm-none-eabi/14.2.0/thumb/v6-m/nofp/crtn.o
OUTPUT(miniusb_hid.elf elf32-littlearm)
LOAD linker stubs

.ARM.attributes
                0x00000000       0x28
 .ARM.attributes
                0x00000000       0x1e /usr/lib/gcc/arm-none-eabi/14.2.0/thumb/v6-m/nofp/crti.o
 .ARM.attributes
                0x0000001e       0x2c /usr/lib/gcc/arm-none-eabi/14.2.0/thumb/v6-m/nofp/crtbegin.o
 .ARM.attributes
                0x0000004a       0x2c CMakeFiles/miniusb_hid.dir/main.c.o
 .ARM.attributes
                0x00000076       0x2c CMakeFiles/miniusb_hid.dir/usb_descriptors.c.o
 .ARM.attributes
                0x000000a2       0x2c CMakeFiles/miniusb_hid.dir/usr/share/pico-sdk/src/rp2_common/hardware_gpio/gpio.c.o
 .ARM.attributes
                0x000000ce       0x2c CMakeFiles/miniusb_hid.dir/usr/share/pico-sdk/src/rp2040/pico_platform/platform.c.o
 .ARM.attributes
                0x000000fa       0x2c CMakeFiles/miniusb_hid.dir/usr/share/pico-sdk/src/rp2_common/pico_platform_panic/panic.c.o
 .ARM.attributes
                0x00000126       0x2c CMakeFiles/miniusb_hid.dir/usr/share/pico-sdk/src/common/hardware_claim/claim.c.o
 .ARM.attributes
                0x00000152       0x2c CMakeFiles/miniusb_hid.dir/usr/share/pico-sdk/src/rp2_common/hardware_sync/sync.c.o
 .ARM.attributes
                0x0000017e       0x2c CMakeFiles/miniusb_hid.dir/usr/share/pico-sdk/src/rp2_common/hardware_sync_spin_lock/sync_spin_lock.c.o
 .ARM.attributes
                0x000001aa       0x2c CMakeFiles/miniusb_hid.dir/usr/share/pico-sdk/src/rp2_common/hardware_irq/irq.c.o
 .ARM.attributes
                0x000001d6       0x22 CMakeFiles/miniusb_hid.dir/usr/share/pico-sdk/src/rp2_common/hardware_irq/irq_handler_chain.S.o
 .ARM.attributes
                0x000001f8       0x2c CMakeFiles/miniusb_hid.dir/usr/share/pico-sdk/src/common/pico_sync/lock_core.c.o
 .ARM.attributes
                0x00000224       0x2c CMakeFiles/miniusb_hid.dir/usr/share/pico-sdk/src/common/pico_sync/mutex.c.o
 .ARM.attributes
                0x00000250       0x2c CMakeFiles/miniusb_hid.dir/usr/share/pico-sdk/src/common/pico_sync/critical_section.c.o
 .ARM.attributes
                0x0000027c       0x2c CMakeFiles/miniusb_hid.dir/usr/share/pico-sdk/src/common/pico_time/time.c.o
 .ARM.attributes
                0x000002a8       0x2c CMakeFiles/miniusb_hid.dir/usr/share/pico-sdk/src/rp2_common/hardware_timer/timer.c.o
 .ARM.attributes
                0x000002d4       0x2c CMakeFiles/miniusb_hid.dir/usr/share/pico-sdk/src/rp2_common/hardware_uart/uart.c.o
 .ARM.attributes
                0x00000300       0x2c CMakeFiles/miniusb_hid.dir/usr/share/pico-sdk/src/rp2_common/hardware_clocks/clocks.c.o
 .ARM.attributes
                0x0000032c       0x2c CMakeFiles/miniusb_hid.dir/usr/share/pico-sdk/src/rp2_common/hardware_pll/pll.c.o
 .ARM.attributes
                0x00000358       0x2c CMakeFiles/miniusb_hid.dir/usr/share/pico-sdk/src/rp2_common/hardware_ticks/ticks.c.o
 .ARM.attributes
                0x00000384       0x2c CMakeFiles/miniusb_hid.dir/usr/share/pico-sdk/src/rp2_common/pico_bootrom/bootrom.c.o
 .ARM.attributes
                0x000003b0       0x2c CMakeFiles/miniusb_hid.dir/usr/share/pico-sdk/src/rp2_common/hardware_xosc/xosc.c.o
 .ARM.attributes
                0x000003dc       0x2c CMakeFiles/miniusb_hid.dir/usr/share/pico-sdk/src/rp2_common/pico_runtime/runtime.c.o
 .ARM.attributes
                0x00000408       0x2c CMakeFiles/miniusb_hid.dir/usr/share/pico-sdk/src/rp2_common/pico_runtime_init/runtime_init.c.o
 .ARM.attributes
                0x00000434       0x2c CMakeFiles/miniusb_hid.dir/usr/share/pico-sdk/src/rp2_common/pico_runtime_init/runtime_init_clocks.c.o
 .ARM.attributes
                0x00000460       0x22 CMakeFiles/miniusb_hid.dir/usr/share/pico-sdk/src/rp2_common/pico_bit_ops/bit_ops_aeabi.S.o
 .ARM.attributes
                0x00000482       0x22 CMakeFiles/miniusb_hid.dir/usr/share/pico-sdk/src/rp2_common/pico_divider/divider_hardware.S.o
 .ARM.attributes
                0x000004a4       0x22 CMakeFiles/miniusb_hid.dir/usr/share/pico-sdk/src/rp2_common/pico_double/double_aeabi_rp2040.S.o
 .ARM.attributes
                0x000004c6       0x2c CMakeFiles/miniusb_hid.dir/usr/share/pico-sdk/src/rp2_common/pico_double/double_init_rom_rp2040.c.o
 .ARM.attributes
                0x000004f2       0x22 CMakeFiles/miniusb_hid.dir/usr/share/pico-sdk/src/rp2_common/pico_double/double_v1_rom_shim_rp2040.S.o
 .ARM.attributes
                0x00000514       0x22 CMakeFiles/miniusb_hid.dir/usr/share/pico-sdk/src/rp2_common/pico_int64_ops/pico_int64_ops_aeabi.S.o
 .ARM.attributes
                0x00000536       0x22 CMakeFiles/miniusb_hid.dir/usr/share/pico-sdk/src/rp2_common/pico_float/float_aeabi_rp2040.S.o
 .ARM.attributes
                0x00000558       0x2c CMakeFiles/miniusb_hid.dir/usr/share/pico-sdk/src/rp2_common/pico_float/float_init_rom_rp2040.c.o
 .ARM.attributes
                0x00000584       0x22 CMakeFiles/miniusb_hid.dir/usr/share/pico-sdk/src/rp2_common/pico_float/float_v1_rom_shim_rp2040.S.o
 .ARM.attributes
                0x000005a6       0x22 CMakeFiles/miniusb_hid.dir/usr/share/pico-sdk/src/rp2_common/pico_mem_ops/mem_ops_aeabi.S.o
 .ARM.attributes
                0x000005c8       0x2c CMakeFiles/miniusb_hid.dir/usr/share/pico-sdk/src/rp2_common/pico_standard_binary_info/standard_binary_info.c.o
 .ARM.attributes
                0x000005f4       0x2c CMakeFiles/miniusb_hid.dir/usr/share/pico-sdk/src/rp2_common/pico_printf/printf.c.o
 .ARM.attributes
                0x00000620       0x22 CMakeFiles/miniusb_hid.dir/usr/share/pico-sdk/src/rp2_common/pico_crt0/crt0.S.o
 .ARM.attributes
                0x00000642       0x2c CMakeFiles/miniusb_hid.dir/usr/share/pico-sdk/src/rp2_common/pico_clib_interface/newlib_interface.c.o
 .ARM.attributes
                0x0000066e       0x2c CMakeFiles/miniusb_hid.dir/usr/share/pico-sdk/src/rp2_common/pico_stdio/stdio.c.o
 .ARM.attributes
                0x0000069a       0x2c CMakeFiles/miniusb_hid.dir/usr/share/pico-sdk/src/rp2_common/pico_stdio_uart/stdio_uart.c.o
 .ARM.attributes
                0x000006c6       0x2c CMakeFiles/miniusb_hid.dir/usr/share/pico-sdk/lib/tinyusb/src/portable/raspberrypi/rp2040/dcd_rp2040.c.o
 .ARM.attributes
                0x000006f2       0x2c CMakeFiles/miniusb_hid.dir/usr/share/pico-sdk/lib/tinyusb/src/portable/raspberrypi/rp2040/rp2040_usb.c.o
 .ARM.attributes
                0x0000071e       0x2c CMakeFiles/miniusb_hid.dir/usr/share/pico-sdk/lib/tinyusb/src/device/usbd.c.o
 .ARM.attributes
                0x0000074a       0x2c CMakeFiles/miniusb_hid.dir/usr/share/pico-sdk/lib/tinyusb/src/device/usbd_control.c.o
 .ARM.attributes
                0x00000776       0x2c CMakeFiles/miniusb_hid.dir/usr/share/pico-sdk/lib/tinyusb/src/class/hid/hid_device.c.o
 .ARM.attributes
                0x000007a2       0x2c CMakeFiles/miniusb_hid.dir/usr/share/pico-sdk/lib/tinyusb/src/tusb.c.o
 .ARM.attributes
                0x000007ce       0x2c CMakeFiles/miniusb_hid.dir/usr/share/pico-sdk/lib/tinyusb/src/common/tusb_fifo.c.o
 .ARM.attributes
                0x000007fa       0x2c CMakeFiles/miniusb_hid.dir/usr/share/pico-sdk/lib/tinyusb/hw/bsp/rp2040/family.c.o
 .ARM.attributes
                0x00000826       0x2c CMakeFiles/miniusb_hid.dir/usr/share/pico-sdk/src/rp2_common/pico_unique_id/unique_id.c.o
 .ARM.attributes
                0x00000852       0x2c CMakeFiles/miniusb_hid.dir/usr/share/pico-sdk/src/rp2_common/hardware_flash/flash.c.o
 .ARM.attributes
                0x0000087e       0x2c CMakeFiles/miniusb_hid.dir/usr/share/pico-sdk/src/rp2_common/hardware_pio/pio.c.o
 .ARM.attributes
                0x000008aa       0x22 pico-sdk/src/rp2040/boot_stage2/CMakeFiles/bs2_default_library.dir/bs2_default_padded_checksummed.S.o
 .ARM.attributes
                0x000008cc       0x1e /usr/lib/gcc/arm-none-eabi/14.2.0/thumb/v6-m/nofp/libgcc.a(_dvmd_tls.o)
 .ARM.attributes
                0x000008ea       0x2c /usr/lib/gcc/arm-none-eabi/14.2.0/../../../../arm-none-eabi/lib/thumb/v6-m/nofp/libg.a(libc_a-atexit.o)
 .ARM.attributes
                0x00000916       0x2c /usr/lib/gcc/arm-none-eabi/14.2.0/../../../../arm-none-eabi/lib/thumb/v6-m/nofp/libg.a(libc_a-fini.o)
 .ARM.attributes
                0x00000942       0x2c /usr/lib/gcc/arm-none-eabi/14.2.0/../../../../arm-none-eabi/lib/thumb/v6-m/nofp/libg.a(libc_a-lock.o)
 .ARM.attributes
                0x0000096e       0x2c /usr/lib/gcc/arm-none-eabi/14.2.0/../../../../arm-none-eabi/lib/thumb/v6-m/nofp/libg.a(libc_a-strlen-stub.o)
 .ARM.attributes
                0x0000099a       0x2c /usr/lib/gcc/arm-none-eabi/14.2.0/../../../../arm-none-eabi/lib/thumb/v6-m/nofp/libg.a(libc_a-__atexit.o)
 .ARM.attributes
                0x000009c6       0x2c /usr/lib/gcc/arm-none-eabi/14.2.0/../../../../arm-none-eabi/lib/thumb/v6-m/nofp/libg.a(libc_a-__call_atexit.o)

.comment        0x00000000       0x1e
 .comment       0x00000000       0x1e CMakeFiles/miniusb_hid.dir/main.c.o
                                 0x1f (size before relaxing)
 .comment       0x0000001e       0x1f CMakeFiles/miniusb_hid.dir/usb_descriptors.c.o
 .comment       0x0000001e       0x1f CMakeFiles/miniusb_hid.dir/usr/share/pico-sdk/src/rp2_common/hardware_gpio/gpio.c.o
 .comment       0x0000001e       0x1f CMakeFiles/miniusb_hid.dir/usr/share/pico-sdk/src/rp2040/pico_platform/platform.c.o
 .comment       0x0000001e       0x1f CMakeFiles/miniusb_hid.dir/usr/share/pico-sdk/src/rp2_common/pico_platform_panic/panic.c.o
 .comment       0x0000001e       0x1f CMakeFiles/miniusb_hid.dir/usr/share/pico-sdk/src/common/hardware_claim/claim.c.o
 .comment       0x0000001e       0x1f CMakeFiles/miniusb_hid.dir/usr/share/pico-sdk/src/rp2_common/hardware_sync/sync.c.o
 .comment       0x0000001e       0x1f CMakeFiles/miniusb_hid.dir/usr/share/pico-sdk/src/rp2_common/hardware_sync_spin_lock/sync_spin_lock.c.o
 .comment       0x0000001e       0x1f CMakeFiles/miniusb_hid.dir/usr/share/pico-sdk/src/rp2_common/hardware_irq/irq.c.o
 .comment       0x0000001e       0x1f CMakeFiles/miniusb_hid.dir/usr/share/pico-sdk/src/common/pico_sync/lock_core.c.o
 .comment       0x0000001e       0x1f CMakeFiles/miniusb_hid.dir/usr/share/pico-sdk/src/common/pico_sync/mutex.c.o
 .comment       0x0000001e       0x1f CMakeFiles/miniusb_hid.dir/usr/share/pico-sdk/src/common/pico_sync/critical_section.c.o
 .comment       0x0000001e       0x1f CMakeFiles/miniusb_hid.dir/usr/share/pico-sdk/src/common/pico_time/time.c.o
 .comment       0x0000001e       0x1f CMakeFiles/miniusb_hid.dir/usr/share/pico-sdk/src/rp2_common/hardware_timer/timer.c.o
 .comment       0x0000001e       0x1f CMakeFiles/miniusb_hid.dir/usr/share/pico-sdk/src/rp2_common/hardware_uart/uart.c.o
 .comment       0x0000001e       0x1f CMakeFiles/miniusb_hid.dir/usr/share/pico-sdk/src/rp2_common/hardware_clocks/clocks.c.o
 .comment       0x0000001e       0x1f CMakeFiles/miniusb_hid.dir/usr/share/pico-sdk/src/rp2_common/hardware_pll/pll.c.o
 .comment       0x0000001e       0x1f CMakeFiles/miniusb_hid.dir/usr/share/pico-sdk/src/rp2_common/hardware_ticks/ticks.c.o
 .comment       0x0000001e       0x1f CMakeFiles/miniusb_hid.dir/usr/share/pico-sdk/src/rp2_common/pico_bootrom/bootrom.c.o
 .comment       0x0000001e       0x1f CMakeFiles/miniusb_hid.dir/usr/share/pico-sdk/src/rp2_common/hardware_xosc/xosc.c.o
 .comment       0x0000001e       0x1f CMakeFiles/miniusb_hid.dir/usr/share/pico-sdk/src/rp2_common/pico_runtime/runtime.c.o
 .comment       0x0000001e       0x1f CMakeFiles/miniusb_hid.dir/usr/share/pico-sdk/src/rp2_common/pico_runtime_init/runtime_init.c.o
 .comment       0x0000001e       0x1f CMakeFiles/miniusb_hid.dir/usr/share/pico-sdk/src/rp2_common/pico_runtime_init/runtime_init_clocks.c.o
 .comment       0x0000001e       0x1f CMakeFiles/miniusb_hid.dir/usr/share/pico-sdk/src/rp2_common/pico_double/double_init_rom_rp2040.c.o
 .comment       0x0000001e       0x1f CMakeFiles/miniusb_hid.dir/usr/share/pico-sdk/src/rp2_common/pico_float/float_init_rom_rp2040.c.o
 .comment       0x0000001e       0x1f CMakeFiles/miniusb_hid.dir/usr/share/pico-sdk/src/rp2_common/pico_standard_binary_info/standard_binary_info.c.o
 .comment       0x0000001e       0x1f CMakeFiles/miniusb_hid.dir/usr/share/pico-sdk/src/rp2_common/pico_printf/printf.c.o
 .comment       0x0000001e       0x1f CMakeFiles/miniusb_hid.dir/usr/share/pico-sdk/src/rp2_common/pico_clib_interface/newlib_interface.c.o
 .comment       0x0000001e       0x1f CMakeFiles/miniusb_hid.dir/usr/share/pico-sdk/src/rp2_common/pico_stdio/stdio.c.o
 .comment       0x0000001e       0x1f CMakeFiles/miniusb_hid.dir/usr/share/pico-sdk/src/rp2_common/pico_stdio_uart/stdio_uart.c.o
 .comment       0x0000001e       0x1f CMakeFiles/miniusb_hid.dir/usr/share/pico-sdk/lib/tinyusb/src/portable/raspberrypi/rp2040/dcd_rp2040.c.o
 .comment       0x0000001e       0x1f CMakeFiles/miniusb_hid.dir/usr/share/pico-sdk/lib/tinyusb/src/portable/raspberrypi/rp2040/rp2040_usb.c.o
 .comment       0x0000001e       0x1f CMakeFiles/miniusb_hid.dir/usr/share/pico-sdk/lib/tinyusb/src/device/usbd.c.o
 .comment       0x0000001e       0x1f CMakeFiles/miniusb_hid.dir/usr/share/pico-sdk/lib/tinyusb/src/device/usbd_control.c.o
 .comment       0x0000001e       0x1f CMakeFiles/miniusb_hid.dir/usr/share/pico-sdk/lib/tinyusb/src/class/hid/hid_device.c.o
 .comment       0x0000001e       0x1f CMakeFiles/miniusb_hid.dir/usr/share/pico-sdk/lib/tinyusb/src/tusb.c.o
 .comment       0x0000001e       0x1f CMakeFiles/miniusb_hid.dir/usr/share/pico-sdk/lib/tinyusb/src/common/tusb_fifo.c.o
 .comment       0x0000001e       0x1f CMakeFiles/miniusb_hid.dir/usr/share/pico-sdk/lib/tinyusb/hw/bsp/rp2040/family.c.o
 .comment       0x0000001e       0x1f CMakeFiles/miniusb_hid.dir/usr/share/pico-sdk/src/rp2_common/pico_unique_id/unique_id.c.o
 .comment       0x0000001e       0x1f CMakeFiles/miniusb_hid.dir/usr/share/pico-sdk/src/rp2_common/hardware_flash/flash.c.o
 .comment       0x0000001e       0x1f CMakeFiles/miniusb_hid.dir/usr/share/pico-sdk/src/rp2_common/hardware_pio/pio.c.o
 .comment       0x0000001e       0x1f /usr/lib/gcc/arm-none-eabi/14.2.0/../../../../arm-none-eabi/lib/thumb/v6-m/nofp/libg.a(libc_a-atexit.o)